Archive member included to satisfy reference by file (symbol)

c:/st/stm32cubeide_1.11.0/stm32cubeide/plugins/com.st.stm32cube.ide.mcu.externaltools.gnu-tools-for-stm32.10.3-2021.10.win32_1.0.100.202210260954/tools/bin/../lib/gcc/arm-none-eabi/10.3.1/../../../../arm-none-eabi/lib/thumb/v7e-m+fp/hard\libc_nano.a(lib_a-atoi.o)
                              ./Core/Src/uart_driver.o (atoi)
c:/st/stm32cubeide_1.11.0/stm32cubeide/plugins/com.st.stm32cube.ide.mcu.externaltools.gnu-tools-for-stm32.10.3-2021.10.win32_1.0.100.202210260954/tools/bin/../lib/gcc/arm-none-eabi/10.3.1/../../../../arm-none-eabi/lib/thumb/v7e-m+fp/hard\libc_nano.a(lib_a-errno.o)
                              ./Core/Src/syscalls.o (__errno)
c:/st/stm32cubeide_1.11.0/stm32cubeide/plugins/com.st.stm32cube.ide.mcu.externaltools.gnu-tools-for-stm32.10.3-2021.10.win32_1.0.100.202210260954/tools/bin/../lib/gcc/arm-none-eabi/10.3.1/../../../../arm-none-eabi/lib/thumb/v7e-m+fp/hard\libc_nano.a(lib_a-exit.o)
                              c:/st/stm32cubeide_1.11.0/stm32cubeide/plugins/com.st.stm32cube.ide.mcu.externaltools.gnu-tools-for-stm32.10.3-2021.10.win32_1.0.100.202210260954/tools/bin/../lib/gcc/arm-none-eabi/10.3.1/../../../../arm-none-eabi/lib/thumb/v7e-m+fp/hard/crt0.o (exit)
c:/st/stm32cubeide_1.11.0/stm32cubeide/plugins/com.st.stm32cube.ide.mcu.externaltools.gnu-tools-for-stm32.10.3-2021.10.win32_1.0.100.202210260954/tools/bin/../lib/gcc/arm-none-eabi/10.3.1/../../../../arm-none-eabi/lib/thumb/v7e-m+fp/hard\libc_nano.a(lib_a-impure.o)
                              c:/st/stm32cubeide_1.11.0/stm32cubeide/plugins/com.st.stm32cube.ide.mcu.externaltools.gnu-tools-for-stm32.10.3-2021.10.win32_1.0.100.202210260954/tools/bin/../lib/gcc/arm-none-eabi/10.3.1/../../../../arm-none-eabi/lib/thumb/v7e-m+fp/hard\libc_nano.a(lib_a-exit.o) (_global_impure_ptr)
c:/st/stm32cubeide_1.11.0/stm32cubeide/plugins/com.st.stm32cube.ide.mcu.externaltools.gnu-tools-for-stm32.10.3-2021.10.win32_1.0.100.202210260954/tools/bin/../lib/gcc/arm-none-eabi/10.3.1/../../../../arm-none-eabi/lib/thumb/v7e-m+fp/hard\libc_nano.a(lib_a-init.o)
                              c:/st/stm32cubeide_1.11.0/stm32cubeide/plugins/com.st.stm32cube.ide.mcu.externaltools.gnu-tools-for-stm32.10.3-2021.10.win32_1.0.100.202210260954/tools/bin/../lib/gcc/arm-none-eabi/10.3.1/../../../../arm-none-eabi/lib/thumb/v7e-m+fp/hard/crt0.o (__libc_init_array)
c:/st/stm32cubeide_1.11.0/stm32cubeide/plugins/com.st.stm32cube.ide.mcu.externaltools.gnu-tools-for-stm32.10.3-2021.10.win32_1.0.100.202210260954/tools/bin/../lib/gcc/arm-none-eabi/10.3.1/../../../../arm-none-eabi/lib/thumb/v7e-m+fp/hard\libc_nano.a(lib_a-memcpy-stub.o)
                              ./Core/Src/TOF_manager.o (memcpy)
c:/st/stm32cubeide_1.11.0/stm32cubeide/plugins/com.st.stm32cube.ide.mcu.externaltools.gnu-tools-for-stm32.10.3-2021.10.win32_1.0.100.202210260954/tools/bin/../lib/gcc/arm-none-eabi/10.3.1/../../../../arm-none-eabi/lib/thumb/v7e-m+fp/hard\libc_nano.a(lib_a-memset.o)
                              c:/st/stm32cubeide_1.11.0/stm32cubeide/plugins/com.st.stm32cube.ide.mcu.externaltools.gnu-tools-for-stm32.10.3-2021.10.win32_1.0.100.202210260954/tools/bin/../lib/gcc/arm-none-eabi/10.3.1/../../../../arm-none-eabi/lib/thumb/v7e-m+fp/hard/crt0.o (memset)
c:/st/stm32cubeide_1.11.0/stm32cubeide/plugins/com.st.stm32cube.ide.mcu.externaltools.gnu-tools-for-stm32.10.3-2021.10.win32_1.0.100.202210260954/tools/bin/../lib/gcc/arm-none-eabi/10.3.1/../../../../arm-none-eabi/lib/thumb/v7e-m+fp/hard\libc_nano.a(lib_a-sprintf.o)
                              ./Core/Src/main.o (sprintf)
c:/st/stm32cubeide_1.11.0/stm32cubeide/plugins/com.st.stm32cube.ide.mcu.externaltools.gnu-tools-for-stm32.10.3-2021.10.win32_1.0.100.202210260954/tools/bin/../lib/gcc/arm-none-eabi/10.3.1/../../../../arm-none-eabi/lib/thumb/v7e-m+fp/hard\libc_nano.a(lib_a-strcpy.o)
                              ./Core/Src/mazemanager.o (strcpy)
c:/st/stm32cubeide_1.11.0/stm32cubeide/plugins/com.st.stm32cube.ide.mcu.externaltools.gnu-tools-for-stm32.10.3-2021.10.win32_1.0.100.202210260954/tools/bin/../lib/gcc/arm-none-eabi/10.3.1/../../../../arm-none-eabi/lib/thumb/v7e-m+fp/hard\libc_nano.a(lib_a-strlen.o)
                              ./Core/Src/main.o (strlen)
c:/st/stm32cubeide_1.11.0/stm32cubeide/plugins/com.st.stm32cube.ide.mcu.externaltools.gnu-tools-for-stm32.10.3-2021.10.win32_1.0.100.202210260954/tools/bin/../lib/gcc/arm-none-eabi/10.3.1/../../../../arm-none-eabi/lib/thumb/v7e-m+fp/hard\libc_nano.a(lib_a-strtol.o)
                              c:/st/stm32cubeide_1.11.0/stm32cubeide/plugins/com.st.stm32cube.ide.mcu.externaltools.gnu-tools-for-stm32.10.3-2021.10.win32_1.0.100.202210260954/tools/bin/../lib/gcc/arm-none-eabi/10.3.1/../../../../arm-none-eabi/lib/thumb/v7e-m+fp/hard\libc_nano.a(lib_a-atoi.o) (_strtol_r)
[...]
Memory Configuration

Name             Origin             Length             Attributes
RAM              0x0000000020000000 0x0000000000020000 xrw
FLASH            0x0000000008000000 0x0000000000080000 xr
*default*        0x0000000000000000 0xffffffffffffffff

Linker script and memory map

LOAD c:/st/stm32cubeide_1.11.0/stm32cubeide/plugins/com.st.stm32cube.ide.mcu.externaltools.gnu-tools-for-stm32.10.3-2021.10.win32_1.0.100.202210260954/tools/bin/../lib/gcc/arm-none-eabi/10.3.1/thumb/v7e-m+fp/hard/crti.o
LOAD c:/st/stm32cubeide_1.11.0/stm32cubeide/plugins/com.st.stm32cube.ide.mcu.externaltools.gnu-tools-for-stm32.10.3-2021.10.win32_1.0.100.202210260954/tools/bin/../lib/gcc/arm-none-eabi/10.3.1/thumb/v7e-m+fp/hard/crtbegin.o
LOAD c:/st/stm32cubeide_1.11.0/stm32cubeide/plugins/com.st.stm32cube.ide.mcu.externaltools.gnu-tools-for-stm32.10.3-2021.10.win32_1.0.100.202210260954/tools/bin/../lib/gcc/arm-none-eabi/10.3.1/../../../../arm-none-eabi/lib/thumb/v7e-m+fp/hard/crt0.o
LOAD ./Core/Src/TOF_manager.o
LOAD ./Core/Src/globals.o
LOAD ./Core/Src/main.o
LOAD ./Core/Src/mazemanager.o
LOAD ./Core/Src/motor_control.o
LOAD ./Core/Src/stm32f4xx_hal_msp.o
LOAD ./Core/Src/stm32f4xx_it.o
LOAD ./Core/Src/syscalls.o
LOAD ./Core/Src/sysmem.o
LOAD ./Core/Src/system_stm32f4xx.o
LOAD ./Core/Src/uart_driver.o
LOAD ./Core/Startup/startup_stm32f411ceux.o
LOAD ./Drivers/STM32F4xx_HAL_Driver/stm32f4xx_hal.o
LOAD ./Drivers/STM32F4xx_HAL_Driver/stm32f4xx_hal_adc.o
LOAD ./Drivers/STM32F4xx_HAL_Driver/stm32f4xx_hal_adc_ex.o
LOAD ./Drivers/STM32F4xx_HAL_Driver/stm32f4xx_hal_cortex.o
LOAD ./Drivers/STM32F4xx_HAL_Driver/stm32f4xx_hal_dma.o
LOAD ./Drivers/STM32F4xx_HAL_Driver/stm32f4xx_hal_dma_ex.o
LOAD ./Drivers/STM32F4xx_HAL_Driver/stm32f4xx_hal_exti.o
LOAD ./Drivers/STM32F4xx_HAL_Driver/stm32f4xx_hal_flash.o
LOAD ./Drivers/STM32F4xx_HAL_Driver/stm32f4xx_hal_flash_ex.o
LOAD ./Drivers/STM32F4xx_HAL_Driver/stm32f4xx_hal_flash_ramfunc.o
LOAD ./Drivers/STM32F4xx_HAL_Driver/stm32f4xx_hal_gpio.o
LOAD ./Drivers/STM32F4xx_HAL_Driver/stm32f4xx_hal_i2c.o
LOAD ./Drivers/STM32F4xx_HAL_Driver/stm32f4xx_hal_i2c_ex.o
LOAD ./Drivers/STM32F4xx_HAL_Driver/stm32f4xx_hal_pwr.o
LOAD ./Drivers/STM32F4xx_HAL_Driver/stm32f4xx_hal_pwr_ex.o
LOAD ./Drivers/STM32F4xx_HAL_Driver/stm32f4xx_hal_rcc.o
LOAD ./Drivers/STM32F4xx_HAL_Driver/stm32f4xx_hal_rcc_ex.o
LOAD ./Drivers/STM32F4xx_HAL_Driver/stm32f4xx_hal_spi.o
LOAD ./Drivers/STM32F4xx_HAL_Driver/stm32f4xx_hal_tim.o
LOAD ./Drivers/STM32F4xx_HAL_Driver/stm32f4xx_hal_tim_ex.o
LOAD ./Drivers/STM32F4xx_HAL_Driver/stm32f4xx_hal_uart.o
LOAD ./Drivers/STM32F4xx_HAL_Driver/stm32f4xx_ll_adc.o
START GROUP
LOAD c:/st/stm32cubeide_1.11.0/stm32cubeide/plugins/com.st.stm32cube.ide.mcu.externaltools.gnu-tools-for-stm32.10.3-2021.10.win32_1.0.100.202210260954/tools/bin/../lib/gcc/arm-none-eabi/10.3.1/../../../../arm-none-eabi/lib/thumb/v7e-m+fp/hard\libc_nano.a
LOAD c:/st/stm32cubeide_1.11.0/stm32cubeide/plugins/com.st.stm32cube.ide.mcu.externaltools.gnu-tools-for-stm32.10.3-2021.10.win32_1.0.100.202210260954/tools/bin/../lib/gcc/arm-none-eabi/10.3.1/../../../../arm-none-eabi/lib/thumb/v7e-m+fp/hard\libm.a
END GROUP
START GROUP
LOAD c:/st/stm32cubeide_1.11.0/stm32cubeide/plugins/com.st.stm32cube.ide.mcu.externaltools.gnu-tools-for-stm32.10.3-2021.10.win32_1.0.100.202210260954/tools/bin/../lib/gcc/arm-none-eabi/10.3.1/thumb/v7e-m+fp/hard\libgcc.a
LOAD c:/st/stm32cubeide_1.11.0/stm32cubeide/plugins/com.st.stm32cube.ide.mcu.externaltools.gnu-tools-for-stm32.10.3-2021.10.win32_1.0.100.202210260954/tools/bin/../lib/gcc/arm-none-eabi/10.3.1/../../../../arm-none-eabi/lib/thumb/v7e-m+fp/hard\libc_nano.a
END GROUP
START GROUP
LOAD c:/st/stm32cubeide_1.11.0/stm32cubeide/plugins/com.st.stm32cube.ide.mcu.externaltools.gnu-tools-for-stm32.10.3-2021.10.win32_1.0.100.202210260954/tools/bin/../lib/gcc/arm-none-eabi/10.3.1/thumb/v7e-m+fp/hard\libgcc.a
LOAD c:/st/stm32cubeide_1.11.0/stm32cubeide/plugins/com.st.stm32cube.ide.mcu.externaltools.gnu-tools-for-stm32.10.3-2021.10.win32_1.0.100.202210260954/tools/bin/../lib/gcc/arm-none-eabi/10.3.1/../../../../arm-none-eabi/lib/thumb/v7e-m+fp/hard\libc_nano.a
LOAD c:/st/stm32cubeide_1.11.0/stm32cubeide/plugins/com.st.stm32cube.ide.mcu.externaltools.gnu-tools-for-stm32.10.3-2021.10.win32_1.0.100.202210260954/tools/bin/../lib/gcc/arm-none-eabi/10.3.1/../../../../arm-none-eabi/lib/thumb/v7e-m+fp/hard\libnosys.a
END GROUP
START GROUP
LOAD c:/st/stm32cubeide_1.11.0/stm32cubeide/plugins/com.st.stm32cube.ide.mcu.externaltools.gnu-tools-for-stm32.10.3-2021.10.win32_1.0.100.202210260954/tools/bin/../lib/gcc/arm-none-eabi/10.3.1/thumb/v7e-m+fp/hard\libgcc.a
LOAD c:/st/stm32cubeide_1.11.0/stm32cubeide/plugins/com.st.stm32cube.ide.mcu.externaltools.gnu-tools-for-stm32.10.3-2021.10.win32_1.0.100.202210260954/tools/bin/../lib/gcc/arm-none-eabi/10.3.1/../../../../arm-none-eabi/lib/thumb/v7e-m+fp/hard\libc_nano.a
LOAD c:/st/stm32cubeide_1.11.0/stm32cubeide/plugins/com.st.stm32cube.ide.mcu.externaltools.gnu-tools-for-stm32.10.3-2021.10.win32_1.0.100.202210260954/tools/bin/../lib/gcc/arm-none-eabi/10.3.1/../../../../arm-none-eabi/lib/thumb/v7e-m+fp/hard\libnosys.a
END GROUP
LOAD c:/st/stm32cubeide_1.11.0/stm32cubeide/plugins/com.st.stm32cube.ide.mcu.externaltools.gnu-tools-for-stm32.10.3-2021.10.win32_1.0.100.202210260954/tools/bin/../lib/gcc/arm-none-eabi/10.3.1/thumb/v7e-m+fp/hard/crtend.o
LOAD c:/st/stm32cubeide_1.11.0/stm32cubeide/plugins/com.st.stm32cube.ide.mcu.externaltools.gnu-tools-for-stm32.10.3-2021.10.win32_1.0.100.202210260954/tools/bin/../lib/gcc/arm-none-eabi/10.3.1/thumb/v7e-m+fp/hard/crtn.o
                0x0000000020020000                _estack = (ORIGIN (RAM) + LENGTH (RAM))
                0x0000000000000200                _Min_Heap_Size = 0x200
                0x0000000000000400                _Min_Stack_Size = 0x400

.isr_vector     0x0000000008000000      0x198
                0x0000000008000000                . = ALIGN (0x4)
 *(.isr_vector)
 .isr_vector    0x0000000008000000      0x198 ./Core/Startup/startup_stm32f411ceux.o
                0x0000000008000000                g_pfnVectors
                0x0000000008000198                . = ALIGN (0x4)

.text           0x00000000080001a0     0x68ec
                0x00000000080001a0                . = ALIGN (0x4)
 *(.text)
 .text          0x00000000080001a0       0x40 c:/st/stm32cubeide_1.11.0/stm32cubeide/plugins/com.st.stm32cube.ide.mcu.externaltools.gnu-tools-for-stm32.10.3-2021.10.win32_1.0.100.202210260954/tools/bin/../lib/gcc/arm-none-eabi/10.3.1/thumb/v7e-m+fp/hard/crtbegin.o
 .text          0x00000000080001e0       0x10 c:/st/stm32cubeide_1.11.0/stm32cubeide/plugins/com.st.stm32cube.ide.mcu.externaltools.gnu-tools-for-stm32.10.3-2021.10.win32_1.0.100.202210260954/tools/bin/../lib/gcc/arm-none-eabi/10.3.1/../../../../arm-none-eabi/lib/thumb/v7e-m+fp/hard\libc_nano.a(lib_a-strlen.o)
                0x00000000080001e0                strlen
 .text          0x00000000080001f0       0xa0 c:/st/stm32cubeide_1.11.0/stm32cubeide/plugins/com.st.stm32cube.ide.mcu.externaltools.gnu-tools-for-stm32.10.3-2021.10.win32_1.0.100.202210260954/tools/bin/../lib/gcc/arm-none-eabi/10.3.1/../../../../arm-none-eabi/lib/thumb/v7e-m+fp/hard\libc_nano.a(lib_a-memchr.o)
                0x00000000080001f0                memchr
 .text          0x0000000008000290      0x378 c:/st/stm32cubeide_1.11.0/stm32cubeide/plugins/com.st.stm32cube.ide.mcu.externaltools.gnu-tools-for-stm32.10.3-2021.10.win32_1.0.100.202210260954/tools/bin/../lib/gcc/arm-none-eabi/10.3.1/thumb/v7e-m+fp/hard\libgcc.a(_arm_addsubdf3.o)
                0x0000000008000290                __aeabi_drsub
                0x0000000008000298                __aeabi_dsub
                0x0000000008000298                __subdf3
                0x000000000800029c                __aeabi_dadd
                0x000000000800029c                __adddf3
                0x0000000008000514                __floatunsidf
                0x0000000008000514                __aeabi_ui2d
                0x0000000008000534                __floatsidf
                0x0000000008000534                __aeabi_i2d
                0x0000000008000558                __aeabi_f2d
                0x0000000008000558                __extendsfdf2
                0x000000000800059c                __floatundidf
                0x000000000800059c                __aeabi_ul2d
                0x00000000080005ac                __floatdidf
                0x00000000080005ac                __aeabi_l2d
 .text          0x0000000008000608      0x424 c:/st/stm32cubeide_1.11.0/stm32cubeide/plugins/com.st.stm32cube.ide.mcu.externaltools.gnu-tools-for-stm32.10.3-2021.10.win32_1.0.100.202210260954/tools/bin/../lib/gcc/arm-none-eabi/10.3.1/thumb/v7e-m+fp/hard\libgcc.a(_arm_muldivdf3.o)
                0x0000000008000608                __aeabi_dmul
                0x0000000008000608                __muldf3
                0x000000000800085c                __divdf3
                0x000000000800085c                __aeabi_ddiv
 .text          0x0000000008000a2c       0x50 c:/st/stm32cubeide_1.11.0/stm32cubeide/plugins/com.st.stm32cube.ide.mcu.externaltools.gnu-tools-for-stm32.10.3-2021.10.win32_1.0.100.202210260954/tools/bin/../lib/gcc/arm-none-eabi/10.3.1/thumb/v7e-m+fp/hard\libgcc.a(_arm_fixdfsi.o)
                0x0000000008000a2c                __aeabi_d2iz
                0x0000000008000a2c                __fixdfsi
 .text          0x0000000008000a7c       0x30 c:/st/stm32cubeide_1.11.0/stm32cubeide/plugins/com.st.stm32cube.ide.mcu.externaltools.gnu-tools-for-stm32.10.3-2021.10.win32_1.0.100.202210260954/tools/bin/../lib/gcc/arm-none-eabi/10.3.1/thumb/v7e-m+fp/hard\libgcc.a(_aeabi_uldivmod.o)
                0x0000000008000a7c                __aeabi_uldivmod
 .text          0x0000000008000aac      0x2d0 c:/st/stm32cubeide_1.11.0/stm32cubeide/plugins/com.st.stm32cube.ide.mcu.externaltools.gnu-tools-for-stm32.10.3-2021.10.win32_1.0.100.202210260954/tools/bin/../lib/gcc/arm-none-eabi/10.3.1/thumb/v7e-m+fp/hard\libgcc.a(_udivmoddi4.o)
                0x0000000008000aac                __udivmoddi4
 .text          0x0000000008000d7c        0x4 c:/st/stm32cubeide_1.11.0/stm32cubeide/plugins/com.st.stm32cube.ide.mcu.externaltools.gnu-tools-for-stm32.10.3-2021.10.win32_1.0.100.202210260954/tools/bin/../lib/gcc/arm-none-eabi/10.3.1/thumb/v7e-m+fp/hard\libgcc.a(_dvmd_tls.o)
                0x0000000008000d7c                __aeabi_idiv0
                0x0000000008000d7c                __aeabi_ldiv0
 *(.text*)
 .text.writeMM  0x0000000008000d80      0x3e8 ./Core/Src/TOF_manager.o
                0x0000000008000d80                writeMM
 .text.TOF_init
                0x0000000008001168       0xb4 ./Core/Src/TOF_manager.o
                0x0000000008001168                TOF_init
 .text.TOF_start_measurement
                0x000000000800121c       0x4c ./Core/Src/TOF_manager.o
                0x000000000800121c                TOF_start_measurement
 .text.TOF_get_measurement
                0x0000000008001268       0x50 ./Core/Src/TOF_manager.o
                0x0000000008001268                TOF_get_measurement
 .text.SystemClock_Config
                0x00000000080012b8       0x9c ./Core/Src/main.o
                0x00000000080012b8                SystemClock_Config
 .text.startup.main
                0x0000000008001354      0x50c ./Core/Src/main.o
                0x0000000008001354                main
 .text.add_wall.part.0
                0x0000000008001860       0x98 ./Core/Src/mazemanager.o
 .text.print_maze
                0x00000000080018f8      0x10c ./Core/Src/mazemanager.o
                0x00000000080018f8                print_maze
 .text.turn_to_direction
                0x0000000008001a04       0x3c ./Core/Src/mazemanager.o
                0x0000000008001a04                turn_to_direction
 .text.save_maze
                0x0000000008001a40       0x4c ./Core/Src/mazemanager.o
                0x0000000008001a40                save_maze
 .text.rel_to_fixed_dir
                0x0000000008001a8c       0x14 ./Core/Src/mazemanager.o
                0x0000000008001a8c                rel_to_fixed_dir
 .text.add_wall
                0x0000000008001aa0        0xe ./Core/Src/mazemanager.o
                0x0000000008001aa0                add_wall
 *fill*         0x0000000008001aae        0x2 
 .text.read_wall
                0x0000000008001ab0       0x18 ./Core/Src/mazemanager.o
                0x0000000008001ab0                read_wall
 .text.set_explored
                0x0000000008001ac8       0x20 ./Core/Src/mazemanager.o
                0x0000000008001ac8                set_explored
 .text.dir_of_lowest
                0x0000000008001ae8       0x94 ./Core/Src/mazemanager.o
                0x0000000008001ae8                dir_of_lowest
 .text.flood    0x0000000008001b7c       0xd0 ./Core/Src/mazemanager.o
                0x0000000008001b7c                flood
 .text.maze_init
                0x0000000008001c4c       0xa0 ./Core/Src/mazemanager.o
                0x0000000008001c4c                maze_init
 .text.explore  0x0000000008001cec       0x78 ./Core/Src/mazemanager.o
                0x0000000008001cec                explore
 .text.update   0x0000000008001d64      0x3e8 ./Core/Src/mazemanager.o
                0x0000000008001d64                update
 .text.motorsInit
                0x000000000800214c       0x64 ./Core/Src/motor_control.o
                0x000000000800214c                motorsInit
 .text.reset_counts
                0x00000000080021b0       0x88 ./Core/Src/motor_control.o
                0x00000000080021b0                reset_counts
 .text.turn     0x0000000008002238      0x284 ./Core/Src/motor_control.o
                0x0000000008002238                turn
 *fill*         0x00000000080024bc        0x4 
 .text.R_motor_feedback_control
                0x00000000080024c0      0x154 ./Core/Src/motor_control.o
                0x00000000080024c0                R_motor_feedback_control
 *fill*         0x0000000008002614        0x4 
 .text.L_motor_feedback_control
                0x0000000008002618      0x140 ./Core/Src/motor_control.o
                0x0000000008002618                L_motor_feedback_control
 .text.move     0x0000000008002758      0x164 ./Core/Src/motor_control.o
                0x0000000008002758                move
 .text.HAL_MspInit
                0x00000000080028bc       0x38 ./Core/Src/stm32f4xx_hal_msp.o
                0x00000000080028bc                HAL_MspInit
 .text.HAL_ADC_MspInit
                0x00000000080028f4       0x64 ./Core/Src/stm32f4xx_hal_msp.o
                0x00000000080028f4                HAL_ADC_MspInit
 .text.HAL_I2C_MspInit
                0x0000000008002958      0x1cc ./Core/Src/stm32f4xx_hal_msp.o
                0x0000000008002958                HAL_I2C_MspInit
 .text.HAL_SPI_MspInit
                0x0000000008002b24       0x6c ./Core/Src/stm32f4xx_hal_msp.o
                0x0000000008002b24                HAL_SPI_MspInit
 .text.HAL_TIM_Base_MspInit
                0x0000000008002b90       0x88 ./Core/Src/stm32f4xx_hal_msp.o
                0x0000000008002b90                HAL_TIM_Base_MspInit
 .text.HAL_TIM_Encoder_MspInit
                0x0000000008002c18       0xdc ./Core/Src/stm32f4xx_hal_msp.o
                0x0000000008002c18                HAL_TIM_Encoder_MspInit
 .text.HAL_TIM_MspPostInit
                0x0000000008002cf4       0xb8 ./Core/Src/stm32f4xx_hal_msp.o
                0x0000000008002cf4                HAL_TIM_MspPostInit
 .text.HAL_UART_MspInit
                0x0000000008002dac       0x7c ./Core/Src/stm32f4xx_hal_msp.o
                0x0000000008002dac                HAL_UART_MspInit
 .text.NMI_Handler
                0x0000000008002e28        0x2 ./Core/Src/stm32f4xx_it.o
                0x0000000008002e28                NMI_Handler
 .text.HardFault_Handler
                0x0000000008002e2a        0x2 ./Core/Src/stm32f4xx_it.o
                0x0000000008002e2a                HardFault_Handler
 .text.MemManage_Handler
                0x0000000008002e2c        0x2 ./Core/Src/stm32f4xx_it.o
                0x0000000008002e2c                MemManage_Handler
 .text.BusFault_Handler
                0x0000000008002e2e        0x2 ./Core/Src/stm32f4xx_it.o
                0x0000000008002e2e                BusFault_Handler
 .text.UsageFault_Handler
                0x0000000008002e30        0x2 ./Core/Src/stm32f4xx_it.o
                0x0000000008002e30                UsageFault_Handler
 .text.SVC_Handler
                0x0000000008002e32        0x2 ./Core/Src/stm32f4xx_it.o
                0x0000000008002e32                SVC_Handler
 .text.DebugMon_Handler
                0x0000000008002e34        0x2 ./Core/Src/stm32f4xx_it.o
                0x0000000008002e34                DebugMon_Handler
 .text.PendSV_Handler
                0x0000000008002e36        0x2 ./Core/Src/stm32f4xx_it.o
                0x0000000008002e36                PendSV_Handler
 .text.SysTick_Handler
                0x0000000008002e38        0x4 ./Core/Src/stm32f4xx_it.o
                0x0000000008002e38                SysTick_Handler
 .text.TIM1_TRG_COM_TIM11_IRQHandler
                0x0000000008002e3c       0x34 ./Core/Src/stm32f4xx_it.o
                0x0000000008002e3c                TIM1_TRG_COM_TIM11_IRQHandler
 .text.I2C1_EV_IRQHandler
                0x0000000008002e70        0xc ./Core/Src/stm32f4xx_it.o
                0x0000000008002e70                I2C1_EV_IRQHandler
 .text.I2C1_ER_IRQHandler
                0x0000000008002e7c        0xc ./Core/Src/stm32f4xx_it.o
                0x0000000008002e7c                I2C1_ER_IRQHandler
 .text.I2C2_EV_IRQHandler
                0x0000000008002e88        0xc ./Core/Src/stm32f4xx_it.o
                0x0000000008002e88                I2C2_EV_IRQHandler
 .text.I2C2_ER_IRQHandler
                0x0000000008002e94        0xc ./Core/Src/stm32f4xx_it.o
                0x0000000008002e94                I2C2_ER_IRQHandler
 .text.USART2_IRQHandler
                0x0000000008002ea0        0xc ./Core/Src/stm32f4xx_it.o
                0x0000000008002ea0                USART2_IRQHandler
 .text.I2C3_EV_IRQHandler
                0x0000000008002eac        0xc ./Core/Src/stm32f4xx_it.o
                0x0000000008002eac                I2C3_EV_IRQHandler
 .text.I2C3_ER_IRQHandler
                0x0000000008002eb8        0xc ./Core/Src/stm32f4xx_it.o
                0x0000000008002eb8                I2C3_ER_IRQHandler
 .text._sbrk    0x0000000008002ec4       0x40 ./Core/Src/sysmem.o
                0x0000000008002ec4                _sbrk
 .text.SystemInit
                0x0000000008002f04       0x14 ./Core/Src/system_stm32f4xx.o
                0x0000000008002f04                SystemInit
 .text.uart_startup_transmit
                0x0000000008002f18       0x44 ./Core/Src/uart_driver.o
                0x0000000008002f18                uart_startup_transmit
 .text.uart_transmit
                0x0000000008002f5c       0x10 ./Core/Src/uart_driver.o
                0x0000000008002f5c                uart_transmit
 .text.uart_task
                0x0000000008002f6c       0x44 ./Core/Src/uart_driver.o
                0x0000000008002f6c                uart_task
 .text.HAL_UART_RxCpltCallback
                0x0000000008002fb0       0x48 ./Core/Src/uart_driver.o
                0x0000000008002fb0                HAL_UART_RxCpltCallback
 .text.Reset_Handler
                0x0000000008002ff8       0x50 ./Core/Startup/startup_stm32f411ceux.o
                0x0000000008002ff8                Reset_Handler
 .text.Default_Handler
                0x0000000008003048        0x2 ./Core/Startup/startup_stm32f411ceux.o
                0x0000000008003048                RTC_Alarm_IRQHandler
                0x0000000008003048                EXTI2_IRQHandler
                0x0000000008003048                SPI4_IRQHandler
                0x0000000008003048                TIM1_CC_IRQHandler
                0x0000000008003048                DMA2_Stream5_IRQHandler
                0x0000000008003048                DMA1_Stream5_IRQHandler
                0x0000000008003048                PVD_IRQHandler
                0x0000000008003048                SDIO_IRQHandler
                0x0000000008003048                TAMP_STAMP_IRQHandler
                0x0000000008003048                EXTI3_IRQHandler
                0x0000000008003048                TIM1_UP_TIM10_IRQHandler
                0x0000000008003048                EXTI0_IRQHandler
                0x0000000008003048                DMA1_Stream2_IRQHandler
                0x0000000008003048                FPU_IRQHandler
                0x0000000008003048                DMA2_Stream2_IRQHandler
                0x0000000008003048                SPI1_IRQHandler
                0x0000000008003048                TIM1_BRK_TIM9_IRQHandler
                0x0000000008003048                DMA2_Stream3_IRQHandler
                0x0000000008003048                USART6_IRQHandler
                0x0000000008003048                DMA2_Stream0_IRQHandler
                0x0000000008003048                TIM4_IRQHandler
                0x0000000008003048                DMA1_Stream6_IRQHandler
                0x0000000008003048                DMA1_Stream1_IRQHandler
                0x0000000008003048                TIM3_IRQHandler
                0x0000000008003048                RCC_IRQHandler
                0x0000000008003048                Default_Handler
                0x0000000008003048                EXTI15_10_IRQHandler
                0x0000000008003048                ADC_IRQHandler
                0x0000000008003048                DMA1_Stream7_IRQHandler
                0x0000000008003048                SPI5_IRQHandler
                0x0000000008003048                TIM5_IRQHandler
                0x0000000008003048                DMA2_Stream7_IRQHandler
                0x0000000008003048                EXTI9_5_IRQHandler
                0x0000000008003048                RTC_WKUP_IRQHandler
                0x0000000008003048                SPI2_IRQHandler
                0x0000000008003048                DMA1_Stream0_IRQHandler
                0x0000000008003048                EXTI4_IRQHandler
                0x0000000008003048                WWDG_IRQHandler
                0x0000000008003048                TIM2_IRQHandler
                0x0000000008003048                OTG_FS_WKUP_IRQHandler
                0x0000000008003048                EXTI1_IRQHandler
                0x0000000008003048                DMA2_Stream1_IRQHandler
                0x0000000008003048                FLASH_IRQHandler
                0x0000000008003048                DMA2_Stream4_IRQHandler
                0x0000000008003048                USART1_IRQHandler
                0x0000000008003048                OTG_FS_IRQHandler
                0x0000000008003048                SPI3_IRQHandler
                0x0000000008003048                DMA1_Stream4_IRQHandler
                0x0000000008003048                DMA2_Stream6_IRQHandler
                0x0000000008003048                DMA1_Stream3_IRQHandler
 *fill*         0x000000000800304a        0x2 
 .text.HAL_InitTick
                0x000000000800304c       0x48 ./Drivers/STM32F4xx_HAL_Driver/stm32f4xx_hal.o
                0x000000000800304c                HAL_InitTick
 .text.HAL_Init
                0x0000000008003094       0x34 ./Drivers/STM32F4xx_HAL_Driver/stm32f4xx_hal.o
                0x0000000008003094                HAL_Init
 .text.HAL_IncTick
                0x00000000080030c8       0x18 ./Drivers/STM32F4xx_HAL_Driver/stm32f4xx_hal.o
                0x00000000080030c8                HAL_IncTick
 .text.HAL_GetTick
                0x00000000080030e0        0xc ./Drivers/STM32F4xx_HAL_Driver/stm32f4xx_hal.o
                0x00000000080030e0                HAL_GetTick
 .text.HAL_Delay
                0x00000000080030ec       0x28 ./Drivers/STM32F4xx_HAL_Driver/stm32f4xx_hal.o
                0x00000000080030ec                HAL_Delay
 .text.HAL_ADC_Init
                0x0000000008003114      0x14c ./Drivers/STM32F4xx_HAL_Driver/stm32f4xx_hal_adc.o
                0x0000000008003114                HAL_ADC_Init
 .text.HAL_ADC_ConfigChannel
                0x0000000008003260      0x138 ./Drivers/STM32F4xx_HAL_Driver/stm32f4xx_hal_adc.o
                0x0000000008003260                HAL_ADC_ConfigChannel
 .text.HAL_NVIC_SetPriorityGrouping
                0x0000000008003398       0x24 ./Drivers/STM32F4xx_HAL_Driver/stm32f4xx_hal_cortex.o
                0x0000000008003398                HAL_NVIC_SetPriorityGrouping
 .text.HAL_NVIC_SetPriority
                0x00000000080033bc       0x64 ./Drivers/STM32F4xx_HAL_Driver/stm32f4xx_hal_cortex.o
                0x00000000080033bc                HAL_NVIC_SetPriority
 .text.HAL_NVIC_EnableIRQ
                0x0000000008003420       0x1c ./Drivers/STM32F4xx_HAL_Driver/stm32f4xx_hal_cortex.o
                0x0000000008003420                HAL_NVIC_EnableIRQ
 .text.HAL_SYSTICK_Config
                0x000000000800343c       0x28 ./Drivers/STM32F4xx_HAL_Driver/stm32f4xx_hal_cortex.o
                0x000000000800343c                HAL_SYSTICK_Config
 .text.HAL_DMA_Abort
                0x0000000008003464       0x88 ./Drivers/STM32F4xx_HAL_Driver/stm32f4xx_hal_dma.o
                0x0000000008003464                HAL_DMA_Abort
 .text.HAL_DMA_Abort_IT
                0x00000000080034ec       0x24 ./Drivers/STM32F4xx_HAL_Driver/stm32f4xx_hal_dma.o
                0x00000000080034ec                HAL_DMA_Abort_IT
 .text.HAL_DMA_GetState
                0x0000000008003510        0x6 ./Drivers/STM32F4xx_HAL_Driver/stm32f4xx_hal_dma.o
                0x0000000008003510                HAL_DMA_GetState
 *fill*         0x0000000008003516        0x2 
 .text.FLASH_Program_DoubleWord
                0x0000000008003518       0x2c ./Drivers/STM32F4xx_HAL_Driver/stm32f4xx_hal_flash.o
 .text.FLASH_Program_Word
                0x0000000008003544       0x24 ./Drivers/STM32F4xx_HAL_Driver/stm32f4xx_hal_flash.o
 .text.FLASH_Program_HalfWord
                0x0000000008003568       0x24 ./Drivers/STM32F4xx_HAL_Driver/stm32f4xx_hal_flash.o
 .text.FLASH_SetErrorCode
                0x000000000800358c       0x8c ./Drivers/STM32F4xx_HAL_Driver/stm32f4xx_hal_flash.o
 .text.HAL_FLASH_Unlock
                0x0000000008003618       0x24 ./Drivers/STM32F4xx_HAL_Driver/stm32f4xx_hal_flash.o
                0x0000000008003618                HAL_FLASH_Unlock
 .text.FLASH_WaitForLastOperation
                0x000000000800363c       0x50 ./Drivers/STM32F4xx_HAL_Driver/stm32f4xx_hal_flash.o
                0x000000000800363c                FLASH_WaitForLastOperation
 .text.HAL_FLASH_Program
                0x000000000800368c       0x8c ./Drivers/STM32F4xx_HAL_Driver/stm32f4xx_hal_flash.o
                0x000000000800368c                HAL_FLASH_Program
 .text.HAL_GPIO_Init
                0x0000000008003718      0x190 ./Drivers/STM32F4xx_HAL_Driver/stm32f4xx_hal_gpio.o
                0x0000000008003718                HAL_GPIO_Init
 .text.HAL_GPIO_WritePin
                0x00000000080038a8        0xa ./Drivers/STM32F4xx_HAL_Driver/stm32f4xx_hal_gpio.o
                0x00000000080038a8                HAL_GPIO_WritePin
 .text.I2C_IsAcknowledgeFailed
                0x00000000080038b2       0x34 ./Drivers/STM32F4xx_HAL_Driver/stm32f4xx_hal_i2c.o
 .text.I2C_WaitOnFlagUntilTimeout
                0x00000000080038e6       0x64 ./Drivers/STM32F4xx_HAL_Driver/stm32f4xx_hal_i2c.o
 .text.I2C_WaitOnMasterAddressFlagUntilTimeout
                0x000000000800394a       0x76 ./Drivers/STM32F4xx_HAL_Driver/stm32f4xx_hal_i2c.o
 .text.I2C_WaitOnBTFFlagUntilTimeout
                0x00000000080039c0       0x4c ./Drivers/STM32F4xx_HAL_Driver/stm32f4xx_hal_i2c.o
 .text.I2C_WaitOnTXEFlagUntilTimeout
                0x0000000008003a0c       0x4c ./Drivers/STM32F4xx_HAL_Driver/stm32f4xx_hal_i2c.o
 .text.I2C_RequestMemoryWrite
                0x0000000008003a58       0xb0 ./Drivers/STM32F4xx_HAL_Driver/stm32f4xx_hal_i2c.o
 .text.HAL_I2C_Init
                0x0000000008003b08      0x150 ./Drivers/STM32F4xx_HAL_Driver/stm32f4xx_hal_i2c.o
                0x0000000008003b08                HAL_I2C_Init
 .text.HAL_I2C_Mem_Write
                0x0000000008003c58      0x120 ./Drivers/STM32F4xx_HAL_Driver/stm32f4xx_hal_i2c.o
                0x0000000008003c58                HAL_I2C_Mem_Write
 .text.HAL_I2C_Mem_Write_IT
                0x0000000008003d78       0xbc ./Drivers/STM32F4xx_HAL_Driver/stm32f4xx_hal_i2c.o
                0x0000000008003d78                HAL_I2C_Mem_Write_IT
 .text.HAL_I2C_Mem_Read_IT
                0x0000000008003e34       0xcc ./Drivers/STM32F4xx_HAL_Driver/stm32f4xx_hal_i2c.o
                0x0000000008003e34                HAL_I2C_Mem_Read_IT
 .text.HAL_I2C_MasterTxCpltCallback
                0x0000000008003f00        0x2 ./Drivers/STM32F4xx_HAL_Driver/stm32f4xx_hal_i2c.o
                0x0000000008003f00                HAL_I2C_MasterTxCpltCallback
 .text.HAL_I2C_MasterRxCpltCallback
                0x0000000008003f02        0x2 ./Drivers/STM32F4xx_HAL_Driver/stm32f4xx_hal_i2c.o
                0x0000000008003f02                HAL_I2C_MasterRxCpltCallback
 .text.HAL_I2C_SlaveTxCpltCallback
                0x0000000008003f04        0x2 ./Drivers/STM32F4xx_HAL_Driver/stm32f4xx_hal_i2c.o
                0x0000000008003f04                HAL_I2C_SlaveTxCpltCallback
 .text.HAL_I2C_SlaveRxCpltCallback
                0x0000000008003f06        0x2 ./Drivers/STM32F4xx_HAL_Driver/stm32f4xx_hal_i2c.o
                0x0000000008003f06                HAL_I2C_SlaveRxCpltCallback
 .text.HAL_I2C_AddrCallback
                0x0000000008003f08        0x2 ./Drivers/STM32F4xx_HAL_Driver/stm32f4xx_hal_i2c.o
                0x0000000008003f08                HAL_I2C_AddrCallback
 .text.HAL_I2C_ListenCpltCallback
                0x0000000008003f0a        0x2 ./Drivers/STM32F4xx_HAL_Driver/stm32f4xx_hal_i2c.o
                0x0000000008003f0a                HAL_I2C_ListenCpltCallback
 .text.HAL_I2C_MemTxCpltCallback
                0x0000000008003f0c        0x2 ./Drivers/STM32F4xx_HAL_Driver/stm32f4xx_hal_i2c.o
                0x0000000008003f0c                HAL_I2C_MemTxCpltCallback
 .text.I2C_MemoryTransmit_TXE_BTF
                0x0000000008003f0e       0xa2 ./Drivers/STM32F4xx_HAL_Driver/stm32f4xx_hal_i2c.o
 .text.HAL_I2C_MemRxCpltCallback
                0x0000000008003fb0        0x2 ./Drivers/STM32F4xx_HAL_Driver/stm32f4xx_hal_i2c.o
                0x0000000008003fb0                HAL_I2C_MemRxCpltCallback
 .text.HAL_I2C_ErrorCallback
                0x0000000008003fb2        0x2 ./Drivers/STM32F4xx_HAL_Driver/stm32f4xx_hal_i2c.o
                0x0000000008003fb2                HAL_I2C_ErrorCallback
 .text.HAL_I2C_AbortCpltCallback
                0x0000000008003fb4        0x2 ./Drivers/STM32F4xx_HAL_Driver/stm32f4xx_hal_i2c.o
                0x0000000008003fb4                HAL_I2C_AbortCpltCallback
 *fill*         0x0000000008003fb6        0x2 
 .text.I2C_DMAAbort
                0x0000000008003fb8       0xc0 ./Drivers/STM32F4xx_HAL_Driver/stm32f4xx_hal_i2c.o
 .text.I2C_ITError
                0x0000000008004078      0x150 ./Drivers/STM32F4xx_HAL_Driver/stm32f4xx_hal_i2c.o
 .text.HAL_I2C_EV_IRQHandler
                0x00000000080041c8      0x868 ./Drivers/STM32F4xx_HAL_Driver/stm32f4xx_hal_i2c.o
                0x00000000080041c8                HAL_I2C_EV_IRQHandler
 .text.HAL_I2C_ER_IRQHandler
                0x0000000008004a30      0x134 ./Drivers/STM32F4xx_HAL_Driver/stm32f4xx_hal_i2c.o
                0x0000000008004a30                HAL_I2C_ER_IRQHandler
 .text.HAL_RCC_OscConfig
                0x0000000008004b64      0x360 ./Drivers/STM32F4xx_HAL_Driver/stm32f4xx_hal_rcc.o
                0x0000000008004b64                HAL_RCC_OscConfig
 .text.HAL_RCC_GetSysClockFreq
                0x0000000008004ec4       0x5c ./Drivers/STM32F4xx_HAL_Driver/stm32f4xx_hal_rcc.o
                0x0000000008004ec4                HAL_RCC_GetSysClockFreq
 .text.HAL_RCC_ClockConfig
                0x0000000008004f20      0x138 ./Drivers/STM32F4xx_HAL_Driver/stm32f4xx_hal_rcc.o
                0x0000000008004f20                HAL_RCC_ClockConfig
 .text.HAL_RCC_GetPCLK1Freq
                0x0000000008005058       0x20 ./Drivers/STM32F4xx_HAL_Driver/stm32f4xx_hal_rcc.o
                0x0000000008005058                HAL_RCC_GetPCLK1Freq
 .text.HAL_RCC_GetPCLK2Freq
                0x0000000008005078       0x20 ./Drivers/STM32F4xx_HAL_Driver/stm32f4xx_hal_rcc.o
                0x0000000008005078                HAL_RCC_GetPCLK2Freq
 .text.HAL_SPI_Init
                0x0000000008005098       0xb8 ./Drivers/STM32F4xx_HAL_Driver/stm32f4xx_hal_spi.o
                0x0000000008005098                HAL_SPI_Init
 .text.TIM_OC1_SetConfig
                0x0000000008005150       0x50 ./Drivers/STM32F4xx_HAL_Driver/stm32f4xx_hal_tim.o
 .text.TIM_OC3_SetConfig
                0x00000000080051a0       0x54 ./Drivers/STM32F4xx_HAL_Driver/stm32f4xx_hal_tim.o
 .text.TIM_OC4_SetConfig
                0x00000000080051f4       0x44 ./Drivers/STM32F4xx_HAL_Driver/stm32f4xx_hal_tim.o
 .text.HAL_TIM_Base_Start_IT
                0x0000000008005238       0x64 ./Drivers/STM32F4xx_HAL_Driver/stm32f4xx_hal_tim.o
                0x0000000008005238                HAL_TIM_Base_Start_IT
 .text.HAL_TIM_PWM_MspInit
                0x000000000800529c        0x2 ./Drivers/STM32F4xx_HAL_Driver/stm32f4xx_hal_tim.o
                0x000000000800529c                HAL_TIM_PWM_MspInit
 .text.HAL_TIM_Encoder_Start
                0x000000000800529e       0xb6 ./Drivers/STM32F4xx_HAL_Driver/stm32f4xx_hal_tim.o
                0x000000000800529e                HAL_TIM_Encoder_Start
 .text.HAL_TIM_PeriodElapsedCallback
                0x0000000008005354        0x2 ./Drivers/STM32F4xx_HAL_Driver/stm32f4xx_hal_tim.o
                0x0000000008005354                HAL_TIM_PeriodElapsedCallback
 .text.HAL_TIM_OC_DelayElapsedCallback
                0x0000000008005356        0x2 ./Drivers/STM32F4xx_HAL_Driver/stm32f4xx_hal_tim.o
                0x0000000008005356                HAL_TIM_OC_DelayElapsedCallback
 .text.HAL_TIM_IC_CaptureCallback
                0x0000000008005358        0x2 ./Drivers/STM32F4xx_HAL_Driver/stm32f4xx_hal_tim.o
                0x0000000008005358                HAL_TIM_IC_CaptureCallback
 .text.HAL_TIM_PWM_PulseFinishedCallback
                0x000000000800535a        0x2 ./Drivers/STM32F4xx_HAL_Driver/stm32f4xx_hal_tim.o
                0x000000000800535a                HAL_TIM_PWM_PulseFinishedCallback
 .text.HAL_TIM_TriggerCallback
                0x000000000800535c        0x2 ./Drivers/STM32F4xx_HAL_Driver/stm32f4xx_hal_tim.o
                0x000000000800535c                HAL_TIM_TriggerCallback
 .text.HAL_TIM_IRQHandler
                0x000000000800535e      0x144 ./Drivers/STM32F4xx_HAL_Driver/stm32f4xx_hal_tim.o
                0x000000000800535e                HAL_TIM_IRQHandler
 *fill*         0x00000000080054a2        0x2 
 .text.TIM_Base_SetConfig
                0x00000000080054a4       0x9c ./Drivers/STM32F4xx_HAL_Driver/stm32f4xx_hal_tim.o
                0x00000000080054a4                TIM_Base_SetConfig
 .text.HAL_TIM_Base_Init
                0x0000000008005540       0x58 ./Drivers/STM32F4xx_HAL_Driver/stm32f4xx_hal_tim.o
                0x0000000008005540                HAL_TIM_Base_Init
 .text.HAL_TIM_PWM_Init
                0x0000000008005598       0x58 ./Drivers/STM32F4xx_HAL_Driver/stm32f4xx_hal_tim.o
                0x0000000008005598                HAL_TIM_PWM_Init
 .text.HAL_TIM_Encoder_Init
                0x00000000080055f0       0xaa ./Drivers/STM32F4xx_HAL_Driver/stm32f4xx_hal_tim.o
                0x00000000080055f0                HAL_TIM_Encoder_Init
 *fill*         0x000000000800569a        0x2 
 .text.TIM_OC2_SetConfig
                0x000000000800569c       0x58 ./Drivers/STM32F4xx_HAL_Driver/stm32f4xx_hal_tim.o
                0x000000000800569c                TIM_OC2_SetConfig
 .text.HAL_TIM_PWM_ConfigChannel
                0x00000000080056f4       0xb8 ./Drivers/STM32F4xx_HAL_Driver/stm32f4xx_hal_tim.o
                0x00000000080056f4                HAL_TIM_PWM_ConfigChannel
 .text.TIM_ETR_SetConfig
                0x00000000080057ac       0x14 ./Drivers/STM32F4xx_HAL_Driver/stm32f4xx_hal_tim.o
                0x00000000080057ac                TIM_ETR_SetConfig
 .text.HAL_TIM_ConfigClockSource
                0x00000000080057c0      0x138 ./Drivers/STM32F4xx_HAL_Driver/stm32f4xx_hal_tim.o
                0x00000000080057c0                HAL_TIM_ConfigClockSource
 .text.TIM_CCxChannelCmd
                0x00000000080058f8       0x1c ./Drivers/STM32F4xx_HAL_Driver/stm32f4xx_hal_tim.o
                0x00000000080058f8                TIM_CCxChannelCmd
 .text.HAL_TIM_OC_Start
                0x0000000008005914       0xb4 ./Drivers/STM32F4xx_HAL_Driver/stm32f4xx_hal_tim.o
                0x0000000008005914                HAL_TIM_OC_Start
 .text.HAL_TIM_PWM_Start
                0x00000000080059c8        0x4 ./Drivers/STM32F4xx_HAL_Driver/stm32f4xx_hal_tim.o
                0x00000000080059c8                HAL_TIM_PWM_Start
 .text.HAL_TIMEx_MasterConfigSynchronization
                0x00000000080059cc       0x6c ./Drivers/STM32F4xx_HAL_Driver/stm32f4xx_hal_tim_ex.o
                0x00000000080059cc                HAL_TIMEx_MasterConfigSynchronization
 .text.HAL_TIMEx_ConfigBreakDeadTime
                0x0000000008005a38       0x4c ./Drivers/STM32F4xx_HAL_Driver/stm32f4xx_hal_tim_ex.o
                0x0000000008005a38                HAL_TIMEx_ConfigBreakDeadTime
 .text.HAL_TIMEx_CommutCallback
                0x0000000008005a84        0x2 ./Drivers/STM32F4xx_HAL_Driver/stm32f4xx_hal_tim_ex.o
                0x0000000008005a84                HAL_TIMEx_CommutCallback
 .text.HAL_TIMEx_BreakCallback
                0x0000000008005a86        0x2 ./Drivers/STM32F4xx_HAL_Driver/stm32f4xx_hal_tim_ex.o
                0x0000000008005a86                HAL_TIMEx_BreakCallback
 .text.UART_EndRxTransfer
                0x0000000008005a88       0x5c ./Drivers/STM32F4xx_HAL_Driver/stm32f4xx_hal_uart.o
 .text.UART_SetConfig
                0x0000000008005ae4       0xbc ./Drivers/STM32F4xx_HAL_Driver/stm32f4xx_hal_uart.o
 .text.HAL_UART_Init
                0x0000000008005ba0       0x5c ./Drivers/STM32F4xx_HAL_Driver/stm32f4xx_hal_uart.o
                0x0000000008005ba0                HAL_UART_Init
 .text.HAL_UART_Transmit_IT
                0x0000000008005bfc       0x3e ./Drivers/STM32F4xx_HAL_Driver/stm32f4xx_hal_uart.o
                0x0000000008005bfc                HAL_UART_Transmit_IT
 .text.HAL_UART_TxCpltCallback
                0x0000000008005c3a        0x2 ./Drivers/STM32F4xx_HAL_Driver/stm32f4xx_hal_uart.o
                0x0000000008005c3a                HAL_UART_TxCpltCallback
 .text.HAL_UART_ErrorCallback
                0x0000000008005c3c        0x2 ./Drivers/STM32F4xx_HAL_Driver/stm32f4xx_hal_uart.o
                0x0000000008005c3c                HAL_UART_ErrorCallback
 .text.UART_DMAAbortOnError
                0x0000000008005c3e       0x10 ./Drivers/STM32F4xx_HAL_Driver/stm32f4xx_hal_uart.o
 .text.HAL_UARTEx_RxEventCallback
                0x0000000008005c4e        0x2 ./Drivers/STM32F4xx_HAL_Driver/stm32f4xx_hal_uart.o
                0x0000000008005c4e                HAL_UARTEx_RxEventCallback
 .text.UART_Receive_IT.part.0.isra.0
                0x0000000008005c50       0xac ./Drivers/STM32F4xx_HAL_Driver/stm32f4xx_hal_uart.o
 .text.HAL_UART_IRQHandler
                0x0000000008005cfc      0x2a0 ./Drivers/STM32F4xx_HAL_Driver/stm32f4xx_hal_uart.o
                0x0000000008005cfc                HAL_UART_IRQHandler
 .text.UART_Start_Receive_IT
                0x0000000008005f9c       0x36 ./Drivers/STM32F4xx_HAL_Driver/stm32f4xx_hal_uart.o
                0x0000000008005f9c                UART_Start_Receive_IT
 .text.HAL_UART_Receive_IT
                0x0000000008005fd2       0x30 ./Drivers/STM32F4xx_HAL_Driver/stm32f4xx_hal_uart.o
                0x0000000008005fd2                HAL_UART_Receive_IT
 .text.atoi     0x0000000008006002        0x8 c:/st/stm32cubeide_1.11.0/stm32cubeide/plugins/com.st.stm32cube.ide.mcu.externaltools.gnu-tools-for-stm32.10.3-2021.10.win32_1.0.100.202210260954/tools/bin/../lib/gcc/arm-none-eabi/10.3.1/../../../../arm-none-eabi/lib/thumb/v7e-m+fp/hard\libc_nano.a(lib_a-atoi.o)
                0x0000000008006002                atoi
 *fill*         0x000000000800600a        0x2 
 .text.__errno  0x000000000800600c        0xc c:/st/stm32cubeide_1.11.0/stm32cubeide/plugins/com.st.stm32cube.ide.mcu.externaltools.gnu-tools-for-stm32.10.3-2021.10.win32_1.0.100.202210260954/tools/bin/../lib/gcc/arm-none-eabi/10.3.1/../../../../arm-none-eabi/lib/thumb/v7e-m+fp/hard\libc_nano.a(lib_a-errno.o)
                0x000000000800600c                __errno
 .text.__libc_init_array
                0x0000000008006018       0x48 c:/st/stm32cubeide_1.11.0/stm32cubeide/plugins/com.st.stm32cube.ide.mcu.externaltools.gnu-tools-for-stm32.10.3-2021.10.win32_1.0.100.202210260954/tools/bin/../lib/gcc/arm-none-eabi/10.3.1/../../../../arm-none-eabi/lib/thumb/v7e-m+fp/hard\libc_nano.a(lib_a-init.o)
                0x0000000008006018                __libc_init_array
 .text.memcpy   0x0000000008006060       0x1c c:/st/stm32cubeide_1.11.0/stm32cubeide/plugins/com.st.stm32cube.ide.mcu.externaltools.gnu-tools-for-stm32.10.3-2021.10.win32_1.0.100.202210260954/tools/bin/../lib/gcc/arm-none-eabi/10.3.1/../../../../arm-none-eabi/lib/thumb/v7e-m+fp/hard\libc_nano.a(lib_a-memcpy-stub.o)
                0x0000000008006060                memcpy
 .text.memset   0x000000000800607c       0x10 c:/st/stm32cubeide_1.11.0/stm32cubeide/plugins/com.st.stm32cube.ide.mcu.externaltools.gnu-tools-for-stm32.10.3-2021.10.win32_1.0.100.202210260954/tools/bin/../lib/gcc/arm-none-eabi/10.3.1/../../../../arm-none-eabi/lib/thumb/v7e-m+fp/hard\libc_nano.a(lib_a-memset.o)
                0x000000000800607c                memset
 .text.sprintf  0x000000000800608c       0x40 c:/st/stm32cubeide_1.11.0/stm32cubeide/plugins/com.st.stm32cube.ide.mcu.externaltools.gnu-tools-for-stm32.10.3-2021.10.win32_1.0.100.202210260954/tools/bin/../lib/gcc/arm-none-eabi/10.3.1/../../../../arm-none-eabi/lib/thumb/v7e-m+fp/hard\libc_nano.a(lib_a-sprintf.o)
                0x000000000800608c                siprintf
                0x000000000800608c                sprintf
 .text.strcpy   0x00000000080060cc       0x10 c:/st/stm32cubeide_1.11.0/stm32cubeide/plugins/com.st.stm32cube.ide.mcu.externaltools.gnu-tools-for-stm32.10.3-2021.10.win32_1.0.100.202210260954/tools/bin/../lib/gcc/arm-none-eabi/10.3.1/../../../../arm-none-eabi/lib/thumb/v7e-m+fp/hard\libc_nano.a(lib_a-strcpy.o)
                0x00000000080060cc                strcpy
 .text._strtol_l.constprop.0
                0x00000000080060dc      0x104 c:/st/stm32cubeide_1.11.0/stm32cubeide/plugins/com.st.stm32cube.ide.mcu.externaltools.gnu-tools-for-stm32.10.3-2021.10.win32_1.0.100.202210260954/tools/bin/../lib/gcc/arm-none-eabi/10.3.1/../../../../arm-none-eabi/lib/thumb/v7e-m+fp/hard\libc_nano.a(lib_a-strtol.o)
 .text.strtol   0x00000000080061e0       0x14 c:/st/stm32cubeide_1.11.0/stm32cubeide/plugins/com.st.stm32cube.ide.mcu.externaltools.gnu-tools-for-stm32.10.3-2021.10.win32_1.0.100.202210260954/tools/bin/../lib/gcc/arm-none-eabi/10.3.1/../../../../arm-none-eabi/lib/thumb/v7e-m+fp/hard\libc_nano.a(lib_a-strtol.o)
                0x00000000080061e0                strtol
 .text.__ssputs_r
                0x00000000080061f4       0xb6 c:/st/stm32cubeide_1.11.0/stm32cubeide/plugins/com.st.stm32cube.ide.mcu.externaltools.gnu-tools-for-stm32.10.3-2021.10.win32_1.0.100.202210260954/tools/bin/../lib/gcc/arm-none-eabi/10.3.1/../../../../arm-none-eabi/lib/thumb/v7e-m+fp/hard\libc_nano.a(lib_a-nano-svfprintf.o)
                0x00000000080061f4                __ssputs_r
 *fill*         0x00000000080062aa        0x2 
 .text._svfprintf_r
                0x00000000080062ac      0x200 c:/st/stm32cubeide_1.11.0/stm32cubeide/plugins/com.st.stm32cube.ide.mcu.externaltools.gnu-tools-for-stm32.10.3-2021.10.win32_1.0.100.202210260954/tools/bin/../lib/gcc/arm-none-eabi/10.3.1/../../../../arm-none-eabi/lib/thumb/v7e-m+fp/hard\libc_nano.a(lib_a-nano-svfprintf.o)
                0x00000000080062ac                _svfiprintf_r
                0x00000000080062ac                _svfprintf_r
 .text._printf_common
                0x00000000080064ac       0xda c:/st/stm32cubeide_1.11.0/stm32cubeide/plugins/com.st.stm32cube.ide.mcu.externaltools.gnu-tools-for-stm32.10.3-2021.10.win32_1.0.100.202210260954/tools/bin/../lib/gcc/arm-none-eabi/10.3.1/../../../../arm-none-eabi/lib/thumb/v7e-m+fp/hard\libc_nano.a(lib_a-nano-vfprintf_i.o)
                0x00000000080064ac                _printf_common
 *fill*         0x0000000008006586        0x2 
 .text._printf_i
                0x0000000008006588      0x24c c:/st/stm32cubeide_1.11.0/stm32cubeide/plugins/com.st.stm32cube.ide.mcu.externaltools.gnu-tools-for-stm32.10.3-2021.10.win32_1.0.100.202210260954/tools/bin/../lib/gcc/arm-none-eabi/10.3.1/../../../../arm-none-eabi/lib/thumb/v7e-m+fp/hard\libc_nano.a(lib_a-nano-vfprintf_i.o)
                0x0000000008006588                _printf_i
 .text.memmove  0x00000000080067d4       0x34 c:/st/stm32cubeide_1.11.0/stm32cubeide/plugins/com.st.stm32cube.ide.mcu.externaltools.gnu-tools-for-stm32.10.3-2021.10.win32_1.0.100.202210260954/tools/bin/../lib/gcc/arm-none-eabi/10.3.1/../../../../arm-none-eabi/lib/thumb/v7e-m+fp/hard\libc_nano.a(lib_a-memmove.o)
                0x00000000080067d4                memmove
 .text._free_r  0x0000000008006808       0x98 c:/st/stm32cubeide_1.11.0/stm32cubeide/plugins/com.st.stm32cube.ide.mcu.externaltools.gnu-tools-for-stm32.10.3-2021.10.win32_1.0.100.202210260954/tools/bin/../lib/gcc/arm-none-eabi/10.3.1/../../../../arm-none-eabi/lib/thumb/v7e-m+fp/hard\libc_nano.a(lib_a-nano-freer.o)
                0x0000000008006808                _free_r
 .text.sbrk_aligned
                0x00000000080068a0       0x40 c:/st/stm32cubeide_1.11.0/stm32cubeide/plugins/com.st.stm32cube.ide.mcu.externaltools.gnu-tools-for-stm32.10.3-2021.10.win32_1.0.100.202210260954/tools/bin/../lib/gcc/arm-none-eabi/10.3.1/../../../../arm-none-eabi/lib/thumb/v7e-m+fp/hard\libc_nano.a(lib_a-nano-mallocr.o)
 .text._malloc_r
                0x00000000080068e0       0xe8 c:/st/stm32cubeide_1.11.0/stm32cubeide/plugins/com.st.stm32cube.ide.mcu.externaltools.gnu-tools-for-stm32.10.3-2021.10.win32_1.0.100.202210260954/tools/bin/../lib/gcc/arm-none-eabi/10.3.1/../../../../arm-none-eabi/lib/thumb/v7e-m+fp/hard\libc_nano.a(lib_a-nano-mallocr.o)
                0x00000000080068e0                _malloc_r
 .text._realloc_r
                0x00000000080069c8       0x5e c:/st/stm32cubeide_1.11.0/stm32cubeide/plugins/com.st.stm32cube.ide.mcu.externaltools.gnu-tools-for-stm32.10.3-2021.10.win32_1.0.100.202210260954/tools/bin/../lib/gcc/arm-none-eabi/10.3.1/../../../../arm-none-eabi/lib/thumb/v7e-m+fp/hard\libc_nano.a(lib_a-nano-reallocr.o)
                0x00000000080069c8                _realloc_r
 *fill*         0x0000000008006a26        0x2 
 .text._sbrk_r  0x0000000008006a28       0x20 c:/st/stm32cubeide_1.11.0/stm32cubeide/plugins/com.st.stm32cube.ide.mcu.externaltools.gnu-tools-for-stm32.10.3-2021.10.win32_1.0.100.202210260954/tools/bin/../lib/gcc/arm-none-eabi/10.3.1/../../../../arm-none-eabi/lib/thumb/v7e-m+fp/hard\libc_nano.a(lib_a-sbrkr.o)
                0x0000000008006a28                _sbrk_r
 .text.__malloc_lock
                0x0000000008006a48        0xc c:/st/stm32cubeide_1.11.0/stm32cubeide/plugins/com.st.stm32cube.ide.mcu.externaltools.gnu-tools-for-stm32.10.3-2021.10.win32_1.0.100.202210260954/tools/bin/../lib/gcc/arm-none-eabi/10.3.1/../../../../arm-none-eabi/lib/thumb/v7e-m+fp/hard\libc_nano.a(lib_a-mlock.o)
                0x0000000008006a48                __malloc_lock
 .text.__malloc_unlock
                0x0000000008006a54        0xc c:/st/stm32cubeide_1.11.0/stm32cubeide/plugins/com.st.stm32cube.ide.mcu.externaltools.gnu-tools-for-stm32.10.3-2021.10.win32_1.0.100.202210260954/tools/bin/../lib/gcc/arm-none-eabi/10.3.1/../../../../arm-none-eabi/lib/thumb/v7e-m+fp/hard\libc_nano.a(lib_a-mlock.o)
                0x0000000008006a54                __malloc_unlock
 .text._malloc_usable_size_r
                0x0000000008006a60       0x10 c:/st/stm32cubeide_1.11.0/stm32cubeide/plugins/com.st.stm32cube.ide.mcu.externaltools.gnu-tools-for-stm32.10.3-2021.10.win32_1.0.100.202210260954/tools/bin/../lib/gcc/arm-none-eabi/10.3.1/../../../../arm-none-eabi/lib/thumb/v7e-m+fp/hard\libc_nano.a(lib_a-nano-msizer.o)
                0x0000000008006a60                _malloc_usable_size_r
 .text.__retarget_lock_acquire_recursive
                0x0000000008006a70        0x2 c:/st/stm32cubeide_1.11.0/stm32cubeide/plugins/com.st.stm32cube.ide.mcu.externaltools.gnu-tools-for-stm32.10.3-2021.10.win32_1.0.100.202210260954/tools/bin/../lib/gcc/arm-none-eabi/10.3.1/../../../../arm-none-eabi/lib/thumb/v7e-m+fp/hard\libc_nano.a(lib_a-lock.o)
                0x0000000008006a70                __retarget_lock_acquire_recursive
 .text.__retarget_lock_release_recursive
                0x0000000008006a72        0x2 c:/st/stm32cubeide_1.11.0/stm32cubeide/plugins/com.st.stm32cube.ide.mcu.externaltools.gnu-tools-for-stm32.10.3-2021.10.win32_1.0.100.202210260954/tools/bin/../lib/gcc/arm-none-eabi/10.3.1/../../../../arm-none-eabi/lib/thumb/v7e-m+fp/hard\libc_nano.a(lib_a-lock.o)
                0x0000000008006a72                __retarget_lock_release_recursive
 *(.glue_7)
 .glue_7        0x0000000008006a74        0x0 linker stubs
 *(.glue_7t)
 .glue_7t       0x0000000008006a74        0x0 linker stubs
 *(.eh_frame)
 .eh_frame      0x0000000008006a74        0x0 c:/st/stm32cubeide_1.11.0/stm32cubeide/plugins/com.st.stm32cube.ide.mcu.externaltools.gnu-tools-for-stm32.10.3-2021.10.win32_1.0.100.202210260954/tools/bin/../lib/gcc/arm-none-eabi/10.3.1/thumb/v7e-m+fp/hard/crtbegin.o
 *(.init)
 .init          0x0000000008006a74        0x4 c:/st/stm32cubeide_1.11.0/stm32cubeide/plugins/com.st.stm32cube.ide.mcu.externaltools.gnu-tools-for-stm32.10.3-2021.10.win32_1.0.100.202210260954/tools/bin/../lib/gcc/arm-none-eabi/10.3.1/thumb/v7e-m+fp/hard/crti.o
                0x0000000008006a74                _init
 .init          0x0000000008006a78        0x8 c:/st/stm32cubeide_1.11.0/stm32cubeide/plugins/com.st.stm32cube.ide.mcu.externaltools.gnu-tools-for-stm32.10.3-2021.10.win32_1.0.100.202210260954/tools/bin/../lib/gcc/arm-none-eabi/10.3.1/thumb/v7e-m+fp/hard/crtn.o
 *(.fini)
 .fini          0x0000000008006a80        0x4 c:/st/stm32cubeide_1.11.0/stm32cubeide/plugins/com.st.stm32cube.ide.mcu.externaltools.gnu-tools-for-stm32.10.3-2021.10.win32_1.0.100.202210260954/tools/bin/../lib/gcc/arm-none-eabi/10.3.1/thumb/v7e-m+fp/hard/crti.o
                0x0000000008006a80                _fini
 .fini          0x0000000008006a84        0x8 c:/st/stm32cubeide_1.11.0/stm32cubeide/plugins/com.st.stm32cube.ide.mcu.externaltools.gnu-tools-for-stm32.10.3-2021.10.win32_1.0.100.202210260954/tools/bin/../lib/gcc/arm-none-eabi/10.3.1/thumb/v7e-m+fp/hard/crtn.o
                0x0000000008006a8c                . = ALIGN (0x4)
                0x0000000008006a8c                _etext = .

.vfp11_veneer   0x0000000008006a8c        0x0
 .vfp11_veneer  0x0000000008006a8c        0x0 linker stubs

.v4_bx          0x0000000008006a8c        0x0
 .v4_bx         0x0000000008006a8c        0x0 linker stubs

.iplt           0x0000000008006a8c        0x0
 .iplt          0x0000000008006a8c        0x0 c:/st/stm32cubeide_1.11.0/stm32cubeide/plugins/com.st.stm32cube.ide.mcu.externaltools.gnu-tools-for-stm32.10.3-2021.10.win32_1.0.100.202210260954/tools/bin/../lib/gcc/arm-none-eabi/10.3.1/thumb/v7e-m+fp/hard/crtbegin.o

.rodata         0x0000000008006a8c      0x190
                0x0000000008006a8c                . = ALIGN (0x4)
 *(.rodata)
 .rodata        0x0000000008006a8c        0x2 ./Core/Src/uart_driver.o
 *(.rodata*)
 .rodata.main.str1.1
                0x0000000008006a8e       0x26 ./Core/Src/main.o
 .rodata.print_maze.str1.1
                0x0000000008006ab4        0x9 ./Core/Src/mazemanager.o
                                          0xb (size before relaxing)
 .rodata.explore.str1.1
                0x0000000008006abd        0x5 ./Core/Src/mazemanager.o
 .rodata.AHBPrescTable
                0x0000000008006ac2       0x10 ./Core/Src/system_stm32f4xx.o
                0x0000000008006ac2                AHBPrescTable
 .rodata.APBPrescTable
                0x0000000008006ad2        0x8 ./Core/Src/system_stm32f4xx.o
                0x0000000008006ad2                APBPrescTable
 .rodata.uart_startup_transmit.str1.1
                0x0000000008006ada        0xe ./Core/Src/uart_driver.o
 .rodata._ctype_
                0x0000000008006ae8      0x101 c:/st/stm32cubeide_1.11.0/stm32cubeide/plugins/com.st.stm32cube.ide.mcu.externaltools.gnu-tools-for-stm32.10.3-2021.10.win32_1.0.100.202210260954/tools/bin/../lib/gcc/arm-none-eabi/10.3.1/../../../../arm-none-eabi/lib/thumb/v7e-m+fp/hard\libc_nano.a(lib_a-ctype_.o)
                0x0000000008006ae8                _ctype_
 .rodata._svfprintf_r.str1.1
                0x0000000008006be9       0x11 c:/st/stm32cubeide_1.11.0/stm32cubeide/plugins/com.st.stm32cube.ide.mcu.externaltools.gnu-tools-for-stm32.10.3-2021.10.win32_1.0.100.202210260954/tools/bin/../lib/gcc/arm-none-eabi/10.3.1/../../../../arm-none-eabi/lib/thumb/v7e-m+fp/hard\libc_nano.a(lib_a-nano-svfprintf.o)
 .rodata._printf_i.str1.1
                0x0000000008006bfa       0x22 c:/st/stm32cubeide_1.11.0/stm32cubeide/plugins/com.st.stm32cube.ide.mcu.externaltools.gnu-tools-for-stm32.10.3-2021.10.win32_1.0.100.202210260954/tools/bin/../lib/gcc/arm-none-eabi/10.3.1/../../../../arm-none-eabi/lib/thumb/v7e-m+fp/hard\libc_nano.a(lib_a-nano-vfprintf_i.o)
                0x0000000008006c1c                . = ALIGN (0x4)

.ARM.extab      0x0000000008006c1c        0x0
                0x0000000008006c1c                . = ALIGN (0x4)
 *(.ARM.extab* .gnu.linkonce.armextab.*)
                0x0000000008006c1c                . = ALIGN (0x4)

.ARM            0x0000000008006c1c        0x8
                0x0000000008006c1c                . = ALIGN (0x4)
                0x0000000008006c1c                __exidx_start = .
 *(.ARM.exidx*)
 .ARM.exidx     0x0000000008006c1c        0x8 c:/st/stm32cubeide_1.11.0/stm32cubeide/plugins/com.st.stm32cube.ide.mcu.externaltools.gnu-tools-for-stm32.10.3-2021.10.win32_1.0.100.202210260954/tools/bin/../lib/gcc/arm-none-eabi/10.3.1/thumb/v7e-m+fp/hard\libgcc.a(_udivmoddi4.o)
                0x0000000008006c24                __exidx_end = .
                0x0000000008006c24                . = ALIGN (0x4)

.rel.dyn        0x0000000008006c24        0x0
 .rel.iplt      0x0000000008006c24        0x0 c:/st/stm32cubeide_1.11.0/stm32cubeide/plugins/com.st.stm32cube.ide.mcu.externaltools.gnu-tools-for-stm32.10.3-2021.10.win32_1.0.100.202210260954/tools/bin/../lib/gcc/arm-none-eabi/10.3.1/thumb/v7e-m+fp/hard/crtbegin.o

.preinit_array  0x0000000008006c24        0x0
                0x0000000008006c24                . = ALIGN (0x4)
                0x0000000008006c24                PROVIDE (__preinit_array_start = .)
 *(.preinit_array*)
                0x0000000008006c24                PROVIDE (__preinit_array_end = .)
                0x0000000008006c24                . = ALIGN (0x4)

.init_array     0x0000000008006c24        0x4
                0x0000000008006c24                . = ALIGN (0x4)
                0x0000000008006c24                PROVIDE (__init_array_start = .)
 *(SORT_BY_NAME(.init_array.*))
 *(.init_array*)
 .init_array    0x0000000008006c24        0x4 c:/st/stm32cubeide_1.11.0/stm32cubeide/plugins/com.st.stm32cube.ide.mcu.externaltools.gnu-tools-for-stm32.10.3-2021.10.win32_1.0.100.202210260954/tools/bin/../lib/gcc/arm-none-eabi/10.3.1/thumb/v7e-m+fp/hard/crtbegin.o
                0x0000000008006c28                PROVIDE (__init_array_end = .)
                0x0000000008006c28                . = ALIGN (0x4)

.fini_array     0x0000000008006c28        0x4
                0x0000000008006c28                . = ALIGN (0x4)
                [!provide]                        PROVIDE (__fini_array_start = .)
 *(SORT_BY_NAME(.fini_array.*))
 *(.fini_array*)
 .fini_array    0x0000000008006c28        0x4 c:/st/stm32cubeide_1.11.0/stm32cubeide/plugins/com.st.stm32cube.ide.mcu.externaltools.gnu-tools-for-stm32.10.3-2021.10.win32_1.0.100.202210260954/tools/bin/../lib/gcc/arm-none-eabi/10.3.1/thumb/v7e-m+fp/hard/crtbegin.o
                [!provide]                        PROVIDE (__fini_array_end = .)
                0x0000000008006c2c                . = ALIGN (0x4)
                0x0000000008006c2c                _sidata = LOADADDR (.data)

.data           0x0000000020000000       0x7c load address 0x0000000008006c2c
                0x0000000020000000                . = ALIGN (0x4)
                0x0000000020000000                _sdata = .
 *(.data)
 *(.data*)
 .data.target_x
                0x0000000020000000        0x1 ./Core/Src/globals.o
                0x0000000020000000                target_x
 *fill*         0x0000000020000001        0x3 
 .data.Laddress.0
                0x0000000020000004        0x4 ./Core/Src/mazemanager.o
 .data.prev_measurements.1
                0x0000000020000008        0x3 ./Core/Src/mazemanager.o
 *fill*         0x000000002000000b        0x1 
 .data.SystemCoreClock
                0x000000002000000c        0x4 ./Core/Src/system_stm32f4xx.o
                0x000000002000000c                SystemCoreClock
 .data.uwTickFreq
                0x0000000020000010        0x1 ./Drivers/STM32F4xx_HAL_Driver/stm32f4xx_hal.o
                0x0000000020000010                uwTickFreq
 *fill*         0x0000000020000011        0x3 
 .data.uwTickPrio
                0x0000000020000014        0x4 ./Drivers/STM32F4xx_HAL_Driver/stm32f4xx_hal.o
                0x0000000020000014                uwTickPrio
 .data._impure_ptr
                0x0000000020000018        0x4 c:/st/stm32cubeide_1.11.0/stm32cubeide/plugins/com.st.stm32cube.ide.mcu.externaltools.gnu-tools-for-stm32.10.3-2021.10.win32_1.0.100.202210260954/tools/bin/../lib/gcc/arm-none-eabi/10.3.1/../../../../arm-none-eabi/lib/thumb/v7e-m+fp/hard\libc_nano.a(lib_a-impure.o)
                0x0000000020000018                _impure_ptr
 .data.impure_data
                0x000000002000001c       0x60 c:/st/stm32cubeide_1.11.0/stm32cubeide/plugins/com.st.stm32cube.ide.mcu.externaltools.gnu-tools-for-stm32.10.3-2021.10.win32_1.0.100.202210260954/tools/bin/../lib/gcc/arm-none-eabi/10.3.1/../../../../arm-none-eabi/lib/thumb/v7e-m+fp/hard\libc_nano.a(lib_a-impure.o)
 *(.RamFunc)
 *(.RamFunc*)
                0x000000002000007c                . = ALIGN (0x4)
                0x000000002000007c                _edata = .

.igot.plt       0x000000002000007c        0x0 load address 0x0000000008006ca8
 .igot.plt      0x000000002000007c        0x0 c:/st/stm32cubeide_1.11.0/stm32cubeide/plugins/com.st.stm32cube.ide.mcu.externaltools.gnu-tools-for-stm32.10.3-2021.10.win32_1.0.100.202210260954/tools/bin/../lib/gcc/arm-none-eabi/10.3.1/thumb/v7e-m+fp/hard/crtbegin.o
                0x000000002000007c                . = ALIGN (0x4)

.bss            0x000000002000007c      0x464 load address 0x0000000008006ca8
                0x000000002000007c                _sbss = .
                0x000000002000007c                __bss_start__ = _sbss
 *(.bss)
 .bss           0x000000002000007c       0x1c c:/st/stm32cubeide_1.11.0/stm32cubeide/plugins/com.st.stm32cube.ide.mcu.externaltools.gnu-tools-for-stm32.10.3-2021.10.win32_1.0.100.202210260954/tools/bin/../lib/gcc/arm-none-eabi/10.3.1/thumb/v7e-m+fp/hard/crtbegin.o
 *(.bss*)
 .bss.i2c_buff  0x0000000020000098        0x8 ./Core/Src/TOF_manager.o
                0x0000000020000098                i2c_buff
 .bss.Dist_error_acc
                0x00000000200000a0        0x4 ./Core/Src/globals.o
                0x00000000200000a0                Dist_error_acc
 .bss.L_acc     0x00000000200000a4        0x4 ./Core/Src/globals.o
                0x00000000200000a4                L_acc
 .bss.L_acc_error
                0x00000000200000a8        0x4 ./Core/Src/globals.o
                0x00000000200000a8                L_acc_error
 .bss.L_ctrl_signal
                0x00000000200000ac        0x4 ./Core/Src/globals.o
                0x00000000200000ac                L_ctrl_signal
 .bss.L_error   0x00000000200000b0        0x4 ./Core/Src/globals.o
                0x00000000200000b0                L_error
 .bss.L_prev_enc_count
                0x00000000200000b4        0x2 ./Core/Src/globals.o
                0x00000000200000b4                L_prev_enc_count
 .bss.L_speed_setpoint
                0x00000000200000b6        0x2 ./Core/Src/globals.o
                0x00000000200000b6                L_speed_setpoint
 .bss.Mouse     0x00000000200000b8        0x3 ./Core/Src/globals.o
                0x00000000200000b8                Mouse
 *fill*         0x00000000200000bb        0x1 
 .bss.R_acc     0x00000000200000bc        0x4 ./Core/Src/globals.o
                0x00000000200000bc                R_acc
 .bss.R_acc_error
                0x00000000200000c0        0x4 ./Core/Src/globals.o
                0x00000000200000c0                R_acc_error
 .bss.R_ctrl_signal
                0x00000000200000c4        0x4 ./Core/Src/globals.o
                0x00000000200000c4                R_ctrl_signal
 .bss.R_error   0x00000000200000c8        0x4 ./Core/Src/globals.o
                0x00000000200000c8                R_error
 .bss.R_prev_enc_count
                0x00000000200000cc        0x2 ./Core/Src/globals.o
                0x00000000200000cc                R_prev_enc_count
 .bss.R_speed_setpoint
                0x00000000200000ce        0x2 ./Core/Src/globals.o
                0x00000000200000ce                R_speed_setpoint
 .bss.maze      0x00000000200000d0       0x20 ./Core/Src/globals.o
                0x00000000200000d0                maze
 .bss.measurements
                0x00000000200000f0        0x3 ./Core/Src/globals.o
                0x00000000200000f0                measurements
 .bss.message_waiting_flag
                0x00000000200000f3        0x1 ./Core/Src/globals.o
                0x00000000200000f3                message_waiting_flag
 .bss.receive_buffer
                0x00000000200000f4       0x20 ./Core/Src/globals.o
                0x00000000200000f4                receive_buffer
 .bss.send_buffer
                0x0000000020000114       0x40 ./Core/Src/globals.o
                0x0000000020000114                send_buffer
 .bss.target_y  0x0000000020000154        0x1 ./Core/Src/globals.o
                0x0000000020000154                target_y
 *fill*         0x0000000020000155        0x3 
 .bss.hadc1     0x0000000020000158       0x48 ./Core/Src/main.o
                0x0000000020000158                hadc1
 .bss.hi2c1     0x00000000200001a0       0x54 ./Core/Src/main.o
                0x00000000200001a0                hi2c1
 .bss.hi2c2     0x00000000200001f4       0x54 ./Core/Src/main.o
                0x00000000200001f4                hi2c2
 .bss.hi2c3     0x0000000020000248       0x54 ./Core/Src/main.o
                0x0000000020000248                hi2c3
 .bss.hspi2     0x000000002000029c       0x58 ./Core/Src/main.o
                0x000000002000029c                hspi2
 .bss.htim1     0x00000000200002f4       0x48 ./Core/Src/main.o
                0x00000000200002f4                htim1
 .bss.htim11    0x000000002000033c       0x48 ./Core/Src/main.o
                0x000000002000033c                htim11
 .bss.htim2     0x0000000020000384       0x48 ./Core/Src/main.o
                0x0000000020000384                htim2
 .bss.htim3     0x00000000200003cc       0x48 ./Core/Src/main.o
                0x00000000200003cc                htim3
 .bss.htim5     0x0000000020000414       0x48 ./Core/Src/main.o
                0x0000000020000414                htim5
 .bss.huart2    0x000000002000045c       0x44 ./Core/Src/main.o
                0x000000002000045c                huart2
 .bss.L_open_count.3
                0x00000000200004a0        0x1 ./Core/Src/mazemanager.o
 .bss.R_open_count.2
                0x00000000200004a1        0x1 ./Core/Src/mazemanager.o
 .bss.flag.0    0x00000000200004a2        0x1 ./Core/Src/stm32f4xx_it.o
 *fill*         0x00000000200004a3        0x1 
 .bss.__sbrk_heap_end
                0x00000000200004a4        0x4 ./Core/Src/sysmem.o
 .bss.index.0   0x00000000200004a8        0x1 ./Core/Src/uart_driver.o
 *fill*         0x00000000200004a9        0x3 
 .bss.uwTick    0x00000000200004ac        0x4 ./Drivers/STM32F4xx_HAL_Driver/stm32f4xx_hal.o
                0x00000000200004ac                uwTick
 .bss.pFlash    0x00000000200004b0       0x20 ./Drivers/STM32F4xx_HAL_Driver/stm32f4xx_hal_flash.o
                0x00000000200004b0                pFlash
 .bss.__malloc_free_list
                0x00000000200004d0        0x4 c:/st/stm32cubeide_1.11.0/stm32cubeide/plugins/com.st.stm32cube.ide.mcu.externaltools.gnu-tools-for-stm32.10.3-2021.10.win32_1.0.100.202210260954/tools/bin/../lib/gcc/arm-none-eabi/10.3.1/../../../../arm-none-eabi/lib/thumb/v7e-m+fp/hard\libc_nano.a(lib_a-nano-mallocr.o)
                0x00000000200004d0                __malloc_free_list
 .bss.__malloc_sbrk_start
                0x00000000200004d4        0x4 c:/st/stm32cubeide_1.11.0/stm32cubeide/plugins/com.st.stm32cube.ide.mcu.externaltools.gnu-tools-for-stm32.10.3-2021.10.win32_1.0.100.202210260954/tools/bin/../lib/gcc/arm-none-eabi/10.3.1/../../../../arm-none-eabi/lib/thumb/v7e-m+fp/hard\libc_nano.a(lib_a-nano-mallocr.o)
                0x00000000200004d4                __malloc_sbrk_start
 .bss.errno     0x00000000200004d8        0x4 c:/st/stm32cubeide_1.11.0/stm32cubeide/plugins/com.st.stm32cube.ide.mcu.externaltools.gnu-tools-for-stm32.10.3-2021.10.win32_1.0.100.202210260954/tools/bin/../lib/gcc/arm-none-eabi/10.3.1/../../../../arm-none-eabi/lib/thumb/v7e-m+fp/hard\libc_nano.a(lib_a-reent.o)
                0x00000000200004d8                errno
 .bss.__lock___malloc_recursive_mutex
                0x00000000200004dc        0x1 c:/st/stm32cubeide_1.11.0/stm32cubeide/plugins/com.st.stm32cube.ide.mcu.externaltools.gnu-tools-for-stm32.10.3-2021.10.win32_1.0.100.202210260954/tools/bin/../lib/gcc/arm-none-eabi/10.3.1/../../../../arm-none-eabi/lib/thumb/v7e-m+fp/hard\libc_nano.a(lib_a-lock.o)
                0x00000000200004dc                __lock___malloc_recursive_mutex
 *(COMMON)
                0x00000000200004e0                . = ALIGN (0x4)
 *fill*         0x00000000200004dd        0x3 
                0x00000000200004e0                _ebss = .
                0x00000000200004e0                __bss_end__ = _ebss

._user_heap_stack
                0x00000000200004e0      0x600 load address 0x0000000008006ca8
                0x00000000200004e0                . = ALIGN (0x8)
                [!provide]                        PROVIDE (end = .)
                0x00000000200004e0                PROVIDE (_end = .)
                0x00000000200006e0                . = (. + _Min_Heap_Size)
 *fill*         0x00000000200004e0      0x200 
                0x0000000020000ae0                . = (. + _Min_Stack_Size)
 *fill*         0x00000000200006e0      0x400 
                0x0000000020000ae0                . = ALIGN (0x8)

/DISCARD/
 libc.a(*)
 libm.a(*)
 libgcc.a(*)

.ARM.attributes
                0x0000000000000000       0x30
 *(.ARM.attributes)
 .ARM.attributes
                0x0000000000000000       0x1e c:/st/stm32cubeide_1.11.0/stm32cubeide/plugins/com.st.stm32cube.ide.mcu.externaltools.gnu-tools-for-stm32.10.3-2021.10.win32_1.0.100.202210260954/tools/bin/../lib/gcc/arm-none-eabi/10.3.1/thumb/v7e-m+fp/hard/crti.o
 .ARM.attributes
                0x000000000000001e       0x34 c:/st/stm32cubeide_1.11.0/stm32cubeide/plugins/com.st.stm32cube.ide.mcu.externaltools.gnu-tools-for-stm32.10.3-2021.10.win32_1.0.100.202210260954/tools/bin/../lib/gcc/arm-none-eabi/10.3.1/thumb/v7e-m+fp/hard/crtbegin.o
 .ARM.attributes
                0x0000000000000052       0x34 ./Core/Src/TOF_manager.o
 .ARM.attributes
                0x0000000000000086       0x34 ./Core/Src/globals.o
 .ARM.attributes
                0x00000000000000ba       0x34 ./Core/Src/main.o
 .ARM.attributes
                0x00000000000000ee       0x34 ./Core/Src/mazemanager.o
 .ARM.attributes
                0x0000000000000122       0x34 ./Core/Src/motor_control.o
 .ARM.attributes
                0x0000000000000156       0x34 ./Core/Src/stm32f4xx_hal_msp.o
 .ARM.attributes
                0x000000000000018a       0x34 ./Core/Src/stm32f4xx_it.o
 .ARM.attributes
                0x00000000000001be       0x34 ./Core/Src/sysmem.o
 .ARM.attributes
                0x00000000000001f2       0x34 ./Core/Src/system_stm32f4xx.o
 .ARM.attributes
                0x0000000000000226       0x34 ./Core/Src/uart_driver.o
 .ARM.attributes
                0x000000000000025a       0x21 ./Core/Startup/startup_stm32f411ceux.o
 .ARM.attributes
                0x000000000000027b       0x34 ./Drivers/STM32F4xx_HAL_Driver/stm32f4xx_hal.o
 .ARM.attributes
                0x00000000000002af       0x34 ./Drivers/STM32F4xx_HAL_Driver/stm32f4xx_hal_adc.o
 .ARM.attributes
                0x00000000000002e3       0x34 ./Drivers/STM32F4xx_HAL_Driver/stm32f4xx_hal_cortex.o
 .ARM.attributes
                0x0000000000000317       0x34 ./Drivers/STM32F4xx_HAL_Driver/stm32f4xx_hal_dma.o
 .ARM.attributes
                0x000000000000034b       0x34 ./Drivers/STM32F4xx_HAL_Driver/stm32f4xx_hal_flash.o
 .ARM.attributes
                0x000000000000037f       0x34 ./Drivers/STM32F4xx_HAL_Driver/stm32f4xx_hal_gpio.o
 .ARM.attributes
                0x00000000000003b3       0x34 ./Drivers/STM32F4xx_HAL_Driver/stm32f4xx_hal_i2c.o
 .ARM.attributes
                0x00000000000003e7       0x34 ./Drivers/STM32F4xx_HAL_Driver/stm32f4xx_hal_rcc.o
 .ARM.attributes
                0x000000000000041b       0x34 ./Drivers/STM32F4xx_HAL_Driver/stm32f4xx_hal_spi.o
 .ARM.attributes
                0x000000000000044f       0x34 ./Drivers/STM32F4xx_HAL_Driver/stm32f4xx_hal_tim.o
 .ARM.attributes
                0x0000000000000483       0x34 ./Drivers/STM32F4xx_HAL_Driver/stm32f4xx_hal_tim_ex.o
 .ARM.attributes
                0x00000000000004b7       0x34 ./Drivers/STM32F4xx_HAL_Driver/stm32f4xx_hal_uart.o
 .ARM.attributes
                0x00000000000004eb       0x34 c:/st/stm32cubeide_1.11.0/stm32cubeide/plugins/com.st.stm32cube.ide.mcu.externaltools.gnu-tools-for-stm32.10.3-2021.10.win32_1.0.100.202210260954/tools/bin/../lib/gcc/arm-none-eabi/10.3.1/../../../../arm-none-eabi/lib/thumb/v7e-m+fp/hard\libc_nano.a(lib_a-atoi.o)
 .ARM.attributes
                0x000000000000051f       0x34 c:/st/stm32cubeide_1.11.0/stm32cubeide/plugins/com.st.stm32cube.ide.mcu.externaltools.gnu-tools-for-stm32.10.3-2021.10.win32_1.0.100.202210260954/tools/bin/../lib/gcc/arm-none-eabi/10.3.1/../../../../arm-none-eabi/lib/thumb/v7e-m+fp/hard\libc_nano.a(lib_a-errno.o)
 .ARM.attributes
                0x0000000000000553       0x34 c:/st/stm32cubeide_1.11.0/stm32cubeide/plugins/com.st.stm32cube.ide.mcu.externaltools.gnu-tools-for-stm32.10.3-2021.10.win32_1.0.100.202210260954/tools/bin/../lib/gcc/arm-none-eabi/10.3.1/../../../../arm-none-eabi/lib/thumb/v7e-m+fp/hard\libc_nano.a(lib_a-impure.o)
 .ARM.attributes
                0x0000000000000587       0x34 c:/st/stm32cubeide_1.11.0/stm32cubeide/plugins/com.st.stm32cube.ide.mcu.externaltools.gnu-tools-for-stm32.10.3-2021.10.win32_1.0.100.202210260954/tools/bin/../lib/gcc/arm-none-eabi/10.3.1/../../../../arm-none-eabi/lib/thumb/v7e-m+fp/hard\libc_nano.a(lib_a-init.o)
 .ARM.attributes
                0x00000000000005bb       0x34 c:/st/stm32cubeide_1.11.0/stm32cubeide/plugins/com.st.stm32cube.ide.mcu.externaltools.gnu-tools-for-stm32.10.3-2021.10.win32_1.0.100.202210260954/tools/bin/../lib/gcc/arm-none-eabi/10.3.1/../../../../arm-none-eabi/lib/thumb/v7e-m+fp/hard\libc_nano.a(lib_a-memcpy-stub.o)
 .ARM.attributes
                0x00000000000005ef       0x34 c:/st/stm32cubeide_1.11.0/stm32cubeide/plugins/com.st.stm32cube.ide.mcu.externaltools.gnu-tools-for-stm32.10.3-2021.10.win32_1.0.100.202210260954/tools/bin/../lib/gcc/arm-none-eabi/10.3.1/../../../../arm-none-eabi/lib/thumb/v7e-m+fp/hard\libc_nano.a(lib_a-memset.o)
 .ARM.attributes
                0x0000000000000623       0x34 c:/st/stm32cubeide_1.11.0/stm32cubeide/plugins/com.st.stm32cube.ide.mcu.externaltools.gnu-tools-for-stm32.10.3-2021.10.win32_1.0.100.202210260954/tools/bin/../lib/gcc/arm-none-eabi/10.3.1/../../../../arm-none-eabi/lib/thumb/v7e-m+fp/hard\libc_nano.a(lib_a-sprintf.o)
 .ARM.attributes
                0x0000000000000657       0x34 c:/st/stm32cubeide_1.11.0/stm32cubeide/plugins/com.st.stm32cube.ide.mcu.externaltools.gnu-tools-for-stm32.10.3-2021.10.win32_1.0.100.202210260954/tools/bin/../lib/gcc/arm-none-eabi/10.3.1/../../../../arm-none-eabi/lib/thumb/v7e-m+fp/hard\libc_nano.a(lib_a-strcpy.o)
 .ARM.attributes
                0x000000000000068b       0x17 c:/st/stm32cubeide_1.11.0/stm32cubeide/plugins/com.st.stm32cube.ide.mcu.externaltools.gnu-tools-for-stm32.10.3-2021.10.win32_1.0.100.202210260954/tools/bin/../lib/gcc/arm-none-eabi/10.3.1/../../../../arm-none-eabi/lib/thumb/v7e-m+fp/hard\libc_nano.a(lib_a-strlen.o)
 .ARM.attributes
                0x00000000000006a2       0x34 c:/st/stm32cubeide_1.11.0/stm32cubeide/plugins/com.st.stm32cube.ide.mcu.externaltools.gnu-tools-for-stm32.10.3-2021.10.win32_1.0.100.202210260954/tools/bin/../lib/gcc/arm-none-eabi/10.3.1/../../../../arm-none-eabi/lib/thumb/v7e-m+fp/hard\libc_nano.a(lib_a-strtol.o)
 .ARM.attributes
                0x00000000000006d6       0x34 c:/st/stm32cubeide_1.11.0/stm32cubeide/plugins/com.st.stm32cube.ide.mcu.externaltools.gnu-tools-for-stm32.10.3-2021.10.win32_1.0.100.202210260954/tools/bin/../lib/gcc/arm-none-eabi/10.3.1/../../../../arm-none-eabi/lib/thumb/v7e-m+fp/hard\libc_nano.a(lib_a-ctype_.o)
 .ARM.attributes
                0x000000000000070a       0x34 c:/st/stm32cubeide_1.11.0/stm32cubeide/plugins/com.st.stm32cube.ide.mcu.externaltools.gnu-tools-for-stm32.10.3-2021.10.win32_1.0.100.202210260954/tools/bin/../lib/gcc/arm-none-eabi/10.3.1/../../../../arm-none-eabi/lib/thumb/v7e-m+fp/hard\libc_nano.a(lib_a-nano-svfprintf.o)
 .ARM.attributes
                0x000000000000073e       0x34 c:/st/stm32cubeide_1.11.0/stm32cubeide/plugins/com.st.stm32cube.ide.mcu.externaltools.gnu-tools-for-stm32.10.3-2021.10.win32_1.0.100.202210260954/tools/bin/../lib/gcc/arm-none-eabi/10.3.1/../../../../arm-none-eabi/lib/thumb/v7e-m+fp/hard\libc_nano.a(lib_a-nano-vfprintf_i.o)
 .ARM.attributes
                0x0000000000000772       0x1c c:/st/stm32cubeide_1.11.0/stm32cubeide/plugins/com.st.stm32cube.ide.mcu.externaltools.gnu-tools-for-stm32.10.3-2021.10.win32_1.0.100.202210260954/tools/bin/../lib/gcc/arm-none-eabi/10.3.1/../../../../arm-none-eabi/lib/thumb/v7e-m+fp/hard\libc_nano.a(lib_a-memchr.o)
 .ARM.attributes
                0x000000000000078e       0x34 c:/st/stm32cubeide_1.11.0/stm32cubeide/plugins/com.st.stm32cube.ide.mcu.externaltools.gnu-tools-for-stm32.10.3-2021.10.win32_1.0.100.202210260954/tools/bin/../lib/gcc/arm-none-eabi/10.3.1/../../../../arm-none-eabi/lib/thumb/v7e-m+fp/hard\libc_nano.a(lib_a-memmove.o)
 .ARM.attributes
                0x00000000000007c2       0x34 c:/st/stm32cubeide_1.11.0/stm32cubeide/plugins/com.st.stm32cube.ide.mcu.externaltools.gnu-tools-for-stm32.10.3-2021.10.win32_1.0.100.202210260954/tools/bin/../lib/gcc/arm-none-eabi/10.3.1/../../../../arm-none-eabi/lib/thumb/v7e-m+fp/hard\libc_nano.a(lib_a-nano-freer.o)
 .ARM.attributes
                0x00000000000007f6       0x34 c:/st/stm32cubeide_1.11.0/stm32cubeide/plugins/com.st.stm32cube.ide.mcu.externaltools.gnu-tools-for-stm32.10.3-2021.10.win32_1.0.100.202210260954/tools/bin/../lib/gcc/arm-none-eabi/10.3.1/../../../../arm-none-eabi/lib/thumb/v7e-m+fp/hard\libc_nano.a(lib_a-nano-mallocr.o)
 .ARM.attributes
                0x000000000000082a       0x34 c:/st/stm32cubeide_1.11.0/stm32cubeide/plugins/com.st.stm32cube.ide.mcu.externaltools.gnu-tools-for-stm32.10.3-2021.10.win32_1.0.100.202210260954/tools/bin/../lib/gcc/arm-none-eabi/10.3.1/../../../../arm-none-eabi/lib/thumb/v7e-m+fp/hard\libc_nano.a(lib_a-nano-reallocr.o)
 .ARM.attributes
                0x000000000000085e       0x34 c:/st/stm32cubeide_1.11.0/stm32cubeide/plugins/com.st.stm32cube.ide.mcu.externaltools.gnu-tools-for-stm32.10.3-2021.10.win32_1.0.100.202210260954/tools/bin/../lib/gcc/arm-none-eabi/10.3.1/../../../../arm-none-eabi/lib/thumb/v7e-m+fp/hard\libc_nano.a(lib_a-sbrkr.o)
 .ARM.attributes
                0x0000000000000892       0x34 c:/st/stm32cubeide_1.11.0/stm32cubeide/plugins/com.st.stm32cube.ide.mcu.externaltools.gnu-tools-for-stm32.10.3-2021.10.win32_1.0.100.202210260954/tools/bin/../lib/gcc/arm-none-eabi/10.3.1/../../../../arm-none-eabi/lib/thumb/v7e-m+fp/hard\libc_nano.a(lib_a-mlock.o)
 .ARM.attributes
                0x00000000000008c6       0x34 c:/st/stm32cubeide_1.11.0/stm32cubeide/plugins/com.st.stm32cube.ide.mcu.externaltools.gnu-tools-for-stm32.10.3-2021.10.win32_1.0.100.202210260954/tools/bin/../lib/gcc/arm-none-eabi/10.3.1/../../../../arm-none-eabi/lib/thumb/v7e-m+fp/hard\libc_nano.a(lib_a-nano-msizer.o)
 .ARM.attributes
                0x00000000000008fa       0x34 c:/st/stm32cubeide_1.11.0/stm32cubeide/plugins/com.st.stm32cube.ide.mcu.externaltools.gnu-tools-for-stm32.10.3-2021.10.win32_1.0.100.202210260954/tools/bin/../lib/gcc/arm-none-eabi/10.3.1/../../../../arm-none-eabi/lib/thumb/v7e-m+fp/hard\libc_nano.a(lib_a-reent.o)
 .ARM.attributes
                0x000000000000092e       0x34 c:/st/stm32cubeide_1.11.0/stm32cubeide/plugins/com.st.stm32cube.ide.mcu.externaltools.gnu-tools-for-stm32.10.3-2021.10.win32_1.0.100.202210260954/tools/bin/../lib/gcc/arm-none-eabi/10.3.1/../../../../arm-none-eabi/lib/thumb/v7e-m+fp/hard\libc_nano.a(lib_a-lock.o)
 .ARM.attributes
                0x0000000000000962       0x1e c:/st/stm32cubeide_1.11.0/stm32cubeide/plugins/com.st.stm32cube.ide.mcu.externaltools.gnu-tools-for-stm32.10.3-2021.10.win32_1.0.100.202210260954/tools/bin/../lib/gcc/arm-none-eabi/10.3.1/thumb/v7e-m+fp/hard\libgcc.a(_arm_addsubdf3.o)
 .ARM.attributes
                0x0000000000000980       0x1e c:/st/stm32cubeide_1.11.0/stm32cubeide/plugins/com.st.stm32cube.ide.mcu.externaltools.gnu-tools-for-stm32.10.3-2021.10.win32_1.0.100.202210260954/tools/bin/../lib/gcc/arm-none-eabi/10.3.1/thumb/v7e-m+fp/hard\libgcc.a(_arm_muldivdf3.o)
 .ARM.attributes
                0x000000000000099e       0x1e c:/st/stm32cubeide_1.11.0/stm32cubeide/plugins/com.st.stm32cube.ide.mcu.externaltools.gnu-tools-for-stm32.10.3-2021.10.win32_1.0.100.202210260954/tools/bin/../lib/gcc/arm-none-eabi/10.3.1/thumb/v7e-m+fp/hard\libgcc.a(_arm_fixdfsi.o)
 .ARM.attributes
                0x00000000000009bc       0x1e c:/st/stm32cubeide_1.11.0/stm32cubeide/plugins/com.st.stm32cube.ide.mcu.externaltools.gnu-tools-for-stm32.10.3-2021.10.win32_1.0.100.202210260954/tools/bin/../lib/gcc/arm-none-eabi/10.3.1/thumb/v7e-m+fp/hard\libgcc.a(_aeabi_uldivmod.o)
 .ARM.attributes
                0x00000000000009da       0x34 c:/st/stm32cubeide_1.11.0/stm32cubeide/plugins/com.st.stm32cube.ide.mcu.externaltools.gnu-tools-for-stm32.10.3-2021.10.win32_1.0.100.202210260954/tools/bin/../lib/gcc/arm-none-eabi/10.3.1/thumb/v7e-m+fp/hard\libgcc.a(_udivmoddi4.o)
 .ARM.attributes
                0x0000000000000a0e       0x1e c:/st/stm32cubeide_1.11.0/stm32cubeide/plugins/com.st.stm32cube.ide.mcu.externaltools.gnu-tools-for-stm32.10.3-2021.10.win32_1.0.100.202210260954/tools/bin/../lib/gcc/arm-none-eabi/10.3.1/thumb/v7e-m+fp/hard\libgcc.a(_dvmd_tls.o)
 .ARM.attributes
                0x0000000000000a2c       0x1e c:/st/stm32cubeide_1.11.0/stm32cubeide/plugins/com.st.stm32cube.ide.mcu.externaltools.gnu-tools-for-stm32.10.3-2021.10.win32_1.0.100.202210260954/tools/bin/../lib/gcc/arm-none-eabi/10.3.1/thumb/v7e-m+fp/hard/crtn.o
OUTPUT(Test.elf elf32-littlearm)
LOAD linker stubs
LOAD c:/st/stm32cubeide_1.11.0/stm32cubeide/plugins/com.st.stm32cube.ide.mcu.externaltools.gnu-tools-for-stm32.10.3-2021.10.win32_1.0.100.202210260954/tools/bin/../lib/gcc/arm-none-eabi/10.3.1/../../../../arm-none-eabi/lib/thumb/v7e-m+fp/hard\libc.a
LOAD c:/st/stm32cubeide_1.11.0/stm32cubeide/plugins/com.st.stm32cube.ide.mcu.externaltools.gnu-tools-for-stm32.10.3-2021.10.win32_1.0.100.202210260954/tools/bin/../lib/gcc/arm-none-eabi/10.3.1/../../../../arm-none-eabi/lib/thumb/v7e-m+fp/hard\libm.a
LOAD c:/st/stm32cubeide_1.11.0/stm32cubeide/plugins/com.st.stm32cube.ide.mcu.externaltools.gnu-tools-for-stm32.10.3-2021.10.win32_1.0.100.202210260954/tools/bin/../lib/gcc/arm-none-eabi/10.3.1/thumb/v7e-m+fp/hard\libgcc.a

.comment        0x0000000000000000       0x50
 .comment       0x0000000000000000       0x50 ./Core/Src/TOF_manager.o
                                         0x51 (size before relaxing)
 .comment       0x0000000000000050       0x51 ./Core/Src/globals.o
 .comment       0x0000000000000050       0x51 ./Core/Src/main.o
 .comment       0x0000000000000050       0x51 ./Core/Src/mazemanager.o
 .comment       0x0000000000000050       0x51 ./Core/Src/motor_control.o
 .comment       0x0000000000000050       0x51 ./Core/Src/stm32f4xx_hal_msp.o
 .comment       0x0000000000000050       0x51 ./Core/Src/stm32f4xx_it.o
 .comment       0x0000000000000050       0x51 ./Core/Src/sysmem.o
 .comment       0x0000000000000050       0x51 ./Core/Src/system_stm32f4xx.o
 .comment       0x0000000000000050       0x51 ./Core/Src/uart_driver.o
 .comment       0x0000000000000050       0x51 ./Drivers/STM32F4xx_HAL_Driver/stm32f4xx_hal.o
 .comment       0x0000000000000050       0x51 ./Drivers/STM32F4xx_HAL_Driver/stm32f4xx_hal_adc.o
 .comment       0x0000000000000050       0x51 ./Drivers/STM32F4xx_HAL_Driver/stm32f4xx_hal_cortex.o
 .comment       0x0000000000000050       0x51 ./Drivers/STM32F4xx_HAL_Driver/stm32f4xx_hal_dma.o
 .comment       0x0000000000000050       0x51 ./Drivers/STM32F4xx_HAL_Driver/stm32f4xx_hal_flash.o
 .comment       0x0000000000000050       0x51 ./Drivers/STM32F4xx_HAL_Driver/stm32f4xx_hal_gpio.o
 .comment       0x0000000000000050       0x51 ./Drivers/STM32F4xx_HAL_Driver/stm32f4xx_hal_i2c.o
 .comment       0x0000000000000050       0x51 ./Drivers/STM32F4xx_HAL_Driver/stm32f4xx_hal_rcc.o
 .comment       0x0000000000000050       0x51 ./Drivers/STM32F4xx_HAL_Driver/stm32f4xx_hal_spi.o
 .comment       0x0000000000000050       0x51 ./Drivers/STM32F4xx_HAL_Driver/stm32f4xx_hal_tim.o
 .comment       0x0000000000000050       0x51 ./Drivers/STM32F4xx_HAL_Driver/stm32f4xx_hal_tim_ex.o
 .comment       0x0000000000000050       0x51 ./Drivers/STM32F4xx_HAL_Driver/stm32f4xx_hal_uart.o

.debug_frame    0x0000000000000000      0x694
 .debug_frame   0x0000000000000000       0x30 c:/st/stm32cubeide_1.11.0/stm32cubeide/plugins/com.st.stm32cube.ide.mcu.externaltools.gnu-tools-for-stm32.10.3-2021.10.win32_1.0.100.202210260954/tools/bin/../lib/gcc/arm-none-eabi/10.3.1/../../../../arm-none-eabi/lib/thumb/v7e-m+fp/hard\libc_nano.a(lib_a-atoi.o)
 .debug_frame   0x0000000000000030       0x20 c:/st/stm32cubeide_1.11.0/stm32cubeide/plugins/com.st.stm32cube.ide.mcu.externaltools.gnu-tools-for-stm32.10.3-2021.10.win32_1.0.100.202210260954/tools/bin/../lib/gcc/arm-none-eabi/10.3.1/../../../../arm-none-eabi/lib/thumb/v7e-m+fp/hard\libc_nano.a(lib_a-errno.o)
 .debug_frame   0x0000000000000050       0x2c c:/st/stm32cubeide_1.11.0/stm32cubeide/plugins/com.st.stm32cube.ide.mcu.externaltools.gnu-tools-for-stm32.10.3-2021.10.win32_1.0.100.202210260954/tools/bin/../lib/gcc/arm-none-eabi/10.3.1/../../../../arm-none-eabi/lib/thumb/v7e-m+fp/hard\libc_nano.a(lib_a-init.o)
 .debug_frame   0x000000000000007c       0x28 c:/st/stm32cubeide_1.11.0/stm32cubeide/plugins/com.st.stm32cube.ide.mcu.externaltools.gnu-tools-for-stm32.10.3-2021.10.win32_1.0.100.202210260954/tools/bin/../lib/gcc/arm-none-eabi/10.3.1/../../../../arm-none-eabi/lib/thumb/v7e-m+fp/hard\libc_nano.a(lib_a-memcpy-stub.o)
 .debug_frame   0x00000000000000a4       0x20 c:/st/stm32cubeide_1.11.0/stm32cubeide/plugins/com.st.stm32cube.ide.mcu.externaltools.gnu-tools-for-stm32.10.3-2021.10.win32_1.0.100.202210260954/tools/bin/../lib/gcc/arm-none-eabi/10.3.1/../../../../arm-none-eabi/lib/thumb/v7e-m+fp/hard\libc_nano.a(lib_a-memset.o)
 .debug_frame   0x00000000000000c4       0x6c c:/st/stm32cubeide_1.11.0/stm32cubeide/plugins/com.st.stm32cube.ide.mcu.externaltools.gnu-tools-for-stm32.10.3-2021.10.win32_1.0.100.202210260954/tools/bin/../lib/gcc/arm-none-eabi/10.3.1/../../../../arm-none-eabi/lib/thumb/v7e-m+fp/hard\libc_nano.a(lib_a-sprintf.o)
 .debug_frame   0x0000000000000130       0x20 c:/st/stm32cubeide_1.11.0/stm32cubeide/plugins/com.st.stm32cube.ide.mcu.externaltools.gnu-tools-for-stm32.10.3-2021.10.win32_1.0.100.202210260954/tools/bin/../lib/gcc/arm-none-eabi/10.3.1/../../../../arm-none-eabi/lib/thumb/v7e-m+fp/hard\libc_nano.a(lib_a-strcpy.o)
 .debug_frame   0x0000000000000150       0x64 c:/st/stm32cubeide_1.11.0/stm32cubeide/plugins/com.st.stm32cube.ide.mcu.externaltools.gnu-tools-for-stm32.10.3-2021.10.win32_1.0.100.202210260954/tools/bin/../lib/gcc/arm-none-eabi/10.3.1/../../../../arm-none-eabi/lib/thumb/v7e-m+fp/hard\libc_nano.a(lib_a-strtol.o)
 .debug_frame   0x00000000000001b4       0x90 c:/st/stm32cubeide_1.11.0/stm32cubeide/plugins/com.st.stm32cube.ide.mcu.externaltools.gnu-tools-for-stm32.10.3-2021.10.win32_1.0.100.202210260954/tools/bin/../lib/gcc/arm-none-eabi/10.3.1/../../../../arm-none-eabi/lib/thumb/v7e-m+fp/hard\libc_nano.a(lib_a-nano-svfprintf.o)
 .debug_frame   0x0000000000000244       0x60 c:/st/stm32cubeide_1.11.0/stm32cubeide/plugins/com.st.stm32cube.ide.mcu.externaltools.gnu-tools-for-stm32.10.3-2021.10.win32_1.0.100.202210260954/tools/bin/../lib/gcc/arm-none-eabi/10.3.1/../../../../arm-none-eabi/lib/thumb/v7e-m+fp/hard\libc_nano.a(lib_a-nano-vfprintf_i.o)
 .debug_frame   0x00000000000002a4       0x28 c:/st/stm32cubeide_1.11.0/stm32cubeide/plugins/com.st.stm32cube.ide.mcu.externaltools.gnu-tools-for-stm32.10.3-2021.10.win32_1.0.100.202210260954/tools/bin/../lib/gcc/arm-none-eabi/10.3.1/../../../../arm-none-eabi/lib/thumb/v7e-m+fp/hard\libc_nano.a(lib_a-memmove.o)
 .debug_frame   0x00000000000002cc       0x38 c:/st/stm32cubeide_1.11.0/stm32cubeide/plugins/com.st.stm32cube.ide.mcu.externaltools.gnu-tools-for-stm32.10.3-2021.10.win32_1.0.100.202210260954/tools/bin/../lib/gcc/arm-none-eabi/10.3.1/../../../../arm-none-eabi/lib/thumb/v7e-m+fp/hard\libc_nano.a(lib_a-nano-freer.o)
 .debug_frame   0x0000000000000304       0x4c c:/st/stm32cubeide_1.11.0/stm32cubeide/plugins/com.st.stm32cube.ide.mcu.externaltools.gnu-tools-for-stm32.10.3-2021.10.win32_1.0.100.202210260954/tools/bin/../lib/gcc/arm-none-eabi/10.3.1/../../../../arm-none-eabi/lib/thumb/v7e-m+fp/hard\libc_nano.a(lib_a-nano-mallocr.o)
 .debug_frame   0x0000000000000350       0x3c c:/st/stm32cubeide_1.11.0/stm32cubeide/plugins/com.st.stm32cube.ide.mcu.externaltools.gnu-tools-for-stm32.10.3-2021.10.win32_1.0.100.202210260954/tools/bin/../lib/gcc/arm-none-eabi/10.3.1/../../../../arm-none-eabi/lib/thumb/v7e-m+fp/hard\libc_nano.a(lib_a-nano-reallocr.o)
 .debug_frame   0x000000000000038c       0x2c c:/st/stm32cubeide_1.11.0/stm32cubeide/plugins/com.st.stm32cube.ide.mcu.externaltools.gnu-tools-for-stm32.10.3-2021.10.win32_1.0.100.202210260954/tools/bin/../lib/gcc/arm-none-eabi/10.3.1/../../../../arm-none-eabi/lib/thumb/v7e-m+fp/hard\libc_nano.a(lib_a-sbrkr.o)
 .debug_frame   0x00000000000003b8       0x30 c:/st/stm32cubeide_1.11.0/stm32cubeide/plugins/com.st.stm32cube.ide.mcu.externaltools.gnu-tools-for-stm32.10.3-2021.10.win32_1.0.100.202210260954/tools/bin/../lib/gcc/arm-none-eabi/10.3.1/../../../../arm-none-eabi/lib/thumb/v7e-m+fp/hard\libc_nano.a(lib_a-mlock.o)
 .debug_frame   0x00000000000003e8       0x20 c:/st/stm32cubeide_1.11.0/stm32cubeide/plugins/com.st.stm32cube.ide.mcu.externaltools.gnu-tools-for-stm32.10.3-2021.10.win32_1.0.100.202210260954/tools/bin/../lib/gcc/arm-none-eabi/10.3.1/../../../../arm-none-eabi/lib/thumb/v7e-m+fp/hard\libc_nano.a(lib_a-nano-msizer.o)
 .debug_frame   0x0000000000000408       0x5c c:/st/stm32cubeide_1.11.0/stm32cubeide/plugins/com.st.stm32cube.ide.mcu.externaltools.gnu-tools-for-stm32.10.3-2021.10.win32_1.0.100.202210260954/tools/bin/../lib/gcc/arm-none-eabi/10.3.1/../../../../arm-none-eabi/lib/thumb/v7e-m+fp/hard\libc_nano.a(lib_a-reent.o)
 .debug_frame   0x0000000000000464       0xb0 c:/st/stm32cubeide_1.11.0/stm32cubeide/plugins/com.st.stm32cube.ide.mcu.externaltools.gnu-tools-for-stm32.10.3-2021.10.win32_1.0.100.202210260954/tools/bin/../lib/gcc/arm-none-eabi/10.3.1/../../../../arm-none-eabi/lib/thumb/v7e-m+fp/hard\libc_nano.a(lib_a-lock.o)
 .debug_frame   0x0000000000000514       0xac c:/st/stm32cubeide_1.11.0/stm32cubeide/plugins/com.st.stm32cube.ide.mcu.externaltools.gnu-tools-for-stm32.10.3-2021.10.win32_1.0.100.202210260954/tools/bin/../lib/gcc/arm-none-eabi/10.3.1/thumb/v7e-m+fp/hard\libgcc.a(_arm_addsubdf3.o)
 .debug_frame   0x00000000000005c0       0x50 c:/st/stm32cubeide_1.11.0/stm32cubeide/plugins/com.st.stm32cube.ide.mcu.externaltools.gnu-tools-for-stm32.10.3-2021.10.win32_1.0.100.202210260954/tools/bin/../lib/gcc/arm-none-eabi/10.3.1/thumb/v7e-m+fp/hard\libgcc.a(_arm_muldivdf3.o)
 .debug_frame   0x0000000000000610       0x24 c:/st/stm32cubeide_1.11.0/stm32cubeide/plugins/com.st.stm32cube.ide.mcu.externaltools.gnu-tools-for-stm32.10.3-2021.10.win32_1.0.100.202210260954/tools/bin/../lib/gcc/arm-none-eabi/10.3.1/thumb/v7e-m+fp/hard\libgcc.a(_arm_fixdfsi.o)
 .debug_frame   0x0000000000000634       0x2c c:/st/stm32cubeide_1.11.0/stm32cubeide/plugins/com.st.stm32cube.ide.mcu.externaltools.gnu-tools-for-stm32.10.3-2021.10.win32_1.0.100.202210260954/tools/bin/../lib/gcc/arm-none-eabi/10.3.1/thumb/v7e-m+fp/hard\libgcc.a(_aeabi_uldivmod.o)
 .debug_frame   0x0000000000000660       0x34 c:/st/stm32cubeide_1.11.0/stm32cubeide/plugins/com.st.stm32cube.ide.mcu.externaltools.gnu-tools-for-stm32.10.3-2021.10.win32_1.0.100.202210260954/tools/bin/../lib/gcc/arm-none-eabi/10.3.1/thumb/v7e-m+fp/hard\libgcc.a(_udivmoddi4.o)
