../Core/Src/stm32f4xx_hal_msp.c:65:6:HAL_MspInit	8	static
../Core/Src/stm32f4xx_hal_msp.c:87:6:HAL_ADC_MspInit	40	static
../Core/Src/stm32f4xx_hal_msp.c:120:6:HAL_ADC_MspDeInit	0	static
../Core/Src/stm32f4xx_hal_msp.c:148:6:HAL_I2C_MspInit	72	static
../Core/Src/stm32f4xx_hal_msp.c:247:6:HAL_I2C_MspDeInit	8	static
../Core/Src/stm32f4xx_hal_msp.c:318:6:HAL_SPI_MspInit	40	static
../Core/Src/stm32f4xx_hal_msp.c:354:6:HAL_SPI_MspDeInit	0	static
../Core/Src/stm32f4xx_hal_msp.c:383:6:HAL_TIM_Base_MspInit	8	static
../Core/Src/stm32f4xx_hal_msp.c:416:6:HAL_TIM_Encoder_MspInit	56	static
../Core/Src/stm32f4xx_hal_msp.c:478:6:HAL_TIM_MspPostInit	48	static
../Core/Src/stm32f4xx_hal_msp.c:540:6:HAL_TIM_Base_MspDeInit	0	static
../Core/Src/stm32f4xx_hal_msp.c:573:6:HAL_TIM_Encoder_MspDeInit	8	static
