Archive member included to satisfy reference by file (symbol)

c:/st/stm32cubeide_1.11.0/stm32cubeide/plugins/com.st.stm32cube.ide.mcu.externaltools.gnu-tools-for-stm32.10.3-2021.10.win32_1.0.100.202210260954/tools/bin/../lib/gcc/arm-none-eabi/10.3.1/../../../../arm-none-eabi/lib/thumb/v7e-m+fp/hard\libc_nano.a(lib_a-atoi.o)
                              ./Core/Src/uart_driver.o (atoi)
c:/st/stm32cubeide_1.11.0/stm32cubeide/plugins/com.st.stm32cube.ide.mcu.externaltools.gnu-tools-for-stm32.10.3-2021.10.win32_1.0.100.202210260954/tools/bin/../lib/gcc/arm-none-eabi/10.3.1/../../../../arm-none-eabi/lib/thumb/v7e-m+fp/hard\libc_nano.a(lib_a-errno.o)
                              ./Core/Src/syscalls.o (__errno)
c:/st/stm32cubeide_1.11.0/stm32cubeide/plugins/com.st.stm32cube.ide.mcu.externaltools.gnu-tools-for-stm32.10.3-2021.10.win32_1.0.100.202210260954/tools/bin/../lib/gcc/arm-none-eabi/10.3.1/../../../../arm-none-eabi/lib/thumb/v7e-m+fp/hard\libc_nano.a(lib_a-exit.o)
                              c:/st/stm32cubeide_1.11.0/stm32cubeide/plugins/com.st.stm32cube.ide.mcu.externaltools.gnu-tools-for-stm32.10.3-2021.10.win32_1.0.100.202210260954/tools/bin/../lib/gcc/arm-none-eabi/10.3.1/../../../../arm-none-eabi/lib/thumb/v7e-m+fp/hard/crt0.o (exit)
c:/st/stm32cubeide_1.11.0/stm32cubeide/plugins/com.st.stm32cube.ide.mcu.externaltools.gnu-tools-for-stm32.10.3-2021.10.win32_1.0.100.202210260954/tools/bin/../lib/gcc/arm-none-eabi/10.3.1/../../../../arm-none-eabi/lib/thumb/v7e-m+fp/hard\libc_nano.a(lib_a-impure.o)
                              c:/st/stm32cubeide_1.11.0/stm32cubeide/plugins/com.st.stm32cube.ide.mcu.externaltools.gnu-tools-for-stm32.10.3-2021.10.win32_1.0.100.202210260954/tools/bin/../lib/gcc/arm-none-eabi/10.3.1/../../../../arm-none-eabi/lib/thumb/v7e-m+fp/hard\libc_nano.a(lib_a-exit.o) (_global_impure_ptr)
c:/st/stm32cubeide_1.11.0/stm32cubeide/plugins/com.st.stm32cube.ide.mcu.externaltools.gnu-tools-for-stm32.10.3-2021.10.win32_1.0.100.202210260954/tools/bin/../lib/gcc/arm-none-eabi/10.3.1/../../../../arm-none-eabi/lib/thumb/v7e-m+fp/hard\libc_nano.a(lib_a-init.o)
                              c:/st/stm32cubeide_1.11.0/stm32cubeide/plugins/com.st.stm32cube.ide.mcu.externaltools.gnu-tools-for-stm32.10.3-2021.10.win32_1.0.100.202210260954/tools/bin/../lib/gcc/arm-none-eabi/10.3.1/../../../../arm-none-eabi/lib/thumb/v7e-m+fp/hard/crt0.o (__libc_init_array)
c:/st/stm32cubeide_1.11.0/stm32cubeide/plugins/com.st.stm32cube.ide.mcu.externaltools.gnu-tools-for-stm32.10.3-2021.10.win32_1.0.100.202210260954/tools/bin/../lib/gcc/arm-none-eabi/10.3.1/../../../../arm-none-eabi/lib/thumb/v7e-m+fp/hard\libc_nano.a(lib_a-memcpy-stub.o)
                              ./Core/Src/TOF_manager.o (memcpy)
c:/st/stm32cubeide_1.11.0/stm32cubeide/plugins/com.st.stm32cube.ide.mcu.externaltools.gnu-tools-for-stm32.10.3-2021.10.win32_1.0.100.202210260954/tools/bin/../lib/gcc/arm-none-eabi/10.3.1/../../../../arm-none-eabi/lib/thumb/v7e-m+fp/hard\libc_nano.a(lib_a-memset.o)
                              c:/st/stm32cubeide_1.11.0/stm32cubeide/plugins/com.st.stm32cube.ide.mcu.externaltools.gnu-tools-for-stm32.10.3-2021.10.win32_1.0.100.202210260954/tools/bin/../lib/gcc/arm-none-eabi/10.3.1/../../../../arm-none-eabi/lib/thumb/v7e-m+fp/hard/crt0.o (memset)
c:/st/stm32cubeide_1.11.0/stm32cubeide/plugins/com.st.stm32cube.ide.mcu.externaltools.gnu-tools-for-stm32.10.3-2021.10.win32_1.0.100.202210260954/tools/bin/../lib/gcc/arm-none-eabi/10.3.1/../../../../arm-none-eabi/lib/thumb/v7e-m+fp/hard\libc_nano.a(lib_a-sprintf.o)
                              ./Core/Src/main.o (sprintf)
c:/st/stm32cubeide_1.11.0/stm32cubeide/plugins/com.st.stm32cube.ide.mcu.externaltools.gnu-tools-for-stm32.10.3-2021.10.win32_1.0.100.202210260954/tools/bin/../lib/gcc/arm-none-eabi/10.3.1/../../../../arm-none-eabi/lib/thumb/v7e-m+fp/hard\libc_nano.a(lib_a-strcpy.o)
                              ./Core/Src/uart_driver.o (strcpy)
c:/st/stm32cubeide_1.11.0/stm32cubeide/plugins/com.st.stm32cube.ide.mcu.externaltools.gnu-tools-for-stm32.10.3-2021.10.win32_1.0.100.202210260954/tools/bin/../lib/gcc/arm-none-eabi/10.3.1/../../../../arm-none-eabi/lib/thumb/v7e-m+fp/hard\libc_nano.a(lib_a-strlen.o)
                              ./Core/Src/main.o (strlen)
c:/st/stm32cubeide_1.11.0/stm32cubeide/plugins/com.st.stm32cube.ide.mcu.externaltools.gnu-tools-for-stm32.10.3-2021.10.win32_1.0.100.202210260954/tools/bin/../lib/gcc/arm-none-eabi/10.3.1/../../../../arm-none-eabi/lib/thumb/v7e-m+fp/hard\libc_nano.a(lib_a-strtol.o)
                              c:/st/stm32cubeide_1.11.0/stm32cubeide/plugins/com.st.stm32cube.ide.mcu.externaltools.gnu-tools-for-stm32.10.3-2021.10.win32_1.0.100.202210260954/tools/bin/../lib/gcc/arm-none-eabi/10.3.1/../../../../arm-none-eabi/lib/thumb/v7e-m+fp/hard\libc_nano.a(lib_a-atoi.o) (_strtol_r)
[...]
Memory Configuration

Name             Origin             Length             Attributes
RAM              0x0000000020000000 0x0000000000020000 xrw
FLASH            0x0000000008000000 0x0000000000080000 xr
*default*        0x0000000000000000 0xffffffffffffffff

Linker script and memory map

LOAD c:/st/stm32cubeide_1.11.0/stm32cubeide/plugins/com.st.stm32cube.ide.mcu.externaltools.gnu-tools-for-stm32.10.3-2021.10.win32_1.0.100.202210260954/tools/bin/../lib/gcc/arm-none-eabi/10.3.1/thumb/v7e-m+fp/hard/crti.o
LOAD c:/st/stm32cubeide_1.11.0/stm32cubeide/plugins/com.st.stm32cube.ide.mcu.externaltools.gnu-tools-for-stm32.10.3-2021.10.win32_1.0.100.202210260954/tools/bin/../lib/gcc/arm-none-eabi/10.3.1/thumb/v7e-m+fp/hard/crtbegin.o
LOAD c:/st/stm32cubeide_1.11.0/stm32cubeide/plugins/com.st.stm32cube.ide.mcu.externaltools.gnu-tools-for-stm32.10.3-2021.10.win32_1.0.100.202210260954/tools/bin/../lib/gcc/arm-none-eabi/10.3.1/../../../../arm-none-eabi/lib/thumb/v7e-m+fp/hard/crt0.o
LOAD ./Core/Src/TOF_manager.o
LOAD ./Core/Src/globals.o
LOAD ./Core/Src/main.o
LOAD ./Core/Src/motor_control.o
LOAD ./Core/Src/stm32f4xx_hal_msp.o
LOAD ./Core/Src/stm32f4xx_it.o
LOAD ./Core/Src/syscalls.o
LOAD ./Core/Src/sysmem.o
LOAD ./Core/Src/system_stm32f4xx.o
LOAD ./Core/Src/uart_driver.o
LOAD ./Core/Startup/startup_stm32f411ceux.o
LOAD ./Drivers/STM32F4xx_HAL_Driver/stm32f4xx_hal.o
LOAD ./Drivers/STM32F4xx_HAL_Driver/stm32f4xx_hal_adc.o
LOAD ./Drivers/STM32F4xx_HAL_Driver/stm32f4xx_hal_adc_ex.o
LOAD ./Drivers/STM32F4xx_HAL_Driver/stm32f4xx_hal_cortex.o
LOAD ./Drivers/STM32F4xx_HAL_Driver/stm32f4xx_hal_dma.o
LOAD ./Drivers/STM32F4xx_HAL_Driver/stm32f4xx_hal_dma_ex.o
LOAD ./Drivers/STM32F4xx_HAL_Driver/stm32f4xx_hal_exti.o
LOAD ./Drivers/STM32F4xx_HAL_Driver/stm32f4xx_hal_flash.o
LOAD ./Drivers/STM32F4xx_HAL_Driver/stm32f4xx_hal_flash_ex.o
LOAD ./Drivers/STM32F4xx_HAL_Driver/stm32f4xx_hal_flash_ramfunc.o
LOAD ./Drivers/STM32F4xx_HAL_Driver/stm32f4xx_hal_gpio.o
LOAD ./Drivers/STM32F4xx_HAL_Driver/stm32f4xx_hal_i2c.o
LOAD ./Drivers/STM32F4xx_HAL_Driver/stm32f4xx_hal_i2c_ex.o
LOAD ./Drivers/STM32F4xx_HAL_Driver/stm32f4xx_hal_pwr.o
LOAD ./Drivers/STM32F4xx_HAL_Driver/stm32f4xx_hal_pwr_ex.o
LOAD ./Drivers/STM32F4xx_HAL_Driver/stm32f4xx_hal_rcc.o
LOAD ./Drivers/STM32F4xx_HAL_Driver/stm32f4xx_hal_rcc_ex.o
LOAD ./Drivers/STM32F4xx_HAL_Driver/stm32f4xx_hal_spi.o
LOAD ./Drivers/STM32F4xx_HAL_Driver/stm32f4xx_hal_tim.o
LOAD ./Drivers/STM32F4xx_HAL_Driver/stm32f4xx_hal_tim_ex.o
LOAD ./Drivers/STM32F4xx_HAL_Driver/stm32f4xx_hal_uart.o
LOAD ./Drivers/STM32F4xx_HAL_Driver/stm32f4xx_ll_adc.o
START GROUP
LOAD c:/st/stm32cubeide_1.11.0/stm32cubeide/plugins/com.st.stm32cube.ide.mcu.externaltools.gnu-tools-for-stm32.10.3-2021.10.win32_1.0.100.202210260954/tools/bin/../lib/gcc/arm-none-eabi/10.3.1/../../../../arm-none-eabi/lib/thumb/v7e-m+fp/hard\libc_nano.a
LOAD c:/st/stm32cubeide_1.11.0/stm32cubeide/plugins/com.st.stm32cube.ide.mcu.externaltools.gnu-tools-for-stm32.10.3-2021.10.win32_1.0.100.202210260954/tools/bin/../lib/gcc/arm-none-eabi/10.3.1/../../../../arm-none-eabi/lib/thumb/v7e-m+fp/hard\libm.a
END GROUP
START GROUP
LOAD c:/st/stm32cubeide_1.11.0/stm32cubeide/plugins/com.st.stm32cube.ide.mcu.externaltools.gnu-tools-for-stm32.10.3-2021.10.win32_1.0.100.202210260954/tools/bin/../lib/gcc/arm-none-eabi/10.3.1/thumb/v7e-m+fp/hard\libgcc.a
LOAD c:/st/stm32cubeide_1.11.0/stm32cubeide/plugins/com.st.stm32cube.ide.mcu.externaltools.gnu-tools-for-stm32.10.3-2021.10.win32_1.0.100.202210260954/tools/bin/../lib/gcc/arm-none-eabi/10.3.1/../../../../arm-none-eabi/lib/thumb/v7e-m+fp/hard\libc_nano.a
END GROUP
START GROUP
LOAD c:/st/stm32cubeide_1.11.0/stm32cubeide/plugins/com.st.stm32cube.ide.mcu.externaltools.gnu-tools-for-stm32.10.3-2021.10.win32_1.0.100.202210260954/tools/bin/../lib/gcc/arm-none-eabi/10.3.1/thumb/v7e-m+fp/hard\libgcc.a
LOAD c:/st/stm32cubeide_1.11.0/stm32cubeide/plugins/com.st.stm32cube.ide.mcu.externaltools.gnu-tools-for-stm32.10.3-2021.10.win32_1.0.100.202210260954/tools/bin/../lib/gcc/arm-none-eabi/10.3.1/../../../../arm-none-eabi/lib/thumb/v7e-m+fp/hard\libc_nano.a
LOAD c:/st/stm32cubeide_1.11.0/stm32cubeide/plugins/com.st.stm32cube.ide.mcu.externaltools.gnu-tools-for-stm32.10.3-2021.10.win32_1.0.100.202210260954/tools/bin/../lib/gcc/arm-none-eabi/10.3.1/../../../../arm-none-eabi/lib/thumb/v7e-m+fp/hard\libnosys.a
END GROUP
START GROUP
LOAD c:/st/stm32cubeide_1.11.0/stm32cubeide/plugins/com.st.stm32cube.ide.mcu.externaltools.gnu-tools-for-stm32.10.3-2021.10.win32_1.0.100.202210260954/tools/bin/../lib/gcc/arm-none-eabi/10.3.1/thumb/v7e-m+fp/hard\libgcc.a
LOAD c:/st/stm32cubeide_1.11.0/stm32cubeide/plugins/com.st.stm32cube.ide.mcu.externaltools.gnu-tools-for-stm32.10.3-2021.10.win32_1.0.100.202210260954/tools/bin/../lib/gcc/arm-none-eabi/10.3.1/../../../../arm-none-eabi/lib/thumb/v7e-m+fp/hard\libc_nano.a
LOAD c:/st/stm32cubeide_1.11.0/stm32cubeide/plugins/com.st.stm32cube.ide.mcu.externaltools.gnu-tools-for-stm32.10.3-2021.10.win32_1.0.100.202210260954/tools/bin/../lib/gcc/arm-none-eabi/10.3.1/../../../../arm-none-eabi/lib/thumb/v7e-m+fp/hard\libnosys.a
END GROUP
LOAD c:/st/stm32cubeide_1.11.0/stm32cubeide/plugins/com.st.stm32cube.ide.mcu.externaltools.gnu-tools-for-stm32.10.3-2021.10.win32_1.0.100.202210260954/tools/bin/../lib/gcc/arm-none-eabi/10.3.1/thumb/v7e-m+fp/hard/crtend.o
LOAD c:/st/stm32cubeide_1.11.0/stm32cubeide/plugins/com.st.stm32cube.ide.mcu.externaltools.gnu-tools-for-stm32.10.3-2021.10.win32_1.0.100.202210260954/tools/bin/../lib/gcc/arm-none-eabi/10.3.1/thumb/v7e-m+fp/hard/crtn.o
                0x0000000020020000                _estack = (ORIGIN (RAM) + LENGTH (RAM))
                0x0000000000000200                _Min_Heap_Size = 0x200
                0x0000000000000400                _Min_Stack_Size = 0x400

.isr_vector     0x0000000008000000      0x198
                0x0000000008000000                . = ALIGN (0x4)
 *(.isr_vector)
 .isr_vector    0x0000000008000000      0x198 ./Core/Startup/startup_stm32f411ceux.o
                0x0000000008000000                g_pfnVectors
                0x0000000008000198                . = ALIGN (0x4)

.text           0x00000000080001a0     0x8434
                0x00000000080001a0                . = ALIGN (0x4)
 *(.text)
 .text          0x00000000080001a0       0x40 c:/st/stm32cubeide_1.11.0/stm32cubeide/plugins/com.st.stm32cube.ide.mcu.externaltools.gnu-tools-for-stm32.10.3-2021.10.win32_1.0.100.202210260954/tools/bin/../lib/gcc/arm-none-eabi/10.3.1/thumb/v7e-m+fp/hard/crtbegin.o
 .text          0x00000000080001e0       0x10 c:/st/stm32cubeide_1.11.0/stm32cubeide/plugins/com.st.stm32cube.ide.mcu.externaltools.gnu-tools-for-stm32.10.3-2021.10.win32_1.0.100.202210260954/tools/bin/../lib/gcc/arm-none-eabi/10.3.1/../../../../arm-none-eabi/lib/thumb/v7e-m+fp/hard\libc_nano.a(lib_a-strlen.o)
                0x00000000080001e0                strlen
 .text          0x00000000080001f0       0xa0 c:/st/stm32cubeide_1.11.0/stm32cubeide/plugins/com.st.stm32cube.ide.mcu.externaltools.gnu-tools-for-stm32.10.3-2021.10.win32_1.0.100.202210260954/tools/bin/../lib/gcc/arm-none-eabi/10.3.1/../../../../arm-none-eabi/lib/thumb/v7e-m+fp/hard\libc_nano.a(lib_a-memchr.o)
                0x00000000080001f0                memchr
 .text          0x0000000008000290       0x30 c:/st/stm32cubeide_1.11.0/stm32cubeide/plugins/com.st.stm32cube.ide.mcu.externaltools.gnu-tools-for-stm32.10.3-2021.10.win32_1.0.100.202210260954/tools/bin/../lib/gcc/arm-none-eabi/10.3.1/thumb/v7e-m+fp/hard\libgcc.a(_aeabi_uldivmod.o)
                0x0000000008000290                __aeabi_uldivmod
 .text          0x00000000080002c0      0x2d0 c:/st/stm32cubeide_1.11.0/stm32cubeide/plugins/com.st.stm32cube.ide.mcu.externaltools.gnu-tools-for-stm32.10.3-2021.10.win32_1.0.100.202210260954/tools/bin/../lib/gcc/arm-none-eabi/10.3.1/thumb/v7e-m+fp/hard\libgcc.a(_udivmoddi4.o)
                0x00000000080002c0                __udivmoddi4
 .text          0x0000000008000590        0x4 c:/st/stm32cubeide_1.11.0/stm32cubeide/plugins/com.st.stm32cube.ide.mcu.externaltools.gnu-tools-for-stm32.10.3-2021.10.win32_1.0.100.202210260954/tools/bin/../lib/gcc/arm-none-eabi/10.3.1/thumb/v7e-m+fp/hard\libgcc.a(_dvmd_tls.o)
                0x0000000008000590                __aeabi_idiv0
                0x0000000008000590                __aeabi_ldiv0
 *(.text*)
 .text.TOF_init
                0x0000000008000594       0xc0 ./Core/Src/TOF_manager.o
                0x0000000008000594                TOF_init
 .text.writeMM  0x0000000008000654      0x578 ./Core/Src/TOF_manager.o
                0x0000000008000654                writeMM
 .text.TOF_start_measurement
                0x0000000008000bcc       0x60 ./Core/Src/TOF_manager.o
                0x0000000008000bcc                TOF_start_measurement
 .text.TOF_get_measurement
                0x0000000008000c2c       0x60 ./Core/Src/TOF_manager.o
                0x0000000008000c2c                TOF_get_measurement
 .text.main     0x0000000008000c8c      0x10c ./Core/Src/main.o
                0x0000000008000c8c                main
 .text.SystemClock_Config
                0x0000000008000d98       0xd0 ./Core/Src/main.o
                0x0000000008000d98                SystemClock_Config
 .text.MX_ADC1_Init
                0x0000000008000e68       0xa4 ./Core/Src/main.o
 .text.MX_I2C1_Init
                0x0000000008000f0c       0x5c ./Core/Src/main.o
 .text.MX_I2C2_Init
                0x0000000008000f68       0x5c ./Core/Src/main.o
 .text.MX_I2C3_Init
                0x0000000008000fc4       0x5c ./Core/Src/main.o
 .text.MX_SPI2_Init
                0x0000000008001020       0x6c ./Core/Src/main.o
 .text.MX_TIM1_Init
                0x000000000800108c      0x158 ./Core/Src/main.o
 .text.MX_TIM2_Init
                0x00000000080011e4      0x100 ./Core/Src/main.o
 .text.MX_TIM3_Init
                0x00000000080012e4       0xa8 ./Core/Src/main.o
 .text.MX_TIM5_Init
                0x000000000800138c       0xa8 ./Core/Src/main.o
 .text.MX_USART2_UART_Init
                0x0000000008001434       0x54 ./Core/Src/main.o
 .text.MX_GPIO_Init
                0x0000000008001488       0xf0 ./Core/Src/main.o
 .text.Error_Handler
                0x0000000008001578        0xa ./Core/Src/main.o
                0x0000000008001578                Error_Handler
 *fill*         0x0000000008001582        0x2 
 .text.motorsInit
                0x0000000008001584       0x78 ./Core/Src/motor_control.o
                0x0000000008001584                motorsInit
 .text.forward  0x00000000080015fc       0xc0 ./Core/Src/motor_control.o
                0x00000000080015fc                forward
 .text.HAL_MspInit
                0x00000000080016bc       0x50 ./Core/Src/stm32f4xx_hal_msp.o
                0x00000000080016bc                HAL_MspInit
 .text.HAL_ADC_MspInit
                0x000000000800170c       0x88 ./Core/Src/stm32f4xx_hal_msp.o
                0x000000000800170c                HAL_ADC_MspInit
 .text.HAL_I2C_MspInit
                0x0000000008001794      0x244 ./Core/Src/stm32f4xx_hal_msp.o
                0x0000000008001794                HAL_I2C_MspInit
 .text.HAL_SPI_MspInit
                0x00000000080019d8       0x90 ./Core/Src/stm32f4xx_hal_msp.o
                0x00000000080019d8                HAL_SPI_MspInit
 .text.HAL_TIM_Base_MspInit
                0x0000000008001a68       0x6c ./Core/Src/stm32f4xx_hal_msp.o
                0x0000000008001a68                HAL_TIM_Base_MspInit
 .text.HAL_TIM_Encoder_MspInit
                0x0000000008001ad4      0x138 ./Core/Src/stm32f4xx_hal_msp.o
                0x0000000008001ad4                HAL_TIM_Encoder_MspInit
 .text.HAL_TIM_MspPostInit
                0x0000000008001c0c      0x100 ./Core/Src/stm32f4xx_hal_msp.o
                0x0000000008001c0c                HAL_TIM_MspPostInit
 .text.HAL_UART_MspInit
                0x0000000008001d0c       0xa0 ./Core/Src/stm32f4xx_hal_msp.o
                0x0000000008001d0c                HAL_UART_MspInit
 .text.NMI_Handler
                0x0000000008001dac        0x6 ./Core/Src/stm32f4xx_it.o
                0x0000000008001dac                NMI_Handler
 .text.HardFault_Handler
                0x0000000008001db2        0x6 ./Core/Src/stm32f4xx_it.o
                0x0000000008001db2                HardFault_Handler
 .text.MemManage_Handler
                0x0000000008001db8        0x6 ./Core/Src/stm32f4xx_it.o
                0x0000000008001db8                MemManage_Handler
 .text.BusFault_Handler
                0x0000000008001dbe        0x6 ./Core/Src/stm32f4xx_it.o
                0x0000000008001dbe                BusFault_Handler
 .text.UsageFault_Handler
                0x0000000008001dc4        0x6 ./Core/Src/stm32f4xx_it.o
                0x0000000008001dc4                UsageFault_Handler
 .text.SVC_Handler
                0x0000000008001dca        0xe ./Core/Src/stm32f4xx_it.o
                0x0000000008001dca                SVC_Handler
 .text.DebugMon_Handler
                0x0000000008001dd8        0xe ./Core/Src/stm32f4xx_it.o
                0x0000000008001dd8                DebugMon_Handler
 .text.PendSV_Handler
                0x0000000008001de6        0xe ./Core/Src/stm32f4xx_it.o
                0x0000000008001de6                PendSV_Handler
 .text.SysTick_Handler
                0x0000000008001df4        0xc ./Core/Src/stm32f4xx_it.o
                0x0000000008001df4                SysTick_Handler
 .text.I2C1_EV_IRQHandler
                0x0000000008001e00       0x14 ./Core/Src/stm32f4xx_it.o
                0x0000000008001e00                I2C1_EV_IRQHandler
 .text.I2C1_ER_IRQHandler
                0x0000000008001e14       0x14 ./Core/Src/stm32f4xx_it.o
                0x0000000008001e14                I2C1_ER_IRQHandler
 .text.I2C2_EV_IRQHandler
                0x0000000008001e28       0x14 ./Core/Src/stm32f4xx_it.o
                0x0000000008001e28                I2C2_EV_IRQHandler
 .text.I2C2_ER_IRQHandler
                0x0000000008001e3c       0x14 ./Core/Src/stm32f4xx_it.o
                0x0000000008001e3c                I2C2_ER_IRQHandler
 .text.USART2_IRQHandler
                0x0000000008001e50       0x14 ./Core/Src/stm32f4xx_it.o
                0x0000000008001e50                USART2_IRQHandler
 .text.I2C3_EV_IRQHandler
                0x0000000008001e64       0x14 ./Core/Src/stm32f4xx_it.o
                0x0000000008001e64                I2C3_EV_IRQHandler
 .text.I2C3_ER_IRQHandler
                0x0000000008001e78       0x14 ./Core/Src/stm32f4xx_it.o
                0x0000000008001e78                I2C3_ER_IRQHandler
 .text._sbrk    0x0000000008001e8c       0x6c ./Core/Src/sysmem.o
                0x0000000008001e8c                _sbrk
 .text.SystemInit
                0x0000000008001ef8       0x24 ./Core/Src/system_stm32f4xx.o
                0x0000000008001ef8                SystemInit
 .text.uart_startup_transmit
                0x0000000008001f1c       0x50 ./Core/Src/uart_driver.o
                0x0000000008001f1c                uart_startup_transmit
 .text.uart_task
                0x0000000008001f6c       0x48 ./Core/Src/uart_driver.o
                0x0000000008001f6c                uart_task
 .text.uart_transmit
                0x0000000008001fb4       0x24 ./Core/Src/uart_driver.o
                0x0000000008001fb4                uart_transmit
 .text.HAL_UART_RxCpltCallback
                0x0000000008001fd8       0x70 ./Core/Src/uart_driver.o
                0x0000000008001fd8                HAL_UART_RxCpltCallback
 .text.Reset_Handler
                0x0000000008002048       0x50 ./Core/Startup/startup_stm32f411ceux.o
                0x0000000008002048                Reset_Handler
 .text.Default_Handler
                0x0000000008002098        0x2 ./Core/Startup/startup_stm32f411ceux.o
                0x0000000008002098                RTC_Alarm_IRQHandler
                0x0000000008002098                EXTI2_IRQHandler
                0x0000000008002098                SPI4_IRQHandler
                0x0000000008002098                TIM1_CC_IRQHandler
                0x0000000008002098                DMA2_Stream5_IRQHandler
                0x0000000008002098                DMA1_Stream5_IRQHandler
                0x0000000008002098                PVD_IRQHandler
                0x0000000008002098                SDIO_IRQHandler
                0x0000000008002098                TAMP_STAMP_IRQHandler
                0x0000000008002098                EXTI3_IRQHandler
                0x0000000008002098                TIM1_UP_TIM10_IRQHandler
                0x0000000008002098                EXTI0_IRQHandler
                0x0000000008002098                DMA1_Stream2_IRQHandler
                0x0000000008002098                FPU_IRQHandler
                0x0000000008002098                DMA2_Stream2_IRQHandler
                0x0000000008002098                SPI1_IRQHandler
                0x0000000008002098                TIM1_BRK_TIM9_IRQHandler
                0x0000000008002098                DMA2_Stream3_IRQHandler
                0x0000000008002098                USART6_IRQHandler
                0x0000000008002098                DMA2_Stream0_IRQHandler
                0x0000000008002098                TIM4_IRQHandler
                0x0000000008002098                DMA1_Stream6_IRQHandler
                0x0000000008002098                DMA1_Stream1_IRQHandler
                0x0000000008002098                TIM3_IRQHandler
                0x0000000008002098                RCC_IRQHandler
                0x0000000008002098                Default_Handler
                0x0000000008002098                EXTI15_10_IRQHandler
                0x0000000008002098                ADC_IRQHandler
                0x0000000008002098                DMA1_Stream7_IRQHandler
                0x0000000008002098                SPI5_IRQHandler
                0x0000000008002098                TIM5_IRQHandler
                0x0000000008002098                DMA2_Stream7_IRQHandler
                0x0000000008002098                EXTI9_5_IRQHandler
                0x0000000008002098                RTC_WKUP_IRQHandler
                0x0000000008002098                SPI2_IRQHandler
                0x0000000008002098                DMA1_Stream0_IRQHandler
                0x0000000008002098                EXTI4_IRQHandler
                0x0000000008002098                WWDG_IRQHandler
                0x0000000008002098                TIM2_IRQHandler
                0x0000000008002098                OTG_FS_WKUP_IRQHandler
                0x0000000008002098                TIM1_TRG_COM_TIM11_IRQHandler
                0x0000000008002098                EXTI1_IRQHandler
                0x0000000008002098                DMA2_Stream1_IRQHandler
                0x0000000008002098                FLASH_IRQHandler
                0x0000000008002098                DMA2_Stream4_IRQHandler
                0x0000000008002098                USART1_IRQHandler
                0x0000000008002098                OTG_FS_IRQHandler
                0x0000000008002098                SPI3_IRQHandler
                0x0000000008002098                DMA1_Stream4_IRQHandler
                0x0000000008002098                DMA2_Stream6_IRQHandler
                0x0000000008002098                DMA1_Stream3_IRQHandler
 *fill*         0x000000000800209a        0x2 
 .text.HAL_Init
                0x000000000800209c       0x44 ./Drivers/STM32F4xx_HAL_Driver/stm32f4xx_hal.o
                0x000000000800209c                HAL_Init
 .text.HAL_InitTick
                0x00000000080020e0       0x60 ./Drivers/STM32F4xx_HAL_Driver/stm32f4xx_hal.o
                0x00000000080020e0                HAL_InitTick
 .text.HAL_IncTick
                0x0000000008002140       0x28 ./Drivers/STM32F4xx_HAL_Driver/stm32f4xx_hal.o
                0x0000000008002140                HAL_IncTick
 .text.HAL_GetTick
                0x0000000008002168       0x18 ./Drivers/STM32F4xx_HAL_Driver/stm32f4xx_hal.o
                0x0000000008002168                HAL_GetTick
 .text.HAL_Delay
                0x0000000008002180       0x48 ./Drivers/STM32F4xx_HAL_Driver/stm32f4xx_hal.o
                0x0000000008002180                HAL_Delay
 .text.HAL_ADC_Init
                0x00000000080021c8       0x86 ./Drivers/STM32F4xx_HAL_Driver/stm32f4xx_hal_adc.o
                0x00000000080021c8                HAL_ADC_Init
 *fill*         0x000000000800224e        0x2 
 .text.HAL_ADC_ConfigChannel
                0x0000000008002250      0x264 ./Drivers/STM32F4xx_HAL_Driver/stm32f4xx_hal_adc.o
                0x0000000008002250                HAL_ADC_ConfigChannel
 .text.ADC_Init
                0x00000000080024b4      0x1f8 ./Drivers/STM32F4xx_HAL_Driver/stm32f4xx_hal_adc.o
 .text.__NVIC_SetPriorityGrouping
                0x00000000080026ac       0x48 ./Drivers/STM32F4xx_HAL_Driver/stm32f4xx_hal_cortex.o
 .text.__NVIC_GetPriorityGrouping
                0x00000000080026f4       0x1c ./Drivers/STM32F4xx_HAL_Driver/stm32f4xx_hal_cortex.o
 .text.__NVIC_EnableIRQ
                0x0000000008002710       0x3c ./Drivers/STM32F4xx_HAL_Driver/stm32f4xx_hal_cortex.o
 .text.__NVIC_SetPriority
                0x000000000800274c       0x54 ./Drivers/STM32F4xx_HAL_Driver/stm32f4xx_hal_cortex.o
 .text.NVIC_EncodePriority
                0x00000000080027a0       0x66 ./Drivers/STM32F4xx_HAL_Driver/stm32f4xx_hal_cortex.o
 *fill*         0x0000000008002806        0x2 
 .text.SysTick_Config
                0x0000000008002808       0x44 ./Drivers/STM32F4xx_HAL_Driver/stm32f4xx_hal_cortex.o
 .text.HAL_NVIC_SetPriorityGrouping
                0x000000000800284c       0x16 ./Drivers/STM32F4xx_HAL_Driver/stm32f4xx_hal_cortex.o
                0x000000000800284c                HAL_NVIC_SetPriorityGrouping
 .text.HAL_NVIC_SetPriority
                0x0000000008002862       0x38 ./Drivers/STM32F4xx_HAL_Driver/stm32f4xx_hal_cortex.o
                0x0000000008002862                HAL_NVIC_SetPriority
 .text.HAL_NVIC_EnableIRQ
                0x000000000800289a       0x1c ./Drivers/STM32F4xx_HAL_Driver/stm32f4xx_hal_cortex.o
                0x000000000800289a                HAL_NVIC_EnableIRQ
 .text.HAL_SYSTICK_Config
                0x00000000080028b6       0x18 ./Drivers/STM32F4xx_HAL_Driver/stm32f4xx_hal_cortex.o
                0x00000000080028b6                HAL_SYSTICK_Config
 .text.HAL_DMA_Abort
                0x00000000080028ce       0xe0 ./Drivers/STM32F4xx_HAL_Driver/stm32f4xx_hal_dma.o
                0x00000000080028ce                HAL_DMA_Abort
 .text.HAL_DMA_Abort_IT
                0x00000000080029ae       0x44 ./Drivers/STM32F4xx_HAL_Driver/stm32f4xx_hal_dma.o
                0x00000000080029ae                HAL_DMA_Abort_IT
 .text.HAL_DMA_GetState
                0x00000000080029f2       0x1c ./Drivers/STM32F4xx_HAL_Driver/stm32f4xx_hal_dma.o
                0x00000000080029f2                HAL_DMA_GetState
 *fill*         0x0000000008002a0e        0x2 
 .text.HAL_GPIO_Init
                0x0000000008002a10      0x308 ./Drivers/STM32F4xx_HAL_Driver/stm32f4xx_hal_gpio.o
                0x0000000008002a10                HAL_GPIO_Init
 .text.HAL_GPIO_WritePin
                0x0000000008002d18       0x32 ./Drivers/STM32F4xx_HAL_Driver/stm32f4xx_hal_gpio.o
                0x0000000008002d18                HAL_GPIO_WritePin
 .text.HAL_GPIO_TogglePin
                0x0000000008002d4a       0x34 ./Drivers/STM32F4xx_HAL_Driver/stm32f4xx_hal_gpio.o
                0x0000000008002d4a                HAL_GPIO_TogglePin
 *fill*         0x0000000008002d7e        0x2 
 .text.HAL_I2C_Init
                0x0000000008002d80      0x288 ./Drivers/STM32F4xx_HAL_Driver/stm32f4xx_hal_i2c.o
                0x0000000008002d80                HAL_I2C_Init
 .text.HAL_I2C_Mem_Write
                0x0000000008003008      0x1f4 ./Drivers/STM32F4xx_HAL_Driver/stm32f4xx_hal_i2c.o
                0x0000000008003008                HAL_I2C_Mem_Write
 .text.HAL_I2C_Mem_Write_IT
                0x00000000080031fc      0x164 ./Drivers/STM32F4xx_HAL_Driver/stm32f4xx_hal_i2c.o
                0x00000000080031fc                HAL_I2C_Mem_Write_IT
 .text.HAL_I2C_Mem_Read_IT
                0x0000000008003360      0x17c ./Drivers/STM32F4xx_HAL_Driver/stm32f4xx_hal_i2c.o
                0x0000000008003360                HAL_I2C_Mem_Read_IT
 .text.HAL_I2C_EV_IRQHandler
                0x00000000080034dc      0x2e2 ./Drivers/STM32F4xx_HAL_Driver/stm32f4xx_hal_i2c.o
                0x00000000080034dc                HAL_I2C_EV_IRQHandler
 .text.HAL_I2C_ER_IRQHandler
                0x00000000080037be      0x14e ./Drivers/STM32F4xx_HAL_Driver/stm32f4xx_hal_i2c.o
                0x00000000080037be                HAL_I2C_ER_IRQHandler
 .text.HAL_I2C_MasterTxCpltCallback
                0x000000000800390c       0x14 ./Drivers/STM32F4xx_HAL_Driver/stm32f4xx_hal_i2c.o
                0x000000000800390c                HAL_I2C_MasterTxCpltCallback
 .text.HAL_I2C_MasterRxCpltCallback
                0x0000000008003920       0x14 ./Drivers/STM32F4xx_HAL_Driver/stm32f4xx_hal_i2c.o
                0x0000000008003920                HAL_I2C_MasterRxCpltCallback
 .text.HAL_I2C_SlaveTxCpltCallback
                0x0000000008003934       0x14 ./Drivers/STM32F4xx_HAL_Driver/stm32f4xx_hal_i2c.o
                0x0000000008003934                HAL_I2C_SlaveTxCpltCallback
 .text.HAL_I2C_SlaveRxCpltCallback
                0x0000000008003948       0x14 ./Drivers/STM32F4xx_HAL_Driver/stm32f4xx_hal_i2c.o
                0x0000000008003948                HAL_I2C_SlaveRxCpltCallback
 .text.HAL_I2C_AddrCallback
                0x000000000800395c       0x1c ./Drivers/STM32F4xx_HAL_Driver/stm32f4xx_hal_i2c.o
                0x000000000800395c                HAL_I2C_AddrCallback
 .text.HAL_I2C_ListenCpltCallback
                0x0000000008003978       0x14 ./Drivers/STM32F4xx_HAL_Driver/stm32f4xx_hal_i2c.o
                0x0000000008003978                HAL_I2C_ListenCpltCallback
 .text.HAL_I2C_MemTxCpltCallback
                0x000000000800398c       0x14 ./Drivers/STM32F4xx_HAL_Driver/stm32f4xx_hal_i2c.o
                0x000000000800398c                HAL_I2C_MemTxCpltCallback
 .text.HAL_I2C_MemRxCpltCallback
                0x00000000080039a0       0x14 ./Drivers/STM32F4xx_HAL_Driver/stm32f4xx_hal_i2c.o
                0x00000000080039a0                HAL_I2C_MemRxCpltCallback
 .text.HAL_I2C_ErrorCallback
                0x00000000080039b4       0x14 ./Drivers/STM32F4xx_HAL_Driver/stm32f4xx_hal_i2c.o
                0x00000000080039b4                HAL_I2C_ErrorCallback
 .text.HAL_I2C_AbortCpltCallback
                0x00000000080039c8       0x14 ./Drivers/STM32F4xx_HAL_Driver/stm32f4xx_hal_i2c.o
                0x00000000080039c8                HAL_I2C_AbortCpltCallback
 .text.I2C_MasterTransmit_TXE
                0x00000000080039dc      0x138 ./Drivers/STM32F4xx_HAL_Driver/stm32f4xx_hal_i2c.o
 .text.I2C_MasterTransmit_BTF
                0x0000000008003b14       0xec ./Drivers/STM32F4xx_HAL_Driver/stm32f4xx_hal_i2c.o
 .text.I2C_MemoryTransmit_TXE_BTF
                0x0000000008003c00      0x128 ./Drivers/STM32F4xx_HAL_Driver/stm32f4xx_hal_i2c.o
 .text.I2C_MasterReceive_RXNE
                0x0000000008003d28      0x176 ./Drivers/STM32F4xx_HAL_Driver/stm32f4xx_hal_i2c.o
 .text.I2C_MasterReceive_BTF
                0x0000000008003e9e      0x1d4 ./Drivers/STM32F4xx_HAL_Driver/stm32f4xx_hal_i2c.o
 .text.I2C_Master_SB
                0x0000000008004072      0x10c ./Drivers/STM32F4xx_HAL_Driver/stm32f4xx_hal_i2c.o
 .text.I2C_Master_ADD10
                0x000000000800417e       0x54 ./Drivers/STM32F4xx_HAL_Driver/stm32f4xx_hal_i2c.o
 .text.I2C_Master_ADDR
                0x00000000080041d2      0x322 ./Drivers/STM32F4xx_HAL_Driver/stm32f4xx_hal_i2c.o
 .text.I2C_SlaveTransmit_TXE
                0x00000000080044f4       0x7a ./Drivers/STM32F4xx_HAL_Driver/stm32f4xx_hal_i2c.o
 .text.I2C_SlaveTransmit_BTF
                0x000000000800456e       0x42 ./Drivers/STM32F4xx_HAL_Driver/stm32f4xx_hal_i2c.o
 .text.I2C_SlaveReceive_RXNE
                0x00000000080045b0       0x7c ./Drivers/STM32F4xx_HAL_Driver/stm32f4xx_hal_i2c.o
 .text.I2C_SlaveReceive_BTF
                0x000000000800462c       0x44 ./Drivers/STM32F4xx_HAL_Driver/stm32f4xx_hal_i2c.o
 .text.I2C_Slave_ADDR
                0x0000000008004670       0x94 ./Drivers/STM32F4xx_HAL_Driver/stm32f4xx_hal_i2c.o
 .text.I2C_Slave_STOPF
                0x0000000008004704      0x260 ./Drivers/STM32F4xx_HAL_Driver/stm32f4xx_hal_i2c.o
 .text.I2C_Slave_AF
                0x0000000008004964       0xe0 ./Drivers/STM32F4xx_HAL_Driver/stm32f4xx_hal_i2c.o
 .text.I2C_ITError
                0x0000000008004a44      0x264 ./Drivers/STM32F4xx_HAL_Driver/stm32f4xx_hal_i2c.o
 .text.I2C_RequestMemoryWrite
                0x0000000008004ca8      0x12c ./Drivers/STM32F4xx_HAL_Driver/stm32f4xx_hal_i2c.o
 .text.I2C_DMAAbort
                0x0000000008004dd4      0x150 ./Drivers/STM32F4xx_HAL_Driver/stm32f4xx_hal_i2c.o
 .text.I2C_WaitOnFlagUntilTimeout
                0x0000000008004f24       0xae ./Drivers/STM32F4xx_HAL_Driver/stm32f4xx_hal_i2c.o
 .text.I2C_WaitOnMasterAddressFlagUntilTimeout
                0x0000000008004fd2       0xfe ./Drivers/STM32F4xx_HAL_Driver/stm32f4xx_hal_i2c.o
 .text.I2C_WaitOnTXEFlagUntilTimeout
                0x00000000080050d0       0x82 ./Drivers/STM32F4xx_HAL_Driver/stm32f4xx_hal_i2c.o
 .text.I2C_WaitOnBTFFlagUntilTimeout
                0x0000000008005152       0x82 ./Drivers/STM32F4xx_HAL_Driver/stm32f4xx_hal_i2c.o
 .text.I2C_WaitOnSTOPRequestThroughIT
                0x00000000080051d4       0x64 ./Drivers/STM32F4xx_HAL_Driver/stm32f4xx_hal_i2c.o
 .text.I2C_IsAcknowledgeFailed
                0x0000000008005238       0x5e ./Drivers/STM32F4xx_HAL_Driver/stm32f4xx_hal_i2c.o
 .text.I2C_ConvertOtherXferOptions
                0x0000000008005296       0x36 ./Drivers/STM32F4xx_HAL_Driver/stm32f4xx_hal_i2c.o
 .text.HAL_RCC_OscConfig
                0x00000000080052cc      0x4f0 ./Drivers/STM32F4xx_HAL_Driver/stm32f4xx_hal_rcc.o
                0x00000000080052cc                HAL_RCC_OscConfig
 .text.HAL_RCC_ClockConfig
                0x00000000080057bc      0x1cc ./Drivers/STM32F4xx_HAL_Driver/stm32f4xx_hal_rcc.o
                0x00000000080057bc                HAL_RCC_ClockConfig
 .text.HAL_RCC_GetSysClockFreq
                0x0000000008005988      0x18c ./Drivers/STM32F4xx_HAL_Driver/stm32f4xx_hal_rcc.o
                0x0000000008005988                HAL_RCC_GetSysClockFreq
 .text.HAL_RCC_GetHCLKFreq
                0x0000000008005b14       0x18 ./Drivers/STM32F4xx_HAL_Driver/stm32f4xx_hal_rcc.o
                0x0000000008005b14                HAL_RCC_GetHCLKFreq
 .text.HAL_RCC_GetPCLK1Freq
                0x0000000008005b2c       0x28 ./Drivers/STM32F4xx_HAL_Driver/stm32f4xx_hal_rcc.o
                0x0000000008005b2c                HAL_RCC_GetPCLK1Freq
 .text.HAL_RCC_GetPCLK2Freq
                0x0000000008005b54       0x28 ./Drivers/STM32F4xx_HAL_Driver/stm32f4xx_hal_rcc.o
                0x0000000008005b54                HAL_RCC_GetPCLK2Freq
 .text.HAL_SPI_Init
                0x0000000008005b7c      0x112 ./Drivers/STM32F4xx_HAL_Driver/stm32f4xx_hal_spi.o
                0x0000000008005b7c                HAL_SPI_Init
 .text.HAL_TIM_Base_Init
                0x0000000008005c8e       0x9e ./Drivers/STM32F4xx_HAL_Driver/stm32f4xx_hal_tim.o
                0x0000000008005c8e                HAL_TIM_Base_Init
 .text.HAL_TIM_PWM_Init
                0x0000000008005d2c       0x9e ./Drivers/STM32F4xx_HAL_Driver/stm32f4xx_hal_tim.o
                0x0000000008005d2c                HAL_TIM_PWM_Init
 .text.HAL_TIM_PWM_MspInit
                0x0000000008005dca       0x14 ./Drivers/STM32F4xx_HAL_Driver/stm32f4xx_hal_tim.o
                0x0000000008005dca                HAL_TIM_PWM_MspInit
 *fill*         0x0000000008005dde        0x2 
 .text.HAL_TIM_PWM_Start
                0x0000000008005de0      0x160 ./Drivers/STM32F4xx_HAL_Driver/stm32f4xx_hal_tim.o
                0x0000000008005de0                HAL_TIM_PWM_Start
 .text.HAL_TIM_Encoder_Init
                0x0000000008005f40      0x14c ./Drivers/STM32F4xx_HAL_Driver/stm32f4xx_hal_tim.o
                0x0000000008005f40                HAL_TIM_Encoder_Init
 .text.HAL_TIM_Encoder_Start
                0x000000000800608c      0x11c ./Drivers/STM32F4xx_HAL_Driver/stm32f4xx_hal_tim.o
                0x000000000800608c                HAL_TIM_Encoder_Start
 .text.HAL_TIM_PWM_ConfigChannel
                0x00000000080061a8      0x184 ./Drivers/STM32F4xx_HAL_Driver/stm32f4xx_hal_tim.o
                0x00000000080061a8                HAL_TIM_PWM_ConfigChannel
 .text.HAL_TIM_ConfigClockSource
                0x000000000800632c      0x18e ./Drivers/STM32F4xx_HAL_Driver/stm32f4xx_hal_tim.o
                0x000000000800632c                HAL_TIM_ConfigClockSource
 *fill*         0x00000000080064ba        0x2 
 .text.TIM_Base_SetConfig
                0x00000000080064bc      0x100 ./Drivers/STM32F4xx_HAL_Driver/stm32f4xx_hal_tim.o
                0x00000000080064bc                TIM_Base_SetConfig
 .text.TIM_OC1_SetConfig
                0x00000000080065bc       0xcc ./Drivers/STM32F4xx_HAL_Driver/stm32f4xx_hal_tim.o
 .text.TIM_OC2_SetConfig
                0x0000000008006688       0xd8 ./Drivers/STM32F4xx_HAL_Driver/stm32f4xx_hal_tim.o
                0x0000000008006688                TIM_OC2_SetConfig
 .text.TIM_OC3_SetConfig
                0x0000000008006760       0xd4 ./Drivers/STM32F4xx_HAL_Driver/stm32f4xx_hal_tim.o
 .text.TIM_OC4_SetConfig
                0x0000000008006834       0xa0 ./Drivers/STM32F4xx_HAL_Driver/stm32f4xx_hal_tim.o
 .text.TIM_TI1_ConfigInputStage
                0x00000000080068d4       0x5e ./Drivers/STM32F4xx_HAL_Driver/stm32f4xx_hal_tim.o
 .text.TIM_TI2_ConfigInputStage
                0x0000000008006932       0x60 ./Drivers/STM32F4xx_HAL_Driver/stm32f4xx_hal_tim.o
 .text.TIM_ITRx_SetConfig
                0x0000000008006992       0x36 ./Drivers/STM32F4xx_HAL_Driver/stm32f4xx_hal_tim.o
 .text.TIM_ETR_SetConfig
                0x00000000080069c8       0x40 ./Drivers/STM32F4xx_HAL_Driver/stm32f4xx_hal_tim.o
                0x00000000080069c8                TIM_ETR_SetConfig
 .text.TIM_CCxChannelCmd
                0x0000000008006a08       0x4a ./Drivers/STM32F4xx_HAL_Driver/stm32f4xx_hal_tim.o
                0x0000000008006a08                TIM_CCxChannelCmd
 *fill*         0x0000000008006a52        0x2 
 .text.HAL_TIMEx_MasterConfigSynchronization
                0x0000000008006a54       0xdc ./Drivers/STM32F4xx_HAL_Driver/stm32f4xx_hal_tim_ex.o
                0x0000000008006a54                HAL_TIMEx_MasterConfigSynchronization
 .text.HAL_TIMEx_ConfigBreakDeadTime
                0x0000000008006b30       0xa4 ./Drivers/STM32F4xx_HAL_Driver/stm32f4xx_hal_tim_ex.o
                0x0000000008006b30                HAL_TIMEx_ConfigBreakDeadTime
 .text.HAL_UART_Init
                0x0000000008006bd4       0x9a ./Drivers/STM32F4xx_HAL_Driver/stm32f4xx_hal_uart.o
                0x0000000008006bd4                HAL_UART_Init
 .text.HAL_UART_Transmit_IT
                0x0000000008006c6e       0x8a ./Drivers/STM32F4xx_HAL_Driver/stm32f4xx_hal_uart.o
                0x0000000008006c6e                HAL_UART_Transmit_IT
 .text.HAL_UART_Receive_IT
                0x0000000008006cf8       0x60 ./Drivers/STM32F4xx_HAL_Driver/stm32f4xx_hal_uart.o
                0x0000000008006cf8                HAL_UART_Receive_IT
 .text.HAL_UART_IRQHandler
                0x0000000008006d58      0x51c ./Drivers/STM32F4xx_HAL_Driver/stm32f4xx_hal_uart.o
                0x0000000008006d58                HAL_UART_IRQHandler
 .text.HAL_UART_TxCpltCallback
                0x0000000008007274       0x14 ./Drivers/STM32F4xx_HAL_Driver/stm32f4xx_hal_uart.o
                0x0000000008007274                HAL_UART_TxCpltCallback
 .text.HAL_UART_ErrorCallback
                0x0000000008007288       0x14 ./Drivers/STM32F4xx_HAL_Driver/stm32f4xx_hal_uart.o
                0x0000000008007288                HAL_UART_ErrorCallback
 .text.HAL_UARTEx_RxEventCallback
                0x000000000800729c       0x18 ./Drivers/STM32F4xx_HAL_Driver/stm32f4xx_hal_uart.o
                0x000000000800729c                HAL_UARTEx_RxEventCallback
 .text.UART_Start_Receive_IT
                0x00000000080072b4       0x7c ./Drivers/STM32F4xx_HAL_Driver/stm32f4xx_hal_uart.o
                0x00000000080072b4                UART_Start_Receive_IT
 .text.UART_EndRxTransfer
                0x0000000008007330       0xc6 ./Drivers/STM32F4xx_HAL_Driver/stm32f4xx_hal_uart.o
 .text.UART_DMAAbortOnError
                0x00000000080073f6       0x28 ./Drivers/STM32F4xx_HAL_Driver/stm32f4xx_hal_uart.o
 .text.UART_Transmit_IT
                0x000000000800741e       0xa0 ./Drivers/STM32F4xx_HAL_Driver/stm32f4xx_hal_uart.o
 .text.UART_EndTransmit_IT
                0x00000000080074be       0x30 ./Drivers/STM32F4xx_HAL_Driver/stm32f4xx_hal_uart.o
 .text.UART_Receive_IT
                0x00000000080074ee      0x176 ./Drivers/STM32F4xx_HAL_Driver/stm32f4xx_hal_uart.o
 .text.UART_SetConfig
                0x0000000008007664      0x4e8 ./Drivers/STM32F4xx_HAL_Driver/stm32f4xx_hal_uart.o
 .text.atoi     0x0000000008007b4c        0x8 c:/st/stm32cubeide_1.11.0/stm32cubeide/plugins/com.st.stm32cube.ide.mcu.externaltools.gnu-tools-for-stm32.10.3-2021.10.win32_1.0.100.202210260954/tools/bin/../lib/gcc/arm-none-eabi/10.3.1/../../../../arm-none-eabi/lib/thumb/v7e-m+fp/hard\libc_nano.a(lib_a-atoi.o)
                0x0000000008007b4c                atoi
 .text.__errno  0x0000000008007b54        0xc c:/st/stm32cubeide_1.11.0/stm32cubeide/plugins/com.st.stm32cube.ide.mcu.externaltools.gnu-tools-for-stm32.10.3-2021.10.win32_1.0.100.202210260954/tools/bin/../lib/gcc/arm-none-eabi/10.3.1/../../../../arm-none-eabi/lib/thumb/v7e-m+fp/hard\libc_nano.a(lib_a-errno.o)
                0x0000000008007b54                __errno
 .text.__libc_init_array
                0x0000000008007b60       0x48 c:/st/stm32cubeide_1.11.0/stm32cubeide/plugins/com.st.stm32cube.ide.mcu.externaltools.gnu-tools-for-stm32.10.3-2021.10.win32_1.0.100.202210260954/tools/bin/../lib/gcc/arm-none-eabi/10.3.1/../../../../arm-none-eabi/lib/thumb/v7e-m+fp/hard\libc_nano.a(lib_a-init.o)
                0x0000000008007b60                __libc_init_array
 .text.memcpy   0x0000000008007ba8       0x1c c:/st/stm32cubeide_1.11.0/stm32cubeide/plugins/com.st.stm32cube.ide.mcu.externaltools.gnu-tools-for-stm32.10.3-2021.10.win32_1.0.100.202210260954/tools/bin/../lib/gcc/arm-none-eabi/10.3.1/../../../../arm-none-eabi/lib/thumb/v7e-m+fp/hard\libc_nano.a(lib_a-memcpy-stub.o)
                0x0000000008007ba8                memcpy
 .text.memset   0x0000000008007bc4       0x10 c:/st/stm32cubeide_1.11.0/stm32cubeide/plugins/com.st.stm32cube.ide.mcu.externaltools.gnu-tools-for-stm32.10.3-2021.10.win32_1.0.100.202210260954/tools/bin/../lib/gcc/arm-none-eabi/10.3.1/../../../../arm-none-eabi/lib/thumb/v7e-m+fp/hard\libc_nano.a(lib_a-memset.o)
                0x0000000008007bc4                memset
 .text.sprintf  0x0000000008007bd4       0x40 c:/st/stm32cubeide_1.11.0/stm32cubeide/plugins/com.st.stm32cube.ide.mcu.externaltools.gnu-tools-for-stm32.10.3-2021.10.win32_1.0.100.202210260954/tools/bin/../lib/gcc/arm-none-eabi/10.3.1/../../../../arm-none-eabi/lib/thumb/v7e-m+fp/hard\libc_nano.a(lib_a-sprintf.o)
                0x0000000008007bd4                siprintf
                0x0000000008007bd4                sprintf
 .text.strcpy   0x0000000008007c14       0x10 c:/st/stm32cubeide_1.11.0/stm32cubeide/plugins/com.st.stm32cube.ide.mcu.externaltools.gnu-tools-for-stm32.10.3-2021.10.win32_1.0.100.202210260954/tools/bin/../lib/gcc/arm-none-eabi/10.3.1/../../../../arm-none-eabi/lib/thumb/v7e-m+fp/hard\libc_nano.a(lib_a-strcpy.o)
                0x0000000008007c14                strcpy
 .text._strtol_l.constprop.0
                0x0000000008007c24      0x104 c:/st/stm32cubeide_1.11.0/stm32cubeide/plugins/com.st.stm32cube.ide.mcu.externaltools.gnu-tools-for-stm32.10.3-2021.10.win32_1.0.100.202210260954/tools/bin/../lib/gcc/arm-none-eabi/10.3.1/../../../../arm-none-eabi/lib/thumb/v7e-m+fp/hard\libc_nano.a(lib_a-strtol.o)
 .text.strtol   0x0000000008007d28       0x14 c:/st/stm32cubeide_1.11.0/stm32cubeide/plugins/com.st.stm32cube.ide.mcu.externaltools.gnu-tools-for-stm32.10.3-2021.10.win32_1.0.100.202210260954/tools/bin/../lib/gcc/arm-none-eabi/10.3.1/../../../../arm-none-eabi/lib/thumb/v7e-m+fp/hard\libc_nano.a(lib_a-strtol.o)
                0x0000000008007d28                strtol
 .text.__ssputs_r
                0x0000000008007d3c       0xb6 c:/st/stm32cubeide_1.11.0/stm32cubeide/plugins/com.st.stm32cube.ide.mcu.externaltools.gnu-tools-for-stm32.10.3-2021.10.win32_1.0.100.202210260954/tools/bin/../lib/gcc/arm-none-eabi/10.3.1/../../../../arm-none-eabi/lib/thumb/v7e-m+fp/hard\libc_nano.a(lib_a-nano-svfprintf.o)
                0x0000000008007d3c                __ssputs_r
 *fill*         0x0000000008007df2        0x2 
 .text._svfprintf_r
                0x0000000008007df4      0x200 c:/st/stm32cubeide_1.11.0/stm32cubeide/plugins/com.st.stm32cube.ide.mcu.externaltools.gnu-tools-for-stm32.10.3-2021.10.win32_1.0.100.202210260954/tools/bin/../lib/gcc/arm-none-eabi/10.3.1/../../../../arm-none-eabi/lib/thumb/v7e-m+fp/hard\libc_nano.a(lib_a-nano-svfprintf.o)
                0x0000000008007df4                _svfiprintf_r
                0x0000000008007df4                _svfprintf_r
 .text._printf_common
                0x0000000008007ff4       0xda c:/st/stm32cubeide_1.11.0/stm32cubeide/plugins/com.st.stm32cube.ide.mcu.externaltools.gnu-tools-for-stm32.10.3-2021.10.win32_1.0.100.202210260954/tools/bin/../lib/gcc/arm-none-eabi/10.3.1/../../../../arm-none-eabi/lib/thumb/v7e-m+fp/hard\libc_nano.a(lib_a-nano-vfprintf_i.o)
                0x0000000008007ff4                _printf_common
 *fill*         0x00000000080080ce        0x2 
 .text._printf_i
                0x00000000080080d0      0x24c c:/st/stm32cubeide_1.11.0/stm32cubeide/plugins/com.st.stm32cube.ide.mcu.externaltools.gnu-tools-for-stm32.10.3-2021.10.win32_1.0.100.202210260954/tools/bin/../lib/gcc/arm-none-eabi/10.3.1/../../../../arm-none-eabi/lib/thumb/v7e-m+fp/hard\libc_nano.a(lib_a-nano-vfprintf_i.o)
                0x00000000080080d0                _printf_i
 .text.memmove  0x000000000800831c       0x34 c:/st/stm32cubeide_1.11.0/stm32cubeide/plugins/com.st.stm32cube.ide.mcu.externaltools.gnu-tools-for-stm32.10.3-2021.10.win32_1.0.100.202210260954/tools/bin/../lib/gcc/arm-none-eabi/10.3.1/../../../../arm-none-eabi/lib/thumb/v7e-m+fp/hard\libc_nano.a(lib_a-memmove.o)
                0x000000000800831c                memmove
 .text._free_r  0x0000000008008350       0x98 c:/st/stm32cubeide_1.11.0/stm32cubeide/plugins/com.st.stm32cube.ide.mcu.externaltools.gnu-tools-for-stm32.10.3-2021.10.win32_1.0.100.202210260954/tools/bin/../lib/gcc/arm-none-eabi/10.3.1/../../../../arm-none-eabi/lib/thumb/v7e-m+fp/hard\libc_nano.a(lib_a-nano-freer.o)
                0x0000000008008350                _free_r
 .text.sbrk_aligned
                0x00000000080083e8       0x40 c:/st/stm32cubeide_1.11.0/stm32cubeide/plugins/com.st.stm32cube.ide.mcu.externaltools.gnu-tools-for-stm32.10.3-2021.10.win32_1.0.100.202210260954/tools/bin/../lib/gcc/arm-none-eabi/10.3.1/../../../../arm-none-eabi/lib/thumb/v7e-m+fp/hard\libc_nano.a(lib_a-nano-mallocr.o)
 .text._malloc_r
                0x0000000008008428       0xe8 c:/st/stm32cubeide_1.11.0/stm32cubeide/plugins/com.st.stm32cube.ide.mcu.externaltools.gnu-tools-for-stm32.10.3-2021.10.win32_1.0.100.202210260954/tools/bin/../lib/gcc/arm-none-eabi/10.3.1/../../../../arm-none-eabi/lib/thumb/v7e-m+fp/hard\libc_nano.a(lib_a-nano-mallocr.o)
                0x0000000008008428                _malloc_r
 .text._realloc_r
                0x0000000008008510       0x5e c:/st/stm32cubeide_1.11.0/stm32cubeide/plugins/com.st.stm32cube.ide.mcu.externaltools.gnu-tools-for-stm32.10.3-2021.10.win32_1.0.100.202210260954/tools/bin/../lib/gcc/arm-none-eabi/10.3.1/../../../../arm-none-eabi/lib/thumb/v7e-m+fp/hard\libc_nano.a(lib_a-nano-reallocr.o)
                0x0000000008008510                _realloc_r
 *fill*         0x000000000800856e        0x2 
 .text._sbrk_r  0x0000000008008570       0x20 c:/st/stm32cubeide_1.11.0/stm32cubeide/plugins/com.st.stm32cube.ide.mcu.externaltools.gnu-tools-for-stm32.10.3-2021.10.win32_1.0.100.202210260954/tools/bin/../lib/gcc/arm-none-eabi/10.3.1/../../../../arm-none-eabi/lib/thumb/v7e-m+fp/hard\libc_nano.a(lib_a-sbrkr.o)
                0x0000000008008570                _sbrk_r
 .text.__malloc_lock
                0x0000000008008590        0xc c:/st/stm32cubeide_1.11.0/stm32cubeide/plugins/com.st.stm32cube.ide.mcu.externaltools.gnu-tools-for-stm32.10.3-2021.10.win32_1.0.100.202210260954/tools/bin/../lib/gcc/arm-none-eabi/10.3.1/../../../../arm-none-eabi/lib/thumb/v7e-m+fp/hard\libc_nano.a(lib_a-mlock.o)
                0x0000000008008590                __malloc_lock
 .text.__malloc_unlock
                0x000000000800859c        0xc c:/st/stm32cubeide_1.11.0/stm32cubeide/plugins/com.st.stm32cube.ide.mcu.externaltools.gnu-tools-for-stm32.10.3-2021.10.win32_1.0.100.202210260954/tools/bin/../lib/gcc/arm-none-eabi/10.3.1/../../../../arm-none-eabi/lib/thumb/v7e-m+fp/hard\libc_nano.a(lib_a-mlock.o)
                0x000000000800859c                __malloc_unlock
 .text._malloc_usable_size_r
                0x00000000080085a8       0x10 c:/st/stm32cubeide_1.11.0/stm32cubeide/plugins/com.st.stm32cube.ide.mcu.externaltools.gnu-tools-for-stm32.10.3-2021.10.win32_1.0.100.202210260954/tools/bin/../lib/gcc/arm-none-eabi/10.3.1/../../../../arm-none-eabi/lib/thumb/v7e-m+fp/hard\libc_nano.a(lib_a-nano-msizer.o)
                0x00000000080085a8                _malloc_usable_size_r
 .text.__retarget_lock_acquire_recursive
                0x00000000080085b8        0x2 c:/st/stm32cubeide_1.11.0/stm32cubeide/plugins/com.st.stm32cube.ide.mcu.externaltools.gnu-tools-for-stm32.10.3-2021.10.win32_1.0.100.202210260954/tools/bin/../lib/gcc/arm-none-eabi/10.3.1/../../../../arm-none-eabi/lib/thumb/v7e-m+fp/hard\libc_nano.a(lib_a-lock.o)
                0x00000000080085b8                __retarget_lock_acquire_recursive
 .text.__retarget_lock_release_recursive
                0x00000000080085ba        0x2 c:/st/stm32cubeide_1.11.0/stm32cubeide/plugins/com.st.stm32cube.ide.mcu.externaltools.gnu-tools-for-stm32.10.3-2021.10.win32_1.0.100.202210260954/tools/bin/../lib/gcc/arm-none-eabi/10.3.1/../../../../arm-none-eabi/lib/thumb/v7e-m+fp/hard\libc_nano.a(lib_a-lock.o)
                0x00000000080085ba                __retarget_lock_release_recursive
 *(.glue_7)
 .glue_7        0x00000000080085bc        0x0 linker stubs
 *(.glue_7t)
 .glue_7t       0x00000000080085bc        0x0 linker stubs
 *(.eh_frame)
 .eh_frame      0x00000000080085bc        0x0 c:/st/stm32cubeide_1.11.0/stm32cubeide/plugins/com.st.stm32cube.ide.mcu.externaltools.gnu-tools-for-stm32.10.3-2021.10.win32_1.0.100.202210260954/tools/bin/../lib/gcc/arm-none-eabi/10.3.1/thumb/v7e-m+fp/hard/crtbegin.o
 *(.init)
 .init          0x00000000080085bc        0x4 c:/st/stm32cubeide_1.11.0/stm32cubeide/plugins/com.st.stm32cube.ide.mcu.externaltools.gnu-tools-for-stm32.10.3-2021.10.win32_1.0.100.202210260954/tools/bin/../lib/gcc/arm-none-eabi/10.3.1/thumb/v7e-m+fp/hard/crti.o
                0x00000000080085bc                _init
 .init          0x00000000080085c0        0x8 c:/st/stm32cubeide_1.11.0/stm32cubeide/plugins/com.st.stm32cube.ide.mcu.externaltools.gnu-tools-for-stm32.10.3-2021.10.win32_1.0.100.202210260954/tools/bin/../lib/gcc/arm-none-eabi/10.3.1/thumb/v7e-m+fp/hard/crtn.o
 *(.fini)
 .fini          0x00000000080085c8        0x4 c:/st/stm32cubeide_1.11.0/stm32cubeide/plugins/com.st.stm32cube.ide.mcu.externaltools.gnu-tools-for-stm32.10.3-2021.10.win32_1.0.100.202210260954/tools/bin/../lib/gcc/arm-none-eabi/10.3.1/thumb/v7e-m+fp/hard/crti.o
                0x00000000080085c8                _fini
 .fini          0x00000000080085cc        0x8 c:/st/stm32cubeide_1.11.0/stm32cubeide/plugins/com.st.stm32cube.ide.mcu.externaltools.gnu-tools-for-stm32.10.3-2021.10.win32_1.0.100.202210260954/tools/bin/../lib/gcc/arm-none-eabi/10.3.1/thumb/v7e-m+fp/hard/crtn.o
                0x00000000080085d4                . = ALIGN (0x4)
                0x00000000080085d4                _etext = .

.vfp11_veneer   0x00000000080085d4        0x0
 .vfp11_veneer  0x00000000080085d4        0x0 linker stubs

.v4_bx          0x00000000080085d4        0x0
 .v4_bx         0x00000000080085d4        0x0 linker stubs

.iplt           0x00000000080085d4        0x0
 .iplt          0x00000000080085d4        0x0 c:/st/stm32cubeide_1.11.0/stm32cubeide/plugins/com.st.stm32cube.ide.mcu.externaltools.gnu-tools-for-stm32.10.3-2021.10.win32_1.0.100.202210260954/tools/bin/../lib/gcc/arm-none-eabi/10.3.1/thumb/v7e-m+fp/hard/crtbegin.o

.rodata         0x00000000080085d4      0x170
                0x00000000080085d4                . = ALIGN (0x4)
 *(.rodata)
 .rodata        0x00000000080085d4       0x11 ./Core/Src/main.o
 *fill*         0x00000000080085e5        0x3 
 .rodata        0x00000000080085e8        0xe ./Core/Src/uart_driver.o
 *(.rodata*)
 *fill*         0x00000000080085f6        0x2 
 .rodata.AHBPrescTable
                0x00000000080085f8       0x10 ./Core/Src/system_stm32f4xx.o
                0x00000000080085f8                AHBPrescTable
 .rodata.APBPrescTable
                0x0000000008008608        0x8 ./Core/Src/system_stm32f4xx.o
                0x0000000008008608                APBPrescTable
 .rodata._ctype_
                0x0000000008008610      0x101 c:/st/stm32cubeide_1.11.0/stm32cubeide/plugins/com.st.stm32cube.ide.mcu.externaltools.gnu-tools-for-stm32.10.3-2021.10.win32_1.0.100.202210260954/tools/bin/../lib/gcc/arm-none-eabi/10.3.1/../../../../arm-none-eabi/lib/thumb/v7e-m+fp/hard\libc_nano.a(lib_a-ctype_.o)
                0x0000000008008610                _ctype_
 .rodata._svfprintf_r.str1.1
                0x0000000008008711       0x11 c:/st/stm32cubeide_1.11.0/stm32cubeide/plugins/com.st.stm32cube.ide.mcu.externaltools.gnu-tools-for-stm32.10.3-2021.10.win32_1.0.100.202210260954/tools/bin/../lib/gcc/arm-none-eabi/10.3.1/../../../../arm-none-eabi/lib/thumb/v7e-m+fp/hard\libc_nano.a(lib_a-nano-svfprintf.o)
 .rodata._printf_i.str1.1
                0x0000000008008722       0x22 c:/st/stm32cubeide_1.11.0/stm32cubeide/plugins/com.st.stm32cube.ide.mcu.externaltools.gnu-tools-for-stm32.10.3-2021.10.win32_1.0.100.202210260954/tools/bin/../lib/gcc/arm-none-eabi/10.3.1/../../../../arm-none-eabi/lib/thumb/v7e-m+fp/hard\libc_nano.a(lib_a-nano-vfprintf_i.o)
                0x0000000008008744                . = ALIGN (0x4)

.ARM.extab      0x0000000008008744        0x0
                0x0000000008008744                . = ALIGN (0x4)
 *(.ARM.extab* .gnu.linkonce.armextab.*)
                0x0000000008008744                . = ALIGN (0x4)

.ARM            0x0000000008008744        0x8
                0x0000000008008744                . = ALIGN (0x4)
                0x0000000008008744                __exidx_start = .
 *(.ARM.exidx*)
 .ARM.exidx     0x0000000008008744        0x8 c:/st/stm32cubeide_1.11.0/stm32cubeide/plugins/com.st.stm32cube.ide.mcu.externaltools.gnu-tools-for-stm32.10.3-2021.10.win32_1.0.100.202210260954/tools/bin/../lib/gcc/arm-none-eabi/10.3.1/thumb/v7e-m+fp/hard\libgcc.a(_udivmoddi4.o)
                0x000000000800874c                __exidx_end = .
                0x000000000800874c                . = ALIGN (0x4)

.rel.dyn        0x000000000800874c        0x0
 .rel.iplt      0x000000000800874c        0x0 c:/st/stm32cubeide_1.11.0/stm32cubeide/plugins/com.st.stm32cube.ide.mcu.externaltools.gnu-tools-for-stm32.10.3-2021.10.win32_1.0.100.202210260954/tools/bin/../lib/gcc/arm-none-eabi/10.3.1/thumb/v7e-m+fp/hard/crtbegin.o

.preinit_array  0x000000000800874c        0x0
                0x000000000800874c                . = ALIGN (0x4)
                0x000000000800874c                PROVIDE (__preinit_array_start = .)
 *(.preinit_array*)
                0x000000000800874c                PROVIDE (__preinit_array_end = .)
                0x000000000800874c                . = ALIGN (0x4)

.init_array     0x000000000800874c        0x4
                0x000000000800874c                . = ALIGN (0x4)
                0x000000000800874c                PROVIDE (__init_array_start = .)
 *(SORT_BY_NAME(.init_array.*))
 *(.init_array*)
 .init_array    0x000000000800874c        0x4 c:/st/stm32cubeide_1.11.0/stm32cubeide/plugins/com.st.stm32cube.ide.mcu.externaltools.gnu-tools-for-stm32.10.3-2021.10.win32_1.0.100.202210260954/tools/bin/../lib/gcc/arm-none-eabi/10.3.1/thumb/v7e-m+fp/hard/crtbegin.o
                0x0000000008008750                PROVIDE (__init_array_end = .)
                0x0000000008008750                . = ALIGN (0x4)

.fini_array     0x0000000008008750        0x4
                0x0000000008008750                . = ALIGN (0x4)
                [!provide]                        PROVIDE (__fini_array_start = .)
 *(SORT_BY_NAME(.fini_array.*))
 *(.fini_array*)
 .fini_array    0x0000000008008750        0x4 c:/st/stm32cubeide_1.11.0/stm32cubeide/plugins/com.st.stm32cube.ide.mcu.externaltools.gnu-tools-for-stm32.10.3-2021.10.win32_1.0.100.202210260954/tools/bin/../lib/gcc/arm-none-eabi/10.3.1/thumb/v7e-m+fp/hard/crtbegin.o
                [!provide]                        PROVIDE (__fini_array_end = .)
                0x0000000008008754                . = ALIGN (0x4)
                0x0000000008008754                _sidata = LOADADDR (.data)

.data           0x0000000020000000       0x70 load address 0x0000000008008754
                0x0000000020000000                . = ALIGN (0x4)
                0x0000000020000000                _sdata = .
 *(.data)
 *(.data*)
 .data.SystemCoreClock
                0x0000000020000000        0x4 ./Core/Src/system_stm32f4xx.o
                0x0000000020000000                SystemCoreClock
 .data.uwTickPrio
                0x0000000020000004        0x4 ./Drivers/STM32F4xx_HAL_Driver/stm32f4xx_hal.o
                0x0000000020000004                uwTickPrio
 .data.uwTickFreq
                0x0000000020000008        0x1 ./Drivers/STM32F4xx_HAL_Driver/stm32f4xx_hal.o
                0x0000000020000008                uwTickFreq
 *fill*         0x0000000020000009        0x3 
 .data._impure_ptr
                0x000000002000000c        0x4 c:/st/stm32cubeide_1.11.0/stm32cubeide/plugins/com.st.stm32cube.ide.mcu.externaltools.gnu-tools-for-stm32.10.3-2021.10.win32_1.0.100.202210260954/tools/bin/../lib/gcc/arm-none-eabi/10.3.1/../../../../arm-none-eabi/lib/thumb/v7e-m+fp/hard\libc_nano.a(lib_a-impure.o)
                0x000000002000000c                _impure_ptr
 .data.impure_data
                0x0000000020000010       0x60 c:/st/stm32cubeide_1.11.0/stm32cubeide/plugins/com.st.stm32cube.ide.mcu.externaltools.gnu-tools-for-stm32.10.3-2021.10.win32_1.0.100.202210260954/tools/bin/../lib/gcc/arm-none-eabi/10.3.1/../../../../arm-none-eabi/lib/thumb/v7e-m+fp/hard\libc_nano.a(lib_a-impure.o)
 *(.RamFunc)
 *(.RamFunc*)
                0x0000000020000070                . = ALIGN (0x4)
                0x0000000020000070                _edata = .

.igot.plt       0x0000000020000070        0x0 load address 0x00000000080087c4
 .igot.plt      0x0000000020000070        0x0 c:/st/stm32cubeide_1.11.0/stm32cubeide/plugins/com.st.stm32cube.ide.mcu.externaltools.gnu-tools-for-stm32.10.3-2021.10.win32_1.0.100.202210260954/tools/bin/../lib/gcc/arm-none-eabi/10.3.1/thumb/v7e-m+fp/hard/crtbegin.o
                0x0000000020000070                . = ALIGN (0x4)

.bss            0x0000000020000070      0x3ac load address 0x00000000080087c4
                0x0000000020000070                _sbss = .
                0x0000000020000070                __bss_start__ = _sbss
 *(.bss)
 .bss           0x0000000020000070       0x1c c:/st/stm32cubeide_1.11.0/stm32cubeide/plugins/com.st.stm32cube.ide.mcu.externaltools.gnu-tools-for-stm32.10.3-2021.10.win32_1.0.100.202210260954/tools/bin/../lib/gcc/arm-none-eabi/10.3.1/thumb/v7e-m+fp/hard/crtbegin.o
 *(.bss*)
 .bss.i2c_buff  0x000000002000008c        0x8 ./Core/Src/TOF_manager.o
                0x000000002000008c                i2c_buff
 .bss.send_buffer
                0x0000000020000094       0x40 ./Core/Src/globals.o
                0x0000000020000094                send_buffer
 .bss.receive_buffer
                0x00000000200000d4       0x20 ./Core/Src/globals.o
                0x00000000200000d4                receive_buffer
 .bss.message_waiting_flag
                0x00000000200000f4        0x1 ./Core/Src/globals.o
                0x00000000200000f4                message_waiting_flag
 *fill*         0x00000000200000f5        0x1 
 .bss.L_speed_setpoint
                0x00000000200000f6        0x2 ./Core/Src/globals.o
                0x00000000200000f6                L_speed_setpoint
 .bss.R_speed_setpoint
                0x00000000200000f8        0x2 ./Core/Src/globals.o
                0x00000000200000f8                R_speed_setpoint
 *fill*         0x00000000200000fa        0x2 
 .bss.measurements
                0x00000000200000fc        0x3 ./Core/Src/globals.o
                0x00000000200000fc                measurements
 *fill*         0x00000000200000ff        0x1 
 .bss.hadc1     0x0000000020000100       0x48 ./Core/Src/main.o
                0x0000000020000100                hadc1
 .bss.hi2c1     0x0000000020000148       0x54 ./Core/Src/main.o
                0x0000000020000148                hi2c1
 .bss.hi2c2     0x000000002000019c       0x54 ./Core/Src/main.o
                0x000000002000019c                hi2c2
 .bss.hi2c3     0x00000000200001f0       0x54 ./Core/Src/main.o
                0x00000000200001f0                hi2c3
 .bss.hspi2     0x0000000020000244       0x58 ./Core/Src/main.o
                0x0000000020000244                hspi2
 .bss.htim1     0x000000002000029c       0x48 ./Core/Src/main.o
                0x000000002000029c                htim1
 .bss.htim2     0x00000000200002e4       0x48 ./Core/Src/main.o
                0x00000000200002e4                htim2
 .bss.htim3     0x000000002000032c       0x48 ./Core/Src/main.o
                0x000000002000032c                htim3
 .bss.htim5     0x0000000020000374       0x48 ./Core/Src/main.o
                0x0000000020000374                htim5
 .bss.huart2    0x00000000200003bc       0x44 ./Core/Src/main.o
                0x00000000200003bc                huart2
 .bss.__sbrk_heap_end
                0x0000000020000400        0x4 ./Core/Src/sysmem.o
 .bss.index.0   0x0000000020000404        0x1 ./Core/Src/uart_driver.o
 *fill*         0x0000000020000405        0x3 
 .bss.uwTick    0x0000000020000408        0x4 ./Drivers/STM32F4xx_HAL_Driver/stm32f4xx_hal.o
                0x0000000020000408                uwTick
 .bss.__malloc_free_list
                0x000000002000040c        0x4 c:/st/stm32cubeide_1.11.0/stm32cubeide/plugins/com.st.stm32cube.ide.mcu.externaltools.gnu-tools-for-stm32.10.3-2021.10.win32_1.0.100.202210260954/tools/bin/../lib/gcc/arm-none-eabi/10.3.1/../../../../arm-none-eabi/lib/thumb/v7e-m+fp/hard\libc_nano.a(lib_a-nano-mallocr.o)
                0x000000002000040c                __malloc_free_list
 .bss.__malloc_sbrk_start
                0x0000000020000410        0x4 c:/st/stm32cubeide_1.11.0/stm32cubeide/plugins/com.st.stm32cube.ide.mcu.externaltools.gnu-tools-for-stm32.10.3-2021.10.win32_1.0.100.202210260954/tools/bin/../lib/gcc/arm-none-eabi/10.3.1/../../../../arm-none-eabi/lib/thumb/v7e-m+fp/hard\libc_nano.a(lib_a-nano-mallocr.o)
                0x0000000020000410                __malloc_sbrk_start
 .bss.errno     0x0000000020000414        0x4 c:/st/stm32cubeide_1.11.0/stm32cubeide/plugins/com.st.stm32cube.ide.mcu.externaltools.gnu-tools-for-stm32.10.3-2021.10.win32_1.0.100.202210260954/tools/bin/../lib/gcc/arm-none-eabi/10.3.1/../../../../arm-none-eabi/lib/thumb/v7e-m+fp/hard\libc_nano.a(lib_a-reent.o)
                0x0000000020000414                errno
 .bss.__lock___malloc_recursive_mutex
                0x0000000020000418        0x1 c:/st/stm32cubeide_1.11.0/stm32cubeide/plugins/com.st.stm32cube.ide.mcu.externaltools.gnu-tools-for-stm32.10.3-2021.10.win32_1.0.100.202210260954/tools/bin/../lib/gcc/arm-none-eabi/10.3.1/../../../../arm-none-eabi/lib/thumb/v7e-m+fp/hard\libc_nano.a(lib_a-lock.o)
                0x0000000020000418                __lock___malloc_recursive_mutex
 *(COMMON)
                0x000000002000041c                . = ALIGN (0x4)
 *fill*         0x0000000020000419        0x3 
                0x000000002000041c                _ebss = .
                0x000000002000041c                __bss_end__ = _ebss

._user_heap_stack
                0x000000002000041c      0x604 load address 0x00000000080087c4
                0x0000000020000420                . = ALIGN (0x8)
 *fill*         0x000000002000041c        0x4 
                [!provide]                        PROVIDE (end = .)
                0x0000000020000420                PROVIDE (_end = .)
                0x0000000020000620                . = (. + _Min_Heap_Size)
 *fill*         0x0000000020000420      0x200 
                0x0000000020000a20                . = (. + _Min_Stack_Size)
 *fill*         0x0000000020000620      0x400 
                0x0000000020000a20                . = ALIGN (0x8)

/DISCARD/
 libc.a(*)
 libm.a(*)
 libgcc.a(*)

.ARM.attributes
                0x0000000000000000       0x30
 *(.ARM.attributes)
 .ARM.attributes
                0x0000000000000000       0x1e c:/st/stm32cubeide_1.11.0/stm32cubeide/plugins/com.st.stm32cube.ide.mcu.externaltools.gnu-tools-for-stm32.10.3-2021.10.win32_1.0.100.202210260954/tools/bin/../lib/gcc/arm-none-eabi/10.3.1/thumb/v7e-m+fp/hard/crti.o
 .ARM.attributes
                0x000000000000001e       0x34 c:/st/stm32cubeide_1.11.0/stm32cubeide/plugins/com.st.stm32cube.ide.mcu.externaltools.gnu-tools-for-stm32.10.3-2021.10.win32_1.0.100.202210260954/tools/bin/../lib/gcc/arm-none-eabi/10.3.1/thumb/v7e-m+fp/hard/crtbegin.o
 .ARM.attributes
                0x0000000000000052       0x34 ./Core/Src/TOF_manager.o
 .ARM.attributes
                0x0000000000000086       0x34 ./Core/Src/globals.o
 .ARM.attributes
                0x00000000000000ba       0x34 ./Core/Src/main.o
 .ARM.attributes
                0x00000000000000ee       0x34 ./Core/Src/motor_control.o
 .ARM.attributes
                0x0000000000000122       0x34 ./Core/Src/stm32f4xx_hal_msp.o
 .ARM.attributes
                0x0000000000000156       0x34 ./Core/Src/stm32f4xx_it.o
 .ARM.attributes
                0x000000000000018a       0x34 ./Core/Src/sysmem.o
 .ARM.attributes
                0x00000000000001be       0x34 ./Core/Src/system_stm32f4xx.o
 .ARM.attributes
                0x00000000000001f2       0x34 ./Core/Src/uart_driver.o
 .ARM.attributes
                0x0000000000000226       0x21 ./Core/Startup/startup_stm32f411ceux.o
 .ARM.attributes
                0x0000000000000247       0x34 ./Drivers/STM32F4xx_HAL_Driver/stm32f4xx_hal.o
 .ARM.attributes
                0x000000000000027b       0x34 ./Drivers/STM32F4xx_HAL_Driver/stm32f4xx_hal_adc.o
 .ARM.attributes
                0x00000000000002af       0x34 ./Drivers/STM32F4xx_HAL_Driver/stm32f4xx_hal_cortex.o
 .ARM.attributes
                0x00000000000002e3       0x34 ./Drivers/STM32F4xx_HAL_Driver/stm32f4xx_hal_dma.o
 .ARM.attributes
                0x0000000000000317       0x34 ./Drivers/STM32F4xx_HAL_Driver/stm32f4xx_hal_gpio.o
 .ARM.attributes
                0x000000000000034b       0x34 ./Drivers/STM32F4xx_HAL_Driver/stm32f4xx_hal_i2c.o
 .ARM.attributes
                0x000000000000037f       0x34 ./Drivers/STM32F4xx_HAL_Driver/stm32f4xx_hal_rcc.o
 .ARM.attributes
                0x00000000000003b3       0x34 ./Drivers/STM32F4xx_HAL_Driver/stm32f4xx_hal_spi.o
 .ARM.attributes
                0x00000000000003e7       0x34 ./Drivers/STM32F4xx_HAL_Driver/stm32f4xx_hal_tim.o
 .ARM.attributes
                0x000000000000041b       0x34 ./Drivers/STM32F4xx_HAL_Driver/stm32f4xx_hal_tim_ex.o
 .ARM.attributes
                0x000000000000044f       0x34 ./Drivers/STM32F4xx_HAL_Driver/stm32f4xx_hal_uart.o
 .ARM.attributes
                0x0000000000000483       0x34 c:/st/stm32cubeide_1.11.0/stm32cubeide/plugins/com.st.stm32cube.ide.mcu.externaltools.gnu-tools-for-stm32.10.3-2021.10.win32_1.0.100.202210260954/tools/bin/../lib/gcc/arm-none-eabi/10.3.1/../../../../arm-none-eabi/lib/thumb/v7e-m+fp/hard\libc_nano.a(lib_a-atoi.o)
 .ARM.attributes
                0x00000000000004b7       0x34 c:/st/stm32cubeide_1.11.0/stm32cubeide/plugins/com.st.stm32cube.ide.mcu.externaltools.gnu-tools-for-stm32.10.3-2021.10.win32_1.0.100.202210260954/tools/bin/../lib/gcc/arm-none-eabi/10.3.1/../../../../arm-none-eabi/lib/thumb/v7e-m+fp/hard\libc_nano.a(lib_a-errno.o)
 .ARM.attributes
                0x00000000000004eb       0x34 c:/st/stm32cubeide_1.11.0/stm32cubeide/plugins/com.st.stm32cube.ide.mcu.externaltools.gnu-tools-for-stm32.10.3-2021.10.win32_1.0.100.202210260954/tools/bin/../lib/gcc/arm-none-eabi/10.3.1/../../../../arm-none-eabi/lib/thumb/v7e-m+fp/hard\libc_nano.a(lib_a-impure.o)
 .ARM.attributes
                0x000000000000051f       0x34 c:/st/stm32cubeide_1.11.0/stm32cubeide/plugins/com.st.stm32cube.ide.mcu.externaltools.gnu-tools-for-stm32.10.3-2021.10.win32_1.0.100.202210260954/tools/bin/../lib/gcc/arm-none-eabi/10.3.1/../../../../arm-none-eabi/lib/thumb/v7e-m+fp/hard\libc_nano.a(lib_a-init.o)
 .ARM.attributes
                0x0000000000000553       0x34 c:/st/stm32cubeide_1.11.0/stm32cubeide/plugins/com.st.stm32cube.ide.mcu.externaltools.gnu-tools-for-stm32.10.3-2021.10.win32_1.0.100.202210260954/tools/bin/../lib/gcc/arm-none-eabi/10.3.1/../../../../arm-none-eabi/lib/thumb/v7e-m+fp/hard\libc_nano.a(lib_a-memcpy-stub.o)
 .ARM.attributes
                0x0000000000000587       0x34 c:/st/stm32cubeide_1.11.0/stm32cubeide/plugins/com.st.stm32cube.ide.mcu.externaltools.gnu-tools-for-stm32.10.3-2021.10.win32_1.0.100.202210260954/tools/bin/../lib/gcc/arm-none-eabi/10.3.1/../../../../arm-none-eabi/lib/thumb/v7e-m+fp/hard\libc_nano.a(lib_a-memset.o)
 .ARM.attributes
                0x00000000000005bb       0x34 c:/st/stm32cubeide_1.11.0/stm32cubeide/plugins/com.st.stm32cube.ide.mcu.externaltools.gnu-tools-for-stm32.10.3-2021.10.win32_1.0.100.202210260954/tools/bin/../lib/gcc/arm-none-eabi/10.3.1/../../../../arm-none-eabi/lib/thumb/v7e-m+fp/hard\libc_nano.a(lib_a-sprintf.o)
 .ARM.attributes
                0x00000000000005ef       0x34 c:/st/stm32cubeide_1.11.0/stm32cubeide/plugins/com.st.stm32cube.ide.mcu.externaltools.gnu-tools-for-stm32.10.3-2021.10.win32_1.0.100.202210260954/tools/bin/../lib/gcc/arm-none-eabi/10.3.1/../../../../arm-none-eabi/lib/thumb/v7e-m+fp/hard\libc_nano.a(lib_a-strcpy.o)
 .ARM.attributes
                0x0000000000000623       0x17 c:/st/stm32cubeide_1.11.0/stm32cubeide/plugins/com.st.stm32cube.ide.mcu.externaltools.gnu-tools-for-stm32.10.3-2021.10.win32_1.0.100.202210260954/tools/bin/../lib/gcc/arm-none-eabi/10.3.1/../../../../arm-none-eabi/lib/thumb/v7e-m+fp/hard\libc_nano.a(lib_a-strlen.o)
 .ARM.attributes
                0x000000000000063a       0x34 c:/st/stm32cubeide_1.11.0/stm32cubeide/plugins/com.st.stm32cube.ide.mcu.externaltools.gnu-tools-for-stm32.10.3-2021.10.win32_1.0.100.202210260954/tools/bin/../lib/gcc/arm-none-eabi/10.3.1/../../../../arm-none-eabi/lib/thumb/v7e-m+fp/hard\libc_nano.a(lib_a-strtol.o)
 .ARM.attributes
                0x000000000000066e       0x34 c:/st/stm32cubeide_1.11.0/stm32cubeide/plugins/com.st.stm32cube.ide.mcu.externaltools.gnu-tools-for-stm32.10.3-2021.10.win32_1.0.100.202210260954/tools/bin/../lib/gcc/arm-none-eabi/10.3.1/../../../../arm-none-eabi/lib/thumb/v7e-m+fp/hard\libc_nano.a(lib_a-ctype_.o)
 .ARM.attributes
                0x00000000000006a2       0x34 c:/st/stm32cubeide_1.11.0/stm32cubeide/plugins/com.st.stm32cube.ide.mcu.externaltools.gnu-tools-for-stm32.10.3-2021.10.win32_1.0.100.202210260954/tools/bin/../lib/gcc/arm-none-eabi/10.3.1/../../../../arm-none-eabi/lib/thumb/v7e-m+fp/hard\libc_nano.a(lib_a-nano-svfprintf.o)
 .ARM.attributes
                0x00000000000006d6       0x34 c:/st/stm32cubeide_1.11.0/stm32cubeide/plugins/com.st.stm32cube.ide.mcu.externaltools.gnu-tools-for-stm32.10.3-2021.10.win32_1.0.100.202210260954/tools/bin/../lib/gcc/arm-none-eabi/10.3.1/../../../../arm-none-eabi/lib/thumb/v7e-m+fp/hard\libc_nano.a(lib_a-nano-vfprintf_i.o)
 .ARM.attributes
                0x000000000000070a       0x1c c:/st/stm32cubeide_1.11.0/stm32cubeide/plugins/com.st.stm32cube.ide.mcu.externaltools.gnu-tools-for-stm32.10.3-2021.10.win32_1.0.100.202210260954/tools/bin/../lib/gcc/arm-none-eabi/10.3.1/../../../../arm-none-eabi/lib/thumb/v7e-m+fp/hard\libc_nano.a(lib_a-memchr.o)
 .ARM.attributes
                0x0000000000000726       0x34 c:/st/stm32cubeide_1.11.0/stm32cubeide/plugins/com.st.stm32cube.ide.mcu.externaltools.gnu-tools-for-stm32.10.3-2021.10.win32_1.0.100.202210260954/tools/bin/../lib/gcc/arm-none-eabi/10.3.1/../../../../arm-none-eabi/lib/thumb/v7e-m+fp/hard\libc_nano.a(lib_a-memmove.o)
 .ARM.attributes
                0x000000000000075a       0x34 c:/st/stm32cubeide_1.11.0/stm32cubeide/plugins/com.st.stm32cube.ide.mcu.externaltools.gnu-tools-for-stm32.10.3-2021.10.win32_1.0.100.202210260954/tools/bin/../lib/gcc/arm-none-eabi/10.3.1/../../../../arm-none-eabi/lib/thumb/v7e-m+fp/hard\libc_nano.a(lib_a-nano-freer.o)
 .ARM.attributes
                0x000000000000078e       0x34 c:/st/stm32cubeide_1.11.0/stm32cubeide/plugins/com.st.stm32cube.ide.mcu.externaltools.gnu-tools-for-stm32.10.3-2021.10.win32_1.0.100.202210260954/tools/bin/../lib/gcc/arm-none-eabi/10.3.1/../../../../arm-none-eabi/lib/thumb/v7e-m+fp/hard\libc_nano.a(lib_a-nano-mallocr.o)
 .ARM.attributes
                0x00000000000007c2       0x34 c:/st/stm32cubeide_1.11.0/stm32cubeide/plugins/com.st.stm32cube.ide.mcu.externaltools.gnu-tools-for-stm32.10.3-2021.10.win32_1.0.100.202210260954/tools/bin/../lib/gcc/arm-none-eabi/10.3.1/../../../../arm-none-eabi/lib/thumb/v7e-m+fp/hard\libc_nano.a(lib_a-nano-reallocr.o)
 .ARM.attributes
                0x00000000000007f6       0x34 c:/st/stm32cubeide_1.11.0/stm32cubeide/plugins/com.st.stm32cube.ide.mcu.externaltools.gnu-tools-for-stm32.10.3-2021.10.win32_1.0.100.202210260954/tools/bin/../lib/gcc/arm-none-eabi/10.3.1/../../../../arm-none-eabi/lib/thumb/v7e-m+fp/hard\libc_nano.a(lib_a-sbrkr.o)
 .ARM.attributes
                0x000000000000082a       0x34 c:/st/stm32cubeide_1.11.0/stm32cubeide/plugins/com.st.stm32cube.ide.mcu.externaltools.gnu-tools-for-stm32.10.3-2021.10.win32_1.0.100.202210260954/tools/bin/../lib/gcc/arm-none-eabi/10.3.1/../../../../arm-none-eabi/lib/thumb/v7e-m+fp/hard\libc_nano.a(lib_a-mlock.o)
 .ARM.attributes
                0x000000000000085e       0x34 c:/st/stm32cubeide_1.11.0/stm32cubeide/plugins/com.st.stm32cube.ide.mcu.externaltools.gnu-tools-for-stm32.10.3-2021.10.win32_1.0.100.202210260954/tools/bin/../lib/gcc/arm-none-eabi/10.3.1/../../../../arm-none-eabi/lib/thumb/v7e-m+fp/hard\libc_nano.a(lib_a-nano-msizer.o)
 .ARM.attributes
                0x0000000000000892       0x34 c:/st/stm32cubeide_1.11.0/stm32cubeide/plugins/com.st.stm32cube.ide.mcu.externaltools.gnu-tools-for-stm32.10.3-2021.10.win32_1.0.100.202210260954/tools/bin/../lib/gcc/arm-none-eabi/10.3.1/../../../../arm-none-eabi/lib/thumb/v7e-m+fp/hard\libc_nano.a(lib_a-reent.o)
 .ARM.attributes
                0x00000000000008c6       0x34 c:/st/stm32cubeide_1.11.0/stm32cubeide/plugins/com.st.stm32cube.ide.mcu.externaltools.gnu-tools-for-stm32.10.3-2021.10.win32_1.0.100.202210260954/tools/bin/../lib/gcc/arm-none-eabi/10.3.1/../../../../arm-none-eabi/lib/thumb/v7e-m+fp/hard\libc_nano.a(lib_a-lock.o)
 .ARM.attributes
                0x00000000000008fa       0x1e c:/st/stm32cubeide_1.11.0/stm32cubeide/plugins/com.st.stm32cube.ide.mcu.externaltools.gnu-tools-for-stm32.10.3-2021.10.win32_1.0.100.202210260954/tools/bin/../lib/gcc/arm-none-eabi/10.3.1/thumb/v7e-m+fp/hard\libgcc.a(_aeabi_uldivmod.o)
 .ARM.attributes
                0x0000000000000918       0x34 c:/st/stm32cubeide_1.11.0/stm32cubeide/plugins/com.st.stm32cube.ide.mcu.externaltools.gnu-tools-for-stm32.10.3-2021.10.win32_1.0.100.202210260954/tools/bin/../lib/gcc/arm-none-eabi/10.3.1/thumb/v7e-m+fp/hard\libgcc.a(_udivmoddi4.o)
 .ARM.attributes
                0x000000000000094c       0x1e c:/st/stm32cubeide_1.11.0/stm32cubeide/plugins/com.st.stm32cube.ide.mcu.externaltools.gnu-tools-for-stm32.10.3-2021.10.win32_1.0.100.202210260954/tools/bin/../lib/gcc/arm-none-eabi/10.3.1/thumb/v7e-m+fp/hard\libgcc.a(_dvmd_tls.o)
 .ARM.attributes
                0x000000000000096a       0x1e c:/st/stm32cubeide_1.11.0/stm32cubeide/plugins/com.st.stm32cube.ide.mcu.externaltools.gnu-tools-for-stm32.10.3-2021.10.win32_1.0.100.202210260954/tools/bin/../lib/gcc/arm-none-eabi/10.3.1/thumb/v7e-m+fp/hard/crtn.o
OUTPUT(Test.elf elf32-littlearm)
LOAD linker stubs
LOAD c:/st/stm32cubeide_1.11.0/stm32cubeide/plugins/com.st.stm32cube.ide.mcu.externaltools.gnu-tools-for-stm32.10.3-2021.10.win32_1.0.100.202210260954/tools/bin/../lib/gcc/arm-none-eabi/10.3.1/../../../../arm-none-eabi/lib/thumb/v7e-m+fp/hard\libc.a
LOAD c:/st/stm32cubeide_1.11.0/stm32cubeide/plugins/com.st.stm32cube.ide.mcu.externaltools.gnu-tools-for-stm32.10.3-2021.10.win32_1.0.100.202210260954/tools/bin/../lib/gcc/arm-none-eabi/10.3.1/../../../../arm-none-eabi/lib/thumb/v7e-m+fp/hard\libm.a
LOAD c:/st/stm32cubeide_1.11.0/stm32cubeide/plugins/com.st.stm32cube.ide.mcu.externaltools.gnu-tools-for-stm32.10.3-2021.10.win32_1.0.100.202210260954/tools/bin/../lib/gcc/arm-none-eabi/10.3.1/thumb/v7e-m+fp/hard\libgcc.a

.debug_info     0x0000000000000000    0x152e2
 .debug_info    0x0000000000000000      0x7ad ./Core/Src/TOF_manager.o
 .debug_info    0x00000000000007ad      0x23f ./Core/Src/globals.o
 .debug_info    0x00000000000009ec     0x1e8b ./Core/Src/main.o
 .debug_info    0x0000000000002877      0x863 ./Core/Src/motor_control.o
 .debug_info    0x00000000000030da     0x1aca ./Core/Src/stm32f4xx_hal_msp.o
 .debug_info    0x0000000000004ba4      0x9d0 ./Core/Src/stm32f4xx_it.o
 .debug_info    0x0000000000005574      0x171 ./Core/Src/sysmem.o
 .debug_info    0x00000000000056e5      0x54f ./Core/Src/system_stm32f4xx.o
 .debug_info    0x0000000000005c34      0x789 ./Core/Src/uart_driver.o
 .debug_info    0x00000000000063bd       0x22 ./Core/Startup/startup_stm32f411ceux.o
 .debug_info    0x00000000000063df      0x90d ./Drivers/STM32F4xx_HAL_Driver/stm32f4xx_hal.o
 .debug_info    0x0000000000006cec      0xd68 ./Drivers/STM32F4xx_HAL_Driver/stm32f4xx_hal_adc.o
 .debug_info    0x0000000000007a54      0xd8b ./Drivers/STM32F4xx_HAL_Driver/stm32f4xx_hal_cortex.o
 .debug_info    0x00000000000087df      0x947 ./Drivers/STM32F4xx_HAL_Driver/stm32f4xx_hal_dma.o
 .debug_info    0x0000000000009126      0x78e ./Drivers/STM32F4xx_HAL_Driver/stm32f4xx_hal_gpio.o
 .debug_info    0x00000000000098b4     0x260f ./Drivers/STM32F4xx_HAL_Driver/stm32f4xx_hal_i2c.o
 .debug_info    0x000000000000bec3      0x98d ./Drivers/STM32F4xx_HAL_Driver/stm32f4xx_hal_rcc.o
 .debug_info    0x000000000000c850     0x1750 ./Drivers/STM32F4xx_HAL_Driver/stm32f4xx_hal_spi.o
 .debug_info    0x000000000000dfa0     0x2bb6 ./Drivers/STM32F4xx_HAL_Driver/stm32f4xx_hal_tim.o
 .debug_info    0x0000000000010b56     0x15d8 ./Drivers/STM32F4xx_HAL_Driver/stm32f4xx_hal_tim_ex.o
 .debug_info    0x000000000001212e     0x31b4 ./Drivers/STM32F4xx_HAL_Driver/stm32f4xx_hal_uart.o

.debug_abbrev   0x0000000000000000     0x28b6
 .debug_abbrev  0x0000000000000000      0x1c2 ./Core/Src/TOF_manager.o
 .debug_abbrev  0x00000000000001c2       0x64 ./Core/Src/globals.o
 .debug_abbrev  0x0000000000000226      0x2a3 ./Core/Src/main.o
 .debug_abbrev  0x00000000000004c9      0x195 ./Core/Src/motor_control.o
 .debug_abbrev  0x000000000000065e      0x226 ./Core/Src/stm32f4xx_hal_msp.o
 .debug_abbrev  0x0000000000000884      0x191 ./Core/Src/stm32f4xx_it.o
 .debug_abbrev  0x0000000000000a15       0xbb ./Core/Src/sysmem.o
 .debug_abbrev  0x0000000000000ad0      0x116 ./Core/Src/system_stm32f4xx.o
 .debug_abbrev  0x0000000000000be6      0x1de ./Core/Src/uart_driver.o
 .debug_abbrev  0x0000000000000dc4       0x12 ./Core/Startup/startup_stm32f411ceux.o
 .debug_abbrev  0x0000000000000dd6      0x23e ./Drivers/STM32F4xx_HAL_Driver/stm32f4xx_hal.o
 .debug_abbrev  0x0000000000001014      0x204 ./Drivers/STM32F4xx_HAL_Driver/stm32f4xx_hal_adc.o
 .debug_abbrev  0x0000000000001218      0x316 ./Drivers/STM32F4xx_HAL_Driver/stm32f4xx_hal_cortex.o
 .debug_abbrev  0x000000000000152e      0x21b ./Drivers/STM32F4xx_HAL_Driver/stm32f4xx_hal_dma.o
 .debug_abbrev  0x0000000000001749      0x1c4 ./Drivers/STM32F4xx_HAL_Driver/stm32f4xx_hal_gpio.o
 .debug_abbrev  0x000000000000190d      0x2a8 ./Drivers/STM32F4xx_HAL_Driver/stm32f4xx_hal_i2c.o
 .debug_abbrev  0x0000000000001bb5      0x2aa ./Drivers/STM32F4xx_HAL_Driver/stm32f4xx_hal_rcc.o
 .debug_abbrev  0x0000000000001e5f      0x26e ./Drivers/STM32F4xx_HAL_Driver/stm32f4xx_hal_spi.o
 .debug_abbrev  0x00000000000020cd      0x26e ./Drivers/STM32F4xx_HAL_Driver/stm32f4xx_hal_tim.o
 .debug_abbrev  0x000000000000233b      0x276 ./Drivers/STM32F4xx_HAL_Driver/stm32f4xx_hal_tim_ex.o
 .debug_abbrev  0x00000000000025b1      0x305 ./Drivers/STM32F4xx_HAL_Driver/stm32f4xx_hal_uart.o

.debug_aranges  0x0000000000000000     0x12f0
 .debug_aranges
                0x0000000000000000       0x40 ./Core/Src/TOF_manager.o
 .debug_aranges
                0x0000000000000040       0x18 ./Core/Src/globals.o
 .debug_aranges
                0x0000000000000058       0x88 ./Core/Src/main.o
 .debug_aranges
                0x00000000000000e0       0x40 ./Core/Src/motor_control.o
 .debug_aranges
                0x0000000000000120       0x88 ./Core/Src/stm32f4xx_hal_msp.o
 .debug_aranges
                0x00000000000001a8       0x98 ./Core/Src/stm32f4xx_it.o
 .debug_aranges
                0x0000000000000240       0x20 ./Core/Src/sysmem.o
 .debug_aranges
                0x0000000000000260       0x28 ./Core/Src/system_stm32f4xx.o
 .debug_aranges
                0x0000000000000288       0x38 ./Core/Src/uart_driver.o
 .debug_aranges
                0x00000000000002c0       0x28 ./Core/Startup/startup_stm32f411ceux.o
 .debug_aranges
                0x00000000000002e8       0xf0 ./Drivers/STM32F4xx_HAL_Driver/stm32f4xx_hal.o
 .debug_aranges
                0x00000000000003d8       0xe8 ./Drivers/STM32F4xx_HAL_Driver/stm32f4xx_hal_adc.o
 .debug_aranges
                0x00000000000004c0      0x118 ./Drivers/STM32F4xx_HAL_Driver/stm32f4xx_hal_cortex.o
 .debug_aranges
                0x00000000000005d8       0x90 ./Drivers/STM32F4xx_HAL_Driver/stm32f4xx_hal_dma.o
 .debug_aranges
                0x0000000000000668       0x58 ./Drivers/STM32F4xx_HAL_Driver/stm32f4xx_hal_gpio.o
 .debug_aranges
                0x00000000000006c0      0x2a0 ./Drivers/STM32F4xx_HAL_Driver/stm32f4xx_hal_i2c.o
 .debug_aranges
                0x0000000000000960       0x88 ./Drivers/STM32F4xx_HAL_Driver/stm32f4xx_hal_rcc.o
 .debug_aranges
                0x00000000000009e8      0x1d0 ./Drivers/STM32F4xx_HAL_Driver/stm32f4xx_hal_spi.o
 .debug_aranges
                0x0000000000000bb8      0x3d0 ./Drivers/STM32F4xx_HAL_Driver/stm32f4xx_hal_tim.o
 .debug_aranges
                0x0000000000000f88      0x168 ./Drivers/STM32F4xx_HAL_Driver/stm32f4xx_hal_tim_ex.o
 .debug_aranges
                0x00000000000010f0      0x200 ./Drivers/STM32F4xx_HAL_Driver/stm32f4xx_hal_uart.o

.debug_ranges   0x0000000000000000     0x11e8
 .debug_ranges  0x0000000000000000       0x30 ./Core/Src/TOF_manager.o
 .debug_ranges  0x0000000000000030       0x78 ./Core/Src/main.o
 .debug_ranges  0x00000000000000a8       0x30 ./Core/Src/motor_control.o
 .debug_ranges  0x00000000000000d8       0x78 ./Core/Src/stm32f4xx_hal_msp.o
 .debug_ranges  0x0000000000000150       0x88 ./Core/Src/stm32f4xx_it.o
 .debug_ranges  0x00000000000001d8       0x10 ./Core/Src/sysmem.o
 .debug_ranges  0x00000000000001e8       0x18 ./Core/Src/system_stm32f4xx.o
 .debug_ranges  0x0000000000000200       0x28 ./Core/Src/uart_driver.o
 .debug_ranges  0x0000000000000228       0x20 ./Core/Startup/startup_stm32f411ceux.o
 .debug_ranges  0x0000000000000248       0xe0 ./Drivers/STM32F4xx_HAL_Driver/stm32f4xx_hal.o
 .debug_ranges  0x0000000000000328       0xd8 ./Drivers/STM32F4xx_HAL_Driver/stm32f4xx_hal_adc.o
 .debug_ranges  0x0000000000000400      0x108 ./Drivers/STM32F4xx_HAL_Driver/stm32f4xx_hal_cortex.o
 .debug_ranges  0x0000000000000508       0x80 ./Drivers/STM32F4xx_HAL_Driver/stm32f4xx_hal_dma.o
 .debug_ranges  0x0000000000000588       0x48 ./Drivers/STM32F4xx_HAL_Driver/stm32f4xx_hal_gpio.o
 .debug_ranges  0x00000000000005d0      0x2a8 ./Drivers/STM32F4xx_HAL_Driver/stm32f4xx_hal_i2c.o
 .debug_ranges  0x0000000000000878       0x78 ./Drivers/STM32F4xx_HAL_Driver/stm32f4xx_hal_rcc.o
 .debug_ranges  0x00000000000008f0      0x1c0 ./Drivers/STM32F4xx_HAL_Driver/stm32f4xx_hal_spi.o
 .debug_ranges  0x0000000000000ab0      0x3c0 ./Drivers/STM32F4xx_HAL_Driver/stm32f4xx_hal_tim.o
 .debug_ranges  0x0000000000000e70      0x158 ./Drivers/STM32F4xx_HAL_Driver/stm32f4xx_hal_tim_ex.o
 .debug_ranges  0x0000000000000fc8      0x220 ./Drivers/STM32F4xx_HAL_Driver/stm32f4xx_hal_uart.o

.debug_macro    0x0000000000000000    0x1993b
 .debug_macro   0x0000000000000000      0x275 ./Core/Src/TOF_manager.o
 .debug_macro   0x0000000000000275      0xa78 ./Core/Src/TOF_manager.o
 .debug_macro   0x0000000000000ced       0x22 ./Core/Src/TOF_manager.o
 .debug_macro   0x0000000000000d0f       0x4c ./Core/Src/TOF_manager.o
 .debug_macro   0x0000000000000d5b       0x1e ./Core/Src/TOF_manager.o
 .debug_macro   0x0000000000000d79       0x94 ./Core/Src/TOF_manager.o
 .debug_macro   0x0000000000000e0d       0x3c ./Core/Src/TOF_manager.o
 .debug_macro   0x0000000000000e49      0x103 ./Core/Src/TOF_manager.o
 .debug_macro   0x0000000000000f4c       0x3a ./Core/Src/TOF_manager.o
 .debug_macro   0x0000000000000f86       0x57 ./Core/Src/TOF_manager.o
 .debug_macro   0x0000000000000fdd       0x6a ./Core/Src/TOF_manager.o
 .debug_macro   0x0000000000001047      0x1df ./Core/Src/TOF_manager.o
 .debug_macro   0x0000000000001226       0x82 ./Core/Src/TOF_manager.o
 .debug_macro   0x00000000000012a8      0x460 ./Core/Src/TOF_manager.o
 .debug_macro   0x0000000000001708      0x2ad ./Core/Src/TOF_manager.o
 .debug_macro   0x00000000000019b5       0x2e ./Core/Src/TOF_manager.o
 .debug_macro   0x00000000000019e3       0x28 ./Core/Src/TOF_manager.o
 .debug_macro   0x0000000000001a0b       0x1c ./Core/Src/TOF_manager.o
 .debug_macro   0x0000000000001a27       0x22 ./Core/Src/TOF_manager.o
 .debug_macro   0x0000000000001a49       0xd9 ./Core/Src/TOF_manager.o
 .debug_macro   0x0000000000001b22     0x102d ./Core/Src/TOF_manager.o
 .debug_macro   0x0000000000002b4f      0x11f ./Core/Src/TOF_manager.o
 .debug_macro   0x0000000000002c6e     0xb953 ./Core/Src/TOF_manager.o
 .debug_macro   0x000000000000e5c1       0x6d ./Core/Src/TOF_manager.o
 .debug_macro   0x000000000000e62e     0x367e ./Core/Src/TOF_manager.o
 .debug_macro   0x0000000000011cac      0x104 ./Core/Src/TOF_manager.o
 .debug_macro   0x0000000000011db0       0x5c ./Core/Src/TOF_manager.o
 .debug_macro   0x0000000000011e0c      0x447 ./Core/Src/TOF_manager.o
 .debug_macro   0x0000000000012253      0x9fe ./Core/Src/TOF_manager.o
 .debug_macro   0x0000000000012c51      0x115 ./Core/Src/TOF_manager.o
 .debug_macro   0x0000000000012d66      0x11b ./Core/Src/TOF_manager.o
 .debug_macro   0x0000000000012e81       0xa5 ./Core/Src/TOF_manager.o
 .debug_macro   0x0000000000012f26      0x15f ./Core/Src/TOF_manager.o
 .debug_macro   0x0000000000013085      0x287 ./Core/Src/TOF_manager.o
 .debug_macro   0x000000000001330c       0x5f ./Core/Src/TOF_manager.o
 .debug_macro   0x000000000001336b      0x236 ./Core/Src/TOF_manager.o
 .debug_macro   0x00000000000135a1      0x9e1 ./Core/Src/TOF_manager.o
 .debug_macro   0x0000000000013f82      0x38b ./Core/Src/TOF_manager.o
 .debug_macro   0x000000000001430d      0x17d ./Core/Src/TOF_manager.o
 .debug_macro   0x000000000001448a       0xf9 ./Core/Src/TOF_manager.o
 .debug_macro   0x0000000000014583      0x132 ./Core/Src/TOF_manager.o
 .debug_macro   0x00000000000146b5      0x264 ./Core/Src/TOF_manager.o
 .debug_macro   0x0000000000014919       0x2e ./Core/Src/TOF_manager.o
 .debug_macro   0x0000000000014947      0x1b5 ./Core/Src/TOF_manager.o
 .debug_macro   0x0000000000014afc       0x22 ./Core/Src/TOF_manager.o
 .debug_macro   0x0000000000014b1e       0xd6 ./Core/Src/TOF_manager.o
 .debug_macro   0x0000000000014bf4      0x11a ./Core/Src/TOF_manager.o
 .debug_macro   0x0000000000014d0e       0x85 ./Core/Src/TOF_manager.o
 .debug_macro   0x0000000000014d93       0x89 ./Core/Src/TOF_manager.o
 .debug_macro   0x0000000000014e1c      0x225 ./Core/Src/TOF_manager.o
 .debug_macro   0x0000000000015041      0x8e6 ./Core/Src/TOF_manager.o
 .debug_macro   0x0000000000015927       0x47 ./Core/Src/TOF_manager.o
 .debug_macro   0x000000000001596e      0x295 ./Core/Src/TOF_manager.o
 .debug_macro   0x0000000000015c03      0x126 ./Core/Src/TOF_manager.o
 .debug_macro   0x0000000000015d29       0xb8 ./Core/Src/globals.o
 .debug_macro   0x0000000000015de1       0x70 ./Core/Src/globals.o
 .debug_macro   0x0000000000015e51      0x3f9 ./Core/Src/main.o
 .debug_macro   0x000000000001624a       0x8e ./Core/Src/main.o
 .debug_macro   0x00000000000162d8       0x51 ./Core/Src/main.o
 .debug_macro   0x0000000000016329      0x174 ./Core/Src/main.o
 .debug_macro   0x000000000001649d       0x88 ./Core/Src/main.o
 .debug_macro   0x0000000000016525       0x52 ./Core/Src/main.o
 .debug_macro   0x0000000000016577       0x34 ./Core/Src/main.o
 .debug_macro   0x00000000000165ab       0x16 ./Core/Src/main.o
 .debug_macro   0x00000000000165c1       0x35 ./Core/Src/main.o
 .debug_macro   0x00000000000165f6      0x341 ./Core/Src/main.o
 .debug_macro   0x0000000000016937       0x10 ./Core/Src/main.o
 .debug_macro   0x0000000000016947       0x16 ./Core/Src/main.o
 .debug_macro   0x000000000001695d       0x43 ./Core/Src/main.o
 .debug_macro   0x00000000000169a0       0x34 ./Core/Src/main.o
 .debug_macro   0x00000000000169d4       0x10 ./Core/Src/main.o
 .debug_macro   0x00000000000169e4       0x58 ./Core/Src/main.o
 .debug_macro   0x0000000000016a3c       0x71 ./Core/Src/main.o
 .debug_macro   0x0000000000016aad       0x1c ./Core/Src/main.o
 .debug_macro   0x0000000000016ac9      0x12a ./Core/Src/main.o
 .debug_macro   0x0000000000016bf3       0x10 ./Core/Src/main.o
 .debug_macro   0x0000000000016c03       0x1c ./Core/Src/main.o
 .debug_macro   0x0000000000016c1f       0x52 ./Core/Src/main.o
 .debug_macro   0x0000000000016c71       0x22 ./Core/Src/main.o
 .debug_macro   0x0000000000016c93       0x10 ./Core/Src/main.o
 .debug_macro   0x0000000000016ca3       0x52 ./Core/Src/main.o
 .debug_macro   0x0000000000016cf5       0xd5 ./Core/Src/main.o
 .debug_macro   0x0000000000016dca       0x1c ./Core/Src/main.o
 .debug_macro   0x0000000000016de6       0x3d ./Core/Src/main.o
 .debug_macro   0x0000000000016e23       0x16 ./Core/Src/main.o
 .debug_macro   0x0000000000016e39      0x145 ./Core/Src/main.o
 .debug_macro   0x0000000000016f7e       0x10 ./Core/Src/main.o
 .debug_macro   0x0000000000016f8e       0x16 ./Core/Src/main.o
 .debug_macro   0x0000000000016fa4       0x20 ./Core/Src/main.o
 .debug_macro   0x0000000000016fc4      0x278 ./Core/Src/motor_control.o
 .debug_macro   0x000000000001723c      0x228 ./Core/Src/stm32f4xx_hal_msp.o
 .debug_macro   0x0000000000017464      0x23b ./Core/Src/stm32f4xx_it.o
 .debug_macro   0x000000000001769f       0xff ./Core/Src/sysmem.o
 .debug_macro   0x000000000001779e      0x23b ./Core/Src/sysmem.o
 .debug_macro   0x00000000000179d9      0x219 ./Core/Src/system_stm32f4xx.o
 .debug_macro   0x0000000000017bf2      0x41e ./Core/Src/uart_driver.o
 .debug_macro   0x0000000000018010       0x10 ./Core/Src/uart_driver.o
 .debug_macro   0x0000000000018020      0x11f ./Core/Src/uart_driver.o
 .debug_macro   0x000000000001813f      0x279 ./Drivers/STM32F4xx_HAL_Driver/stm32f4xx_hal.o
 .debug_macro   0x00000000000183b8      0x21a ./Drivers/STM32F4xx_HAL_Driver/stm32f4xx_hal_adc.o
 .debug_macro   0x00000000000185d2      0x219 ./Drivers/STM32F4xx_HAL_Driver/stm32f4xx_hal_cortex.o
 .debug_macro   0x00000000000187eb      0x21f ./Drivers/STM32F4xx_HAL_Driver/stm32f4xx_hal_dma.o
 .debug_macro   0x0000000000018a0a      0x21f ./Drivers/STM32F4xx_HAL_Driver/stm32f4xx_hal_gpio.o
 .debug_macro   0x0000000000018c29      0x260 ./Drivers/STM32F4xx_HAL_Driver/stm32f4xx_hal_i2c.o
 .debug_macro   0x0000000000018e89      0x23d ./Drivers/STM32F4xx_HAL_Driver/stm32f4xx_hal_rcc.o
 .debug_macro   0x00000000000190c6      0x228 ./Drivers/STM32F4xx_HAL_Driver/stm32f4xx_hal_spi.o
 .debug_macro   0x00000000000192ee      0x21a ./Drivers/STM32F4xx_HAL_Driver/stm32f4xx_hal_tim.o
 .debug_macro   0x0000000000019508      0x219 ./Drivers/STM32F4xx_HAL_Driver/stm32f4xx_hal_tim_ex.o
 .debug_macro   0x0000000000019721      0x21a ./Drivers/STM32F4xx_HAL_Driver/stm32f4xx_hal_uart.o

.debug_line     0x0000000000000000    0x18650
 .debug_line    0x0000000000000000      0xa91 ./Core/Src/TOF_manager.o
 .debug_line    0x0000000000000a91      0x49b ./Core/Src/globals.o
 .debug_line    0x0000000000000f2c      0xf0c ./Core/Src/main.o
 .debug_line    0x0000000000001e38      0xb33 ./Core/Src/motor_control.o
 .debug_line    0x000000000000296b      0xb5d ./Core/Src/stm32f4xx_hal_msp.o
 .debug_line    0x00000000000034c8      0x9ae ./Core/Src/stm32f4xx_it.o
 .debug_line    0x0000000000003e76      0x4f4 ./Core/Src/sysmem.o
 .debug_line    0x000000000000436a      0x8b8 ./Core/Src/system_stm32f4xx.o
 .debug_line    0x0000000000004c22      0xb2a ./Core/Src/uart_driver.o
 .debug_line    0x000000000000574c       0x88 ./Core/Startup/startup_stm32f411ceux.o
 .debug_line    0x00000000000057d4      0xb57 ./Drivers/STM32F4xx_HAL_Driver/stm32f4xx_hal.o
 .debug_line    0x000000000000632b     0x1307 ./Drivers/STM32F4xx_HAL_Driver/stm32f4xx_hal_adc.o
 .debug_line    0x0000000000007632      0xe06 ./Drivers/STM32F4xx_HAL_Driver/stm32f4xx_hal_cortex.o
 .debug_line    0x0000000000008438     0x10bb ./Drivers/STM32F4xx_HAL_Driver/stm32f4xx_hal_dma.o
 .debug_line    0x00000000000094f3      0xc8f ./Drivers/STM32F4xx_HAL_Driver/stm32f4xx_hal_gpio.o
 .debug_line    0x000000000000a182     0x3b0c ./Drivers/STM32F4xx_HAL_Driver/stm32f4xx_hal_i2c.o
 .debug_line    0x000000000000dc8e      0xed1 ./Drivers/STM32F4xx_HAL_Driver/stm32f4xx_hal_rcc.o
 .debug_line    0x000000000000eb5f     0x1de1 ./Drivers/STM32F4xx_HAL_Driver/stm32f4xx_hal_spi.o
 .debug_line    0x0000000000010940     0x3625 ./Drivers/STM32F4xx_HAL_Driver/stm32f4xx_hal_tim.o
 .debug_line    0x0000000000013f65     0x1aef ./Drivers/STM32F4xx_HAL_Driver/stm32f4xx_hal_tim_ex.o
 .debug_line    0x0000000000015a54     0x2bfc ./Drivers/STM32F4xx_HAL_Driver/stm32f4xx_hal_uart.o

.debug_str      0x0000000000000000    0xa04cf
 .debug_str     0x0000000000000000    0x96655 ./Core/Src/TOF_manager.o
                                      0x96943 (size before relaxing)
 .debug_str     0x0000000000096655      0x1fa ./Core/Src/globals.o
                                       0x5268 (size before relaxing)
 .debug_str     0x000000000009684f     0x4c03 ./Core/Src/main.o
                                      0x9b718 (size before relaxing)
 .debug_str     0x000000000009b452       0x84 ./Core/Src/motor_control.o
                                      0x96b20 (size before relaxing)
 .debug_str     0x000000000009b4d6      0x527 ./Core/Src/stm32f4xx_hal_msp.o
                                      0x9659c (size before relaxing)
 .debug_str     0x000000000009b9fd      0x18d ./Core/Src/stm32f4xx_it.o
                                      0x95b8c (size before relaxing)
 .debug_str     0x000000000009bb8a      0x4da ./Core/Src/sysmem.o
                                       0x5db0 (size before relaxing)
 .debug_str     0x000000000009c064       0xdb ./Core/Src/system_stm32f4xx.o
                                      0x951ca (size before relaxing)
 .debug_str     0x000000000009c13f      0x97a ./Core/Src/uart_driver.o
                                      0x9adb6 (size before relaxing)
 .debug_str     0x000000000009cab9       0x36 ./Core/Startup/startup_stm32f411ceux.o
                                         0x72 (size before relaxing)
 .debug_str     0x000000000009caef      0x630 ./Drivers/STM32F4xx_HAL_Driver/stm32f4xx_hal.o
                                      0x95c2f (size before relaxing)
 .debug_str     0x000000000009d11f      0x304 ./Drivers/STM32F4xx_HAL_Driver/stm32f4xx_hal_adc.o
                                      0x957de (size before relaxing)
 .debug_str     0x000000000009d423      0x355 ./Drivers/STM32F4xx_HAL_Driver/stm32f4xx_hal_cortex.o
                                      0x95950 (size before relaxing)
 .debug_str     0x000000000009d778      0x32f ./Drivers/STM32F4xx_HAL_Driver/stm32f4xx_hal_dma.o
                                      0x9560b (size before relaxing)
 .debug_str     0x000000000009daa7      0x147 ./Drivers/STM32F4xx_HAL_Driver/stm32f4xx_hal_gpio.o
                                      0x9537e (size before relaxing)
 .debug_str     0x000000000009dbee      0xa82 ./Drivers/STM32F4xx_HAL_Driver/stm32f4xx_hal_i2c.o
                                      0x961c1 (size before relaxing)
 .debug_str     0x000000000009e670      0x24c ./Drivers/STM32F4xx_HAL_Driver/stm32f4xx_hal_rcc.o
                                      0x95637 (size before relaxing)
 .debug_str     0x000000000009e8bc      0x58b ./Drivers/STM32F4xx_HAL_Driver/stm32f4xx_hal_spi.o
                                      0x95ab5 (size before relaxing)
 .debug_str     0x000000000009ee47      0xc9c ./Drivers/STM32F4xx_HAL_Driver/stm32f4xx_hal_tim.o
                                      0x9656b (size before relaxing)
 .debug_str     0x000000000009fae3      0x41a ./Drivers/STM32F4xx_HAL_Driver/stm32f4xx_hal_tim_ex.o
                                      0x95d87 (size before relaxing)
 .debug_str     0x000000000009fefd      0x5d2 ./Drivers/STM32F4xx_HAL_Driver/stm32f4xx_hal_uart.o
                                      0x95bc4 (size before relaxing)

.comment        0x0000000000000000       0x50
 .comment       0x0000000000000000       0x50 ./Core/Src/TOF_manager.o
                                         0x51 (size before relaxing)