../Core/Src/main.c:85:5:main	8	static
../Core/Src/main.c:147:6:SystemClock_Config	88	static
../Core/Src/main.c:194:13:MX_ADC1_Init	24	static
../Core/Src/main.c:246:13:MX_I2C1_Init	8	static
../Core/Src/main.c:280:13:MX_I2C2_Init	8	static
../Core/Src/main.c:314:13:MX_I2C3_Init	8	static
../Core/Src/main.c:348:13:MX_SPI1_Init	8	static
../Core/Src/main.c:386:13:MX_TIM1_Init	96	static
../Core/Src/main.c:465:13:MX_TIM2_Init	64	static
../Core/Src/main.c:528:13:MX_TIM3_Init	56	static
../Core/Src/main.c:577:13:MX_TIM5_Init	56	static
../Core/Src/main.c:626:13:MX_GPIO_Init	40	static
../Core/Src/main.c:662:6:Error_Handler	4	static,ignoring_inline_asm
