../Core/Src/main.c:104:5:main	40	static
../Core/Src/main.c:192:6:SystemClock_Config	88	static
../Core/Src/main.c:239:13:MX_ADC1_Init	24	static
../Core/Src/main.c:291:13:MX_I2C1_Init	8	static
../Core/Src/main.c:325:13:MX_I2C2_Init	8	static
../Core/Src/main.c:359:13:MX_I2C3_Init	8	static
../Core/Src/main.c:393:13:MX_SPI2_Init	8	static
../Core/Src/main.c:431:13:MX_TIM1_Init	96	static
../Core/Src/main.c:510:13:MX_TIM2_Init	64	static
../Core/Src/main.c:573:13:MX_TIM3_Init	56	static
../Core/Src/main.c:622:13:MX_TIM5_Init	56	static
../Core/Src/main.c:671:13:MX_TIM11_Init	8	static
../Core/Src/main.c:702:13:MX_USART2_UART_Init	8	static
../Core/Src/main.c:735:13:MX_GPIO_Init	40	static
../Core/Src/main.c:781:6:Error_Handler	4	static,ignoring_inline_asm
