../Core/Src/stm32f4xx_it.c:75:6:NMI_Handler	4	static
../Core/Src/stm32f4xx_it.c:90:6:HardFault_Handler	4	static
../Core/Src/stm32f4xx_it.c:105:6:MemManage_Handler	4	static
../Core/Src/stm32f4xx_it.c:120:6:BusFault_Handler	4	static
../Core/Src/stm32f4xx_it.c:135:6:UsageFault_Handler	4	static
../Core/Src/stm32f4xx_it.c:150:6:SVC_Handler	4	static
../Core/Src/stm32f4xx_it.c:163:6:DebugMon_Handler	4	static
../Core/Src/stm32f4xx_it.c:176:6:PendSV_Handler	4	static
../Core/Src/stm32f4xx_it.c:189:6:SysTick_Handler	8	static
../Core/Src/stm32f4xx_it.c:210:6:TIM1_TRG_COM_TIM11_IRQHandler	8	static
../Core/Src/stm32f4xx_it.c:235:6:I2C1_EV_IRQHandler	8	static
../Core/Src/stm32f4xx_it.c:249:6:I2C1_ER_IRQHandler	8	static
../Core/Src/stm32f4xx_it.c:263:6:I2C2_EV_IRQHandler	8	static
../Core/Src/stm32f4xx_it.c:277:6:I2C2_ER_IRQHandler	8	static
../Core/Src/stm32f4xx_it.c:291:6:USART2_IRQHandler	8	static
../Core/Src/stm32f4xx_it.c:305:6:I2C3_EV_IRQHandler	8	static
../Core/Src/stm32f4xx_it.c:319:6:I2C3_ER_IRQHandler	8	static
